Component: ARM Compiler 5.06 update 6 (build 750) Tool: armlink [4d35ed]

==============================================================================

Section Cross References

    main.o(i.app_main) refers to stm32f10x_gpio.o(i.GPIO_ResetBits) for GPIO_ResetBits
    main.o(i.app_main) refers to main.o(i.delay) for delay
    main.o(i.app_main) refers to stm32f10x_gpio.o(i.GPIO_SetBits) for GPIO_SetBits
    main.o(i.main) refers to system_stm32f10x.o(i.SystemCoreClockUpdate) for SystemCoreClockUpdate
    main.o(i.main) refers to stm32f10x_rcc.o(i.RCC_APB2PeriphClockCmd) for RCC_APB2PeriphClockCmd
    main.o(i.main) refers to stm32f10x_gpio.o(i.GPIO_Init) for GPIO_Init
    main.o(i.main) refers to rtx_kernel.o(i.osKernelInitialize) for osKernelInitialize
    main.o(i.main) refers to rtx_thread.o(i.osThreadNew) for osThreadNew
    main.o(i.main) refers to rtx_kernel.o(i.osKernelStart) for osKernelStart
    main.o(i.main) refers to main.o(.constdata) for .constdata
    main.o(i.main) refers to main.o(i.app_main) for app_main
    irq_cm3.o(.text) refers to rtx_system.o(i.osRtxPendSV_Handler) for osRtxPendSV_Handler
    irq_cm3.o(.text) refers to rtx_system.o(i.osRtxTick_Handler) for osRtxTick_Handler
    irq_cm3.o(.text) refers to rtx_kernel.o(.data.os) for osRtxInfo
    irq_cm3.o(.text) refers to rtx_lib.o(.constdata) for osRtxUserSVC
    rtx_delay.o(i.osDelay) refers to rtx_evr.o(i.EvrRtxThreadDelay) for EvrRtxThreadDelay
    rtx_delay.o(i.osDelay) refers to rtx_delay.o(i.IsIrqMode) for IsIrqMode
    rtx_delay.o(i.osDelay) refers to rtx_delay.o(i.IsIrqMasked) for IsIrqMasked
    rtx_delay.o(i.osDelay) refers to rtx_evr.o(i.EvrRtxThreadError) for EvrRtxThreadError
    rtx_delay.o(i.osDelay) refers to rtx_delay.o(i.svcRtxDelay) for svcRtxDelay
    rtx_delay.o(i.osDelayUntil) refers to rtx_evr.o(i.EvrRtxThreadDelayUntil) for EvrRtxThreadDelayUntil
    rtx_delay.o(i.osDelayUntil) refers to rtx_delay.o(i.IsIrqMode) for IsIrqMode
    rtx_delay.o(i.osDelayUntil) refers to rtx_delay.o(i.IsIrqMasked) for IsIrqMasked
    rtx_delay.o(i.osDelayUntil) refers to rtx_evr.o(i.EvrRtxThreadError) for EvrRtxThreadError
    rtx_delay.o(i.osDelayUntil) refers to rtx_delay.o(i.svcRtxDelayUntil) for svcRtxDelayUntil
    rtx_delay.o(i.svcRtxDelay) refers to rtx_thread.o(i.osRtxThreadWaitEnter) for osRtxThreadWaitEnter
    rtx_delay.o(i.svcRtxDelay) refers to rtx_evr.o(i.EvrRtxThreadDelayCompleted) for EvrRtxThreadDelayCompleted
    rtx_delay.o(i.svcRtxDelayUntil) refers to rtx_evr.o(i.EvrRtxThreadError) for EvrRtxThreadError
    rtx_delay.o(i.svcRtxDelayUntil) refers to rtx_thread.o(i.osRtxThreadWaitEnter) for osRtxThreadWaitEnter
    rtx_delay.o(i.svcRtxDelayUntil) refers to rtx_evr.o(i.EvrRtxThreadDelayCompleted) for EvrRtxThreadDelayCompleted
    rtx_delay.o(i.svcRtxDelayUntil) refers to rtx_kernel.o(.data.os) for osRtxInfo
    rtx_evflags.o(i.EventFlagsCheck) refers to rtx_evflags.o(.emb_text) for __asm___13_rtx_evflags_c_e167c757__atomic_chk32_all
    rtx_evflags.o(i.EventFlagsClear) refers to rtx_evflags.o(.emb_text) for __asm___13_rtx_evflags_c_e167c757__atomic_clr32
    rtx_evflags.o(i.EventFlagsSet) refers to rtx_evflags.o(.emb_text) for __asm___13_rtx_evflags_c_e167c757__atomic_set32
    rtx_evflags.o(i.isrRtxEventFlagsWait) refers to rtx_evr.o(i.EvrRtxEventFlagsError) for EvrRtxEventFlagsError
    rtx_evflags.o(i.isrRtxEventFlagsWait) refers to rtx_evflags.o(i.EventFlagsCheck) for EventFlagsCheck
    rtx_evflags.o(i.isrRtxEventFlagsWait) refers to rtx_evr.o(i.EvrRtxEventFlagsWaitCompleted) for EvrRtxEventFlagsWaitCompleted
    rtx_evflags.o(i.isrRtxEventFlagsWait) refers to rtx_evr.o(i.EvrRtxEventFlagsWaitNotCompleted) for EvrRtxEventFlagsWaitNotCompleted
    rtx_evflags.o(i.osEventFlagsClear) refers to rtx_evr.o(i.EvrRtxEventFlagsClear) for EvrRtxEventFlagsClear
    rtx_evflags.o(i.osEventFlagsClear) refers to rtx_evflags.o(i.IsIrqMode) for IsIrqMode
    rtx_evflags.o(i.osEventFlagsClear) refers to rtx_evflags.o(i.IsIrqMasked) for IsIrqMasked
    rtx_evflags.o(i.osEventFlagsClear) refers to rtx_evflags.o(i.svcRtxEventFlagsClear) for svcRtxEventFlagsClear
    rtx_evflags.o(i.osEventFlagsDelete) refers to rtx_evr.o(i.EvrRtxEventFlagsDelete) for EvrRtxEventFlagsDelete
    rtx_evflags.o(i.osEventFlagsDelete) refers to rtx_evflags.o(i.IsIrqMode) for IsIrqMode
    rtx_evflags.o(i.osEventFlagsDelete) refers to rtx_evflags.o(i.IsIrqMasked) for IsIrqMasked
    rtx_evflags.o(i.osEventFlagsDelete) refers to rtx_evr.o(i.EvrRtxEventFlagsError) for EvrRtxEventFlagsError
    rtx_evflags.o(i.osEventFlagsDelete) refers to rtx_evflags.o(i.svcRtxEventFlagsDelete) for svcRtxEventFlagsDelete
    rtx_evflags.o(i.osEventFlagsGet) refers to rtx_evflags.o(i.IsIrqMode) for IsIrqMode
    rtx_evflags.o(i.osEventFlagsGet) refers to rtx_evflags.o(i.IsIrqMasked) for IsIrqMasked
    rtx_evflags.o(i.osEventFlagsGet) refers to rtx_evflags.o(i.svcRtxEventFlagsGet) for svcRtxEventFlagsGet
[...]
    i.EvrRtxMemoryBlockFree                  0x080009b0   Section        0  rtx_evr.o(i.EvrRtxMemoryBlockFree)
    i.EvrRtxMemoryBlockInit                  0x080009b2   Section        0  rtx_evr.o(i.EvrRtxMemoryBlockInit)
    i.EvrRtxMemoryFree                       0x080009b4   Section        0  rtx_evr.o(i.EvrRtxMemoryFree)
    i.EvrRtxMemoryInit                       0x080009b6   Section        0  rtx_evr.o(i.EvrRtxMemoryInit)
    i.EvrRtxMemoryPoolAllocTimeout           0x080009b8   Section        0  rtx_evr.o(i.EvrRtxMemoryPoolAllocTimeout)
    i.EvrRtxMessageQueueCreated              0x080009ba   Section        0  rtx_evr.o(i.EvrRtxMessageQueueCreated)
    i.EvrRtxMessageQueueError                0x080009bc   Section        0  rtx_evr.o(i.EvrRtxMessageQueueError)
    i.EvrRtxMessageQueueGet                  0x080009be   Section        0  rtx_evr.o(i.EvrRtxMessageQueueGet)
    i.EvrRtxMessageQueueGetPending           0x080009c0   Section        0  rtx_evr.o(i.EvrRtxMessageQueueGetPending)
    i.EvrRtxMessageQueueGetTimeout           0x080009c2   Section        0  rtx_evr.o(i.EvrRtxMessageQueueGetTimeout)
    i.EvrRtxMessageQueueInsertPending        0x080009c4   Section        0  rtx_evr.o(i.EvrRtxMessageQueueInsertPending)
    i.EvrRtxMessageQueueInserted             0x080009c6   Section        0  rtx_evr.o(i.EvrRtxMessageQueueInserted)
    i.EvrRtxMessageQueueNew                  0x080009c8   Section        0  rtx_evr.o(i.EvrRtxMessageQueueNew)
    i.EvrRtxMessageQueueNotInserted          0x080009ca   Section        0  rtx_evr.o(i.EvrRtxMessageQueueNotInserted)
    i.EvrRtxMessageQueueNotRetrieved         0x080009cc   Section        0  rtx_evr.o(i.EvrRtxMessageQueueNotRetrieved)
    i.EvrRtxMessageQueuePut                  0x080009ce   Section        0  rtx_evr.o(i.EvrRtxMessageQueuePut)
    i.EvrRtxMessageQueuePutPending           0x080009d0   Section        0  rtx_evr.o(i.EvrRtxMessageQueuePutPending)
    i.EvrRtxMessageQueuePutTimeout           0x080009d2   Section        0  rtx_evr.o(i.EvrRtxMessageQueuePutTimeout)
    i.EvrRtxMessageQueueRetrieved            0x080009d4   Section        0  rtx_evr.o(i.EvrRtxMessageQueueRetrieved)
    i.EvrRtxMutexAcquire                     0x080009d6   Section        0  rtx_evr.o(i.EvrRtxMutexAcquire)
    i.EvrRtxMutexAcquirePending              0x080009d8   Section        0  rtx_evr.o(i.EvrRtxMutexAcquirePending)
    i.EvrRtxMutexAcquireTimeout              0x080009da   Section        0  rtx_evr.o(i.EvrRtxMutexAcquireTimeout)
    i.EvrRtxMutexAcquired                    0x080009dc   Section        0  rtx_evr.o(i.EvrRtxMutexAcquired)
    i.EvrRtxMutexCreated                     0x080009de   Section        0  rtx_evr.o(i.EvrRtxMutexCreated)
    i.EvrRtxMutexDelete                      0x080009e0   Section        0  rtx_evr.o(i.EvrRtxMutexDelete)
    i.EvrRtxMutexDestroyed                   0x080009e2   Section        0  rtx_evr.o(i.EvrRtxMutexDestroyed)
    i.EvrRtxMutexError                       0x080009e4   Section        0  rtx_evr.o(i.EvrRtxMutexError)
    i.EvrRtxMutexNew                         0x080009e6   Section        0  rtx_evr.o(i.EvrRtxMutexNew)
    i.EvrRtxMutexNotAcquired                 0x080009e8   Section        0  rtx_evr.o(i.EvrRtxMutexNotAcquired)
    i.EvrRtxMutexRelease                     0x080009ea   Section        0  rtx_evr.o(i.EvrRtxMutexRelease)
    i.EvrRtxMutexReleased                    0x080009ec   Section        0  rtx_evr.o(i.EvrRtxMutexReleased)
    i.EvrRtxSemaphoreAcquireTimeout          0x080009ee   Section        0  rtx_evr.o(i.EvrRtxSemaphoreAcquireTimeout)
    i.EvrRtxThreadBlocked                    0x080009f0   Section        0  rtx_evr.o(i.EvrRtxThreadBlocked)
    i.EvrRtxThreadCreated                    0x080009f2   Section        0  rtx_evr.o(i.EvrRtxThreadCreated)
    i.EvrRtxThreadDelayCompleted             0x080009f4   Section        0  rtx_evr.o(i.EvrRtxThreadDelayCompleted)
    i.EvrRtxThreadDestroyed                  0x080009f6   Section        0  rtx_evr.o(i.EvrRtxThreadDestroyed)
    i.EvrRtxThreadError                      0x080009f8   Section        0  rtx_evr.o(i.EvrRtxThreadError)
    i.EvrRtxThreadExit                       0x080009fa   Section        0  rtx_evr.o(i.EvrRtxThreadExit)
    i.EvrRtxThreadFlagsWaitCompleted         0x080009fc   Section        0  rtx_evr.o(i.EvrRtxThreadFlagsWaitCompleted)
    i.EvrRtxThreadFlagsWaitTimeout           0x080009fe   Section        0  rtx_evr.o(i.EvrRtxThreadFlagsWaitTimeout)
    i.EvrRtxThreadJoined                     0x08000a00   Section        0  rtx_evr.o(i.EvrRtxThreadJoined)
    i.EvrRtxThreadNew                        0x08000a02   Section        0  rtx_evr.o(i.EvrRtxThreadNew)
    i.EvrRtxThreadPreempted                  0x08000a04   Section        0  rtx_evr.o(i.EvrRtxThreadPreempted)
    i.EvrRtxThreadSwitched                   0x08000a06   Section        0  rtx_evr.o(i.EvrRtxThreadSwitched)
    i.EvrRtxThreadUnblocked                  0x08000a08   Section        0  rtx_evr.o(i.EvrRtxThreadUnblocked)
    i.EvrRtxTimerCallback                    0x08000a0a   Section        0  rtx_evr.o(i.EvrRtxTimerCallback)
    i.GPIO_Init                              0x08000a0c   Section        0  stm32f10x_gpio.o(i.GPIO_Init)
    i.GPIO_ResetBits                         0x08000b22   Section        0  stm32f10x_gpio.o(i.GPIO_ResetBits)
    i.GPIO_SetBits                           0x08000b26   Section        0  stm32f10x_gpio.o(i.GPIO_SetBits)
    i.IsIrqMasked                            0x08000b2a   Section        0  rtx_kernel.o(i.IsIrqMasked)
    IsIrqMasked                              0x08000b2b   Thumb Code    24  rtx_kernel.o(i.IsIrqMasked)
    i.IsIrqMasked                            0x08000b42   Section        0  rtx_msgqueue.o(i.IsIrqMasked)
    IsIrqMasked                              0x08000b43   Thumb Code    24  rtx_msgqueue.o(i.IsIrqMasked)
    i.IsIrqMasked                            0x08000b5a   Section        0  rtx_mutex.o(i.IsIrqMasked)
    IsIrqMasked                              0x08000b5b   Thumb Code    24  rtx_mutex.o(i.IsIrqMasked)
    i.IsIrqMasked                            0x08000b72   Section        0  rtx_thread.o(i.IsIrqMasked)
    IsIrqMasked                              0x08000b73   Thumb Code    24  rtx_thread.o(i.IsIrqMasked)
    i.IsIrqMode                              0x08000b8a   Section        0  rtx_kernel.o(i.IsIrqMode)
    IsIrqMode                                0x08000b8b   Thumb Code    16  rtx_kernel.o(i.IsIrqMode)
    i.IsIrqMode                              0x08000b9a   Section        0  rtx_msgqueue.o(i.IsIrqMode)
    IsIrqMode                                0x08000b9b   Thumb Code    16  rtx_msgqueue.o(i.IsIrqMode)
    i.IsIrqMode                              0x08000baa   Section        0  rtx_mutex.o(i.IsIrqMode)
    IsIrqMode                                0x08000bab   Thumb Code    16  rtx_mutex.o(i.IsIrqMode)
    i.IsIrqMode                              0x08000bba   Section        0  rtx_thread.o(i.IsIrqMode)
    IsIrqMode                                0x08000bbb   Thumb Code    16  rtx_thread.o(i.IsIrqMode)
    i.IsPrivileged                           0x08000bca   Section        0  rtx_kernel.o(i.IsPrivileged)
    IsPrivileged                             0x08000bcb   Thumb Code    16  rtx_kernel.o(i.IsPrivileged)
    i.MemBlockPtr                            0x08000bda   Section        0  rtx_memory.o(i.MemBlockPtr)
    MemBlockPtr                              0x08000bdb   Thumb Code    10  rtx_memory.o(i.MemBlockPtr)
    i.MessageQueueGet                        0x08000be4   Section        0  rtx_msgqueue.o(i.MessageQueueGet)
    MessageQueueGet                          0x08000be5   Thumb Code    52  rtx_msgqueue.o(i.MessageQueueGet)
    i.MessageQueuePut                        0x08000c18   Section        0  rtx_msgqueue.o(i.MessageQueuePut)
    MessageQueuePut                          0x08000c19   Thumb Code    76  rtx_msgqueue.o(i.MessageQueuePut)
    i.MessageQueueRemove                     0x08000c64   Section        0  rtx_msgqueue.o(i.MessageQueueRemove)
    MessageQueueRemove                       0x08000c65   Thumb Code    34  rtx_msgqueue.o(i.MessageQueueRemove)
    i.OS_Tick_AcknowledgeIRQ                 0x08000c86   Section        0  os_systick.o(i.OS_Tick_AcknowledgeIRQ)
    i.OS_Tick_Enable                         0x08000c90   Section        0  os_systick.o(i.OS_Tick_Enable)
    i.OS_Tick_GetIRQn                        0x08000cc0   Section        0  os_systick.o(i.OS_Tick_GetIRQn)
    i.OS_Tick_Setup                          0x08000cc8   Section        0  os_systick.o(i.OS_Tick_Setup)
    i.RCC_APB2PeriphClockCmd                 0x08000d18   Section        0  stm32f10x_rcc.o(i.RCC_APB2PeriphClockCmd)
    i.SetSysClock                            0x08000d38   Section        0  system_stm32f10x.o(i.SetSysClock)
    SetSysClock                              0x08000d39   Thumb Code     8  system_stm32f10x.o(i.SetSysClock)
    i.SetSysClockTo72                        0x08000d40   Section        0  system_stm32f10x.o(i.SetSysClockTo72)
    SetSysClockTo72                          0x08000d41   Thumb Code   214  system_stm32f10x.o(i.SetSysClockTo72)
    i.SystemCoreClockUpdate                  0x08000e20   Section        0  system_stm32f10x.o(i.SystemCoreClockUpdate)
    i.SystemInit                             0x08000ec4   Section        0  system_stm32f10x.o(i.SystemInit)
    i.ThreadFlagsCheck                       0x08000f24   Section        0  rtx_thread.o(i.ThreadFlagsCheck)
    ThreadFlagsCheck                         0x08000f25   Thumb Code    86  rtx_thread.o(i.ThreadFlagsCheck)
    i.TimerInsert                            0x08000f7c   Section        0  rtx_timer.o(i.TimerInsert)
    TimerInsert                              0x08000f7d   Thumb Code    58  rtx_timer.o(i.TimerInsert)
    i.TimerUnlink                            0x08000fbc   Section        0  rtx_timer.o(i.TimerUnlink)
    TimerUnlink                              0x08000fbd   Thumb Code    18  rtx_timer.o(i.TimerUnlink)
    i._mutex_acquire                         0x08000fd4   Section        0  rtx_lib.o(i._mutex_acquire)
    __tagsym$$used                           0x08000fd5   Number         0  rtx_lib.o(i._mutex_acquire)
    i._mutex_free                            0x08000fea   Section        0  rtx_lib.o(i._mutex_free)
    __tagsym$$used                           0x08000feb   Number         0  rtx_lib.o(i._mutex_free)
    i._mutex_initialize                      0x08000ff6   Section        0  rtx_lib.o(i._mutex_initialize)
    __tagsym$$used                           0x08000ff7   Number         0  rtx_lib.o(i._mutex_initialize)
    i._mutex_release                         0x08001018   Section        0  rtx_lib.o(i._mutex_release)
    __tagsym$$used                           0x08001019   Number         0  rtx_lib.o(i._mutex_release)
    i._platform_post_stackheap_init          0x0800102a   Section        0  rtx_lib.o(i._platform_post_stackheap_init)
    i.app_main                               0x08001034   Section        0  main.o(i.app_main)
    i.delay                                  0x08001060   Section        0  main.o(i.delay)
    i.isrRtxMessageQueueGet                  0x0800106e   Section        0  rtx_msgqueue.o(i.isrRtxMessageQueueGet)
    isrRtxMessageQueueGet                    0x0800106f   Thumb Code   130  rtx_msgqueue.o(i.isrRtxMessageQueueGet)
    i.isrRtxMessageQueuePut                  0x080010f0   Section        0  rtx_msgqueue.o(i.isrRtxMessageQueuePut)
    isrRtxMessageQueuePut                    0x080010f1   Thumb Code   134  rtx_msgqueue.o(i.isrRtxMessageQueuePut)
    i.isr_queue_get                          0x08001178   Section        0  rtx_system.o(i.isr_queue_get)
    isr_queue_get                            0x08001179   Thumb Code    46  rtx_system.o(i.isr_queue_get)
    i.isr_queue_put                          0x080011ac   Section        0  rtx_system.o(i.isr_queue_put)
    isr_queue_put                            0x080011ad   Thumb Code    56  rtx_system.o(i.isr_queue_put)
    i.main                                   0x080011e8   Section        0  main.o(i.main)
    i.osKernelGetState                       0x08001230   Section        0  rtx_kernel.o(i.osKernelGetState)
    i.osKernelInitialize                     0x08001260   Section        0  rtx_kernel.o(i.osKernelInitialize)
    i.osKernelStart                          0x08001298   Section        0  rtx_kernel.o(i.osKernelStart)
    i.osMessageQueueGet                      0x080012cc   Section        0  rtx_msgqueue.o(i.osMessageQueueGet)
    i.osMessageQueueNew                      0x08001320   Section        0  rtx_msgqueue.o(i.osMessageQueueNew)
    i.osMessageQueuePut                      0x0800136c   Section        0  rtx_msgqueue.o(i.osMessageQueuePut)
    i.osMutexAcquire                         0x080013c0   Section        0  rtx_mutex.o(i.osMutexAcquire)
    i.osMutexDelete                          0x08001404   Section        0  rtx_mutex.o(i.osMutexDelete)
    i.osMutexNew                             0x08001440   Section        0  rtx_mutex.o(i.osMutexNew)
    i.osMutexRelease                         0x0800147c   Section        0  rtx_mutex.o(i.osMutexRelease)
    i.osRtxErrorNotify                       0x080014b8   Section        0  rtx_config.o(i.osRtxErrorNotify)
    i.osRtxIdleThread                        0x080014d8   Section        0  rtx_config.o(i.osRtxIdleThread)
    i.osRtxKernelGetState                    0x080014dc   Section        0  rtx_thread.o(i.osRtxKernelGetState)
    osRtxKernelGetState                      0x080014dd   Thumb Code     6  rtx_thread.o(i.osRtxKernelGetState)
    i.osRtxKernelPreInit                     0x080014e8   Section        0  rtx_lib.o(i.osRtxKernelPreInit)
    i.osRtxMemoryAlloc                       0x080014ea   Section        0  rtx_memory.o(i.osRtxMemoryAlloc)
    i.osRtxMemoryFree                        0x080015d8   Section        0  rtx_memory.o(i.osRtxMemoryFree)
    i.osRtxMemoryInit                        0x08001654   Section        0  rtx_memory.o(i.osRtxMemoryInit)
    i.osRtxMemoryPoolAlloc                   0x080016be   Section        0  rtx_mempool.o(i.osRtxMemoryPoolAlloc)
    i.osRtxMemoryPoolFree                    0x080016ee   Section        0  rtx_mempool.o(i.osRtxMemoryPoolFree)
    i.osRtxMemoryPoolInit                    0x08001732   Section        0  rtx_mempool.o(i.osRtxMemoryPoolInit)
    i.osRtxMessageQueuePostProcess           0x0800178a   Section        0  rtx_msgqueue.o(i.osRtxMessageQueuePostProcess)
    osRtxMessageQueuePostProcess             0x0800178b   Thumb Code   272  rtx_msgqueue.o(i.osRtxMessageQueuePostProcess)
    i.osRtxMutexOwnerRelease                 0x0800189a   Section        0  rtx_mutex.o(i.osRtxMutexOwnerRelease)
    i.osRtxPendSV_Handler                    0x080018f8   Section        0  rtx_system.o(i.osRtxPendSV_Handler)
    i.osRtxPostProcess                       0x0800197c   Section        0  rtx_system.o(i.osRtxPostProcess)
    i.osRtxThreadBlock                       0x080019b8   Section        0  rtx_thread.o(i.osRtxThreadBlock)
    osRtxThreadBlock                         0x080019b9   Thumb Code    58  rtx_thread.o(i.osRtxThreadBlock)
    i.osRtxThreadDelayInsert                 0x080019f8   Section        0  rtx_thread.o(i.osRtxThreadDelayInsert)
    osRtxThreadDelayInsert                   0x080019f9   Thumb Code    98  rtx_thread.o(i.osRtxThreadDelayInsert)
    i.osRtxThreadDelayRemove                 0x08001a60   Section        0  rtx_thread.o(i.osRtxThreadDelayRemove)
    osRtxThreadDelayRemove                   0x08001a61   Thumb Code   110  rtx_thread.o(i.osRtxThreadDelayRemove)
    i.osRtxThreadDelayTick                   0x08001ad4   Section        0  rtx_thread.o(i.osRtxThreadDelayTick)
    i.osRtxThreadDispatch                    0x08001bb0   Section        0  rtx_thread.o(i.osRtxThreadDispatch)
    i.osRtxThreadFree                        0x08001c20   Section        0  rtx_thread.o(i.osRtxThreadFree)
    osRtxThreadFree                          0x08001c21   Thumb Code    94  rtx_thread.o(i.osRtxThreadFree)
    i.osRtxThreadGetRunning                  0x08001c84   Section        0  rtx_thread.o(i.osRtxThreadGetRunning)
    osRtxThreadGetRunning                    0x08001c85   Thumb Code     6  rtx_thread.o(i.osRtxThreadGetRunning)
    i.osRtxThreadListGet                     0x08001c90   Section        0  rtx_thread.o(i.osRtxThreadListGet)
    i.osRtxThreadListPut                     0x08001cac   Section        0  rtx_thread.o(i.osRtxThreadListPut)
    i.osRtxThreadListRemove                  0x08001cde   Section        0  rtx_thread.o(i.osRtxThreadListRemove)
    i.osRtxThreadListRoot                    0x08001cf8   Section        0  rtx_thread.o(i.osRtxThreadListRoot)
    osRtxThreadListRoot                      0x08001cf9   Thumb Code    18  rtx_thread.o(i.osRtxThreadListRoot)
    i.osRtxThreadListSort                    0x08001d0a   Section        0  rtx_thread.o(i.osRtxThreadListSort)
    i.osRtxThreadPostProcess                 0x08001d34   Section        0  rtx_thread.o(i.osRtxThreadPostProcess)
    osRtxThreadPostProcess                   0x08001d35   Thumb Code    50  rtx_thread.o(i.osRtxThreadPostProcess)
    i.osRtxThreadReadyPut                    0x08001d68   Section        0  rtx_thread.o(i.osRtxThreadReadyPut)
    i.osRtxThreadRegPtr                      0x08001d80   Section        0  rtx_thread.o(i.osRtxThreadRegPtr)
    i.osRtxThreadSetRunning                  0x08001d90   Section        0  rtx_thread.o(i.osRtxThreadSetRunning)
    osRtxThreadSetRunning                    0x08001d91   Thumb Code     6  rtx_thread.o(i.osRtxThreadSetRunning)
    i.osRtxThreadStackCheck                  0x08001d9c   Section        0  rtx_thread.o(i.osRtxThreadStackCheck)
    i.osRtxThreadStartup                     0x08001dc8   Section        0  rtx_thread.o(i.osRtxThreadStartup)
    i.osRtxThreadSwitch                      0x08001e28   Section        0  rtx_thread.o(i.osRtxThreadSwitch)
    i.osRtxThreadWaitEnter                   0x08001e44   Section        0  rtx_thread.o(i.osRtxThreadWaitEnter)
    i.osRtxThreadWaitExit                    0x08001e98   Section        0  rtx_thread.o(i.osRtxThreadWaitExit)
    i.osRtxTick_Handler                      0x08001ed0   Section        0  rtx_system.o(i.osRtxTick_Handler)
    i.osRtxTimerThread                       0x08001f70   Section        0  rtx_timer.o(i.osRtxTimerThread)
    i.osRtxTimerTick                         0x08001fc8   Section        0  rtx_timer.o(i.osRtxTimerTick)
    osRtxTimerTick                           0x08001fc9   Thumb Code    88  rtx_timer.o(i.osRtxTimerTick)
    i.osThreadExit                           0x08002024   Section        0  rtx_thread.o(i.osThreadExit)
    i.osThreadNew                            0x08002044   Section        0  rtx_thread.o(i.osThreadNew)
    i.os_kernel_is_active                    0x08002090   Section        0  rtx_lib.o(i.os_kernel_is_active)
    os_kernel_is_active                      0x08002091   Thumb Code    28  rtx_lib.o(i.os_kernel_is_active)
    i.svcRtxKernelGetState                   0x080020b0   Section        0  rtx_kernel.o(i.svcRtxKernelGetState)
    svcRtxKernelGetState                     0x080020b1   Thumb Code    20  rtx_kernel.o(i.svcRtxKernelGetState)
    i.svcRtxKernelInitialize                 0x080020c8   Section        0  rtx_kernel.o(i.svcRtxKernelInitialize)
    svcRtxKernelInitialize                   0x080020c9   Thumb Code   602  rtx_kernel.o(i.svcRtxKernelInitialize)
    i.svcRtxKernelStart                      0x0800232c   Section        0  rtx_kernel.o(i.svcRtxKernelStart)
    svcRtxKernelStart                        0x0800232d   Thumb Code   216  rtx_kernel.o(i.svcRtxKernelStart)
    i.svcRtxMessageQueueGet                  0x08002414   Section        0  rtx_msgqueue.o(i.svcRtxMessageQueueGet)
    svcRtxMessageQueueGet                    0x08002415   Thumb Code   316  rtx_msgqueue.o(i.svcRtxMessageQueueGet)
    i.svcRtxMessageQueueNew                  0x08002554   Section        0  rtx_msgqueue.o(i.svcRtxMessageQueueNew)
    svcRtxMessageQueueNew                    0x08002555   Thumb Code   396  rtx_msgqueue.o(i.svcRtxMessageQueueNew)
    i.svcRtxMessageQueuePut                  0x080026e8   Section        0  rtx_msgqueue.o(i.svcRtxMessageQueuePut)
    svcRtxMessageQueuePut                    0x080026e9   Thumb Code   292  rtx_msgqueue.o(i.svcRtxMessageQueuePut)
    i.svcRtxMutexAcquire                     0x08002810   Section        0  rtx_mutex.o(i.svcRtxMutexAcquire)
    svcRtxMutexAcquire                       0x08002811   Thumb Code   264  rtx_mutex.o(i.svcRtxMutexAcquire)
    i.svcRtxMutexDelete                      0x0800291c   Section        0  rtx_mutex.o(i.svcRtxMutexDelete)
    svcRtxMutexDelete                        0x0800291d   Thumb Code   230  rtx_mutex.o(i.svcRtxMutexDelete)
    i.svcRtxMutexNew                         0x08002a08   Section        0  rtx_mutex.o(i.svcRtxMutexNew)
    svcRtxMutexNew                           0x08002a09   Thumb Code   168  rtx_mutex.o(i.svcRtxMutexNew)
    i.svcRtxMutexRelease                     0x08002ab4   Section        0  rtx_mutex.o(i.svcRtxMutexRelease)
    svcRtxMutexRelease                       0x08002ab5   Thumb Code   260  rtx_mutex.o(i.svcRtxMutexRelease)
    i.svcRtxThreadExit                       0x08002bbc   Section        0  rtx_thread.o(i.svcRtxThreadExit)
    svcRtxThreadExit                         0x08002bbd   Thumb Code   142  rtx_thread.o(i.svcRtxThreadExit)
    i.svcRtxThreadNew                        0x08002c50   Section        0  rtx_thread.o(i.svcRtxThreadNew)
    svcRtxThreadNew                          0x08002c51   Thumb Code   610  rtx_thread.o(i.svcRtxThreadNew)
    .constdata                               0x08002ec8   Section        4  main.o(.constdata)
    .constdata                               0x08002ecc   Section        1  irq_cm3.o(.constdata)
    .constdata                               0x08002ed0   Section      100  rtx_lib.o(.constdata)
    os_idle_thread_attr                      0x08002ed0   Data          36  rtx_lib.o(.constdata)
    os_timer_thread_attr                     0x08002ef4   Data          36  rtx_lib.o(.constdata)
    os_timer_mq_attr                         0x08002f18   Data          24  rtx_lib.o(.constdata)
    .conststrlit                             0x08002f34   Section       11  rtx_kernel.o(.conststrlit)
    .rodata                                  0x08002f40   Section      104  rtx_lib.o(.rodata)
    __tagsym$$used                           0x08002f40   Number         0  rtx_lib.o(.rodata)
    .bss.os                                  0x20000000   Section     4160  rtx_lib.o(.bss.os)
    os_mem                                   0x20000000   Data        4096  rtx_lib.o(.bss.os)
    os_isr_queue                             0x20001000   Data          64  rtx_lib.o(.bss.os)
    .bss.os.msgqueue.cb                      0x20001040   Section       52  rtx_lib.o(.bss.os.msgqueue.cb)
    os_timer_mq_cb                           0x20001040   Data          52  rtx_lib.o(.bss.os.msgqueue.cb)
    .bss.os.msgqueue.mem                     0x20001074   Section       80  rtx_lib.o(.bss.os.msgqueue.mem)
    os_timer_mq_data                         0x20001074   Data          80  rtx_lib.o(.bss.os.msgqueue.mem)
    .bss.os.thread.cb                        0x200010c4   Section      136  rtx_lib.o(.bss.os.thread.cb)
    os_idle_thread_cb                        0x200010c4   Data          68  rtx_lib.o(.bss.os.thread.cb)
    os_timer_thread_cb                       0x20001108   Data          68  rtx_lib.o(.bss.os.thread.cb)
    .bss.os.thread.stack                     0x20001150   Section      512  rtx_lib.o(.bss.os.thread.stack)
    os_idle_thread_stack                     0x20001150   Data         256  rtx_lib.o(.bss.os.thread.stack)
    os_timer_thread_stack                    0x20001250   Data         256  rtx_lib.o(.bss.os.thread.stack)
    .data                                    0x20001350   Section        5  rtx_lib.o(.data)
    os_kernel_active                         0x20001354   Data           1  rtx_lib.o(.data)
    .data                                    0x20001355   Section        1  os_systick.o(.data)
    PendST                                   0x20001355   Data           1  os_systick.o(.data)
    .data                                    0x20001358   Section       20  system_stm32f10x.o(.data)
    .data.os                                 0x2000136c   Section      164  rtx_kernel.o(.data.os)
    .bss                                     0x20001410   Section       96  libspace.o(.bss)
    HEAP                                     0x20001470   Section      512  startup_stm32f10x_md.o(HEAP)
    Heap_Mem                                 0x20001470   Data         512  startup_stm32f10x_md.o(HEAP)
    STACK                                    0x20001670   Section     1024  startup_stm32f10x_md.o(STACK)
    Stack_Mem                                0x20001670   Data        1024  startup_stm32f10x_md.o(STACK)
    __initial_sp                             0x20001a70   Data           0  startup_stm32f10x_md.o(STACK)

    Global Symbols

    Symbol Name                              Value     Ov Type        Size  Object(Section)

    BuildAttributes$$THM_ISAv4$P$D$K$B$S$PE$A:L22UL41UL21$X:L11$S22US41US21$IEEE1$IW$USESV6$~STKCKD$USESV7$~SHL$OSPACE$ROPI$EBA8$UX$STANDARDLIB$REQ8$PRES8$EABIv2 0x00000000   Number         0  anon$$obj.o ABSOLUTE
    __ARM_use_no_argv                        0x00000000   Number         0  main.o ABSOLUTE
    .bss.os.evflags.cb$$Base                  - Undefined Weak Reference
    .bss.os.evflags.cb$$Limit                 - Undefined Weak Reference
    .bss.os.mempool.cb$$Base                  - Undefined Weak Reference
    .bss.os.mempool.cb$$Limit                 - Undefined Weak Reference
    .bss.os.mutex.cb$$Base                    - Undefined Weak Reference
    .bss.os.mutex.cb$$Limit                   - Undefined Weak Reference
    .bss.os.semaphore.cb$$Base                - Undefined Weak Reference
    .bss.os.semaphore.cb$$Limit               - Undefined Weak Reference
    .bss.os.timer.cb$$Base                    - Undefined Weak Reference
    .bss.os.timer.cb$$Limit                   - Undefined Weak Reference
    __ARM_exceptions_init                     - Undefined Weak Reference
    __alloca_initialize                       - Undefined Weak Reference
    __arm_preinit_                            - Undefined Weak Reference
    __cpp_initialize__aeabi_                  - Undefined Weak Reference
    __cxa_finalize                            - Undefined Weak Reference
    __rt_locale                               - Undefined Weak Reference
    __sigvec_lookup                           - Undefined Weak Reference
    _atexit_init                              - Undefined Weak Reference
    _call_atexit_fns                          - Undefined Weak Reference
    _clock_init                               - Undefined Weak Reference
    _fp_trap_init                             - Undefined Weak Reference
    _fp_trap_shutdown                         - Undefined Weak Reference
    _get_lc_collate                           - Undefined Weak Reference
    _get_lc_ctype                             - Undefined Weak Reference
    _get_lc_monetary                          - Undefined Weak Reference
    _get_lc_numeric                           - Undefined Weak Reference
    _get_lc_time                              - Undefined Weak Reference
    _getenv_init                              - Undefined Weak Reference
    _handle_redirection                       - Undefined Weak Reference
    _init_alloc                               - Undefined Weak Reference
    _init_user_alloc                          - Undefined Weak Reference
    _initio                                   - Undefined Weak Reference
    _rand_init                                - Undefined Weak Reference
    _signal_finish                            - Undefined Weak Reference
    _signal_init                              - Undefined Weak Reference
    _terminate_alloc                          - Undefined Weak Reference
    _terminate_user_alloc                     - Undefined Weak Reference
    _terminateio                              - Undefined Weak Reference
    __Vectors_Size                           0x000000ec   Number         0  startup_stm32f10x_md.o ABSOLUTE
    __Vectors                                0x08000000   Data           4  startup_stm32f10x_md.o(RESET)
    __Vectors_End                            0x080000ec   Data           0  startup_stm32f10x_md.o(RESET)
    __main                                   0x080000ed   Thumb Code     8  __main.o(!!!main)
    __scatterload                            0x080000f5   Thumb Code     0  __scatter.o(!!!scatter)
    __scatterload_rt2                        0x080000f5   Thumb Code    44  __scatter.o(!!!scatter)
    __scatterload_rt2_thumb_only             0x080000f5   Thumb Code     0  __scatter.o(!!!scatter)
    __scatterload_null                       0x08000103   Thumb Code     0  __scatter.o(!!!scatter)
    __decompress                             0x08000129   Thumb Code    58  __dczerorl.o(!!dczerorl)
    __decompress0                            0x08000129   Thumb Code     0  __dczerorl.o(!!dczerorl)
    __scatterload_zeroinit                   0x08000165   Thumb Code    28  __scatter_zi.o(!!handler_zi)
    __rt_lib_init                            0x08000181   Thumb Code     0  libinit.o(.ARM.Collect$$libinit$$00000000)
    __rt_lib_init_alloca_1                   0x08000183   Thumb Code     0  libinit2.o(.ARM.Collect$$libinit$$0000002E)
    __rt_lib_init_argv_1                     0x08000183   Thumb Code     0  libinit2.o(.ARM.Collect$$libinit$$0000002C)
    __rt_lib_init_atexit_1                   0x08000183   Thumb Code     0  libinit2.o(.ARM.Collect$$libinit$$0000001B)
    __rt_lib_init_clock_1                    0x08000183   Thumb Code     0  libinit2.o(.ARM.Collect$$libinit$$00000021)
    __rt_lib_init_cpp_1                      0x08000183   Thumb Code     0  libinit2.o(.ARM.Collect$$libinit$$00000032)
    __rt_lib_init_exceptions_1               0x08000183   Thumb Code     0  libinit2.o(.ARM.Collect$$libinit$$00000030)
    __rt_lib_init_fp_1                       0x08000183   Thumb Code     0  libinit2.o(.ARM.Collect$$libinit$$00000002)
    __rt_lib_init_fp_trap_1                  0x08000183   Thumb Code     0  libinit2.o(.ARM.Collect$$libinit$$0000001F)
    __rt_lib_init_getenv_1                   0x08000183   Thumb Code     0  libinit2.o(.ARM.Collect$$libinit$$00000023)
    __rt_lib_init_heap_1                     0x08000183   Thumb Code     0  libinit2.o(.ARM.Collect$$libinit$$0000000A)
    __rt_lib_init_lc_collate_1               0x08000183   Thumb Code     0  libinit2.o(.ARM.Collect$$libinit$$00000011)
    __rt_lib_init_lc_ctype_1                 0x08000183   Thumb Code     0  libinit2.o(.ARM.Collect$$libinit$$00000013)
    __rt_lib_init_lc_monetary_1              0x08000183   Thumb Code     0  libinit2.o(.ARM.Collect$$libinit$$00000015)
    __rt_lib_init_lc_numeric_1               0x08000183   Thumb Code     0  libinit2.o(.ARM.Collect$$libinit$$00000017)
    __rt_lib_init_lc_time_1                  0x08000183   Thumb Code     0  libinit2.o(.ARM.Collect$$libinit$$00000019)
    __rt_lib_init_preinit_1                  0x08000183   Thumb Code     0  libinit2.o(.ARM.Collect$$libinit$$00000004)
    __rt_lib_init_rand_1                     0x08000183   Thumb Code     0  libinit2.o(.ARM.Collect$$libinit$$0000000E)
    __rt_lib_init_return                     0x08000183   Thumb Code     0  libinit2.o(.ARM.Collect$$libinit$$00000033)
    __rt_lib_init_signal_1                   0x08000183   Thumb Code     0  libinit2.o(.ARM.Collect$$libinit$$0000001D)
    __rt_lib_init_stdio_1                    0x08000183   Thumb Code     0  libinit2.o(.ARM.Collect$$libinit$$00000025)
    __rt_lib_init_user_alloc_1               0x08000183   Thumb Code     0  libinit2.o(.ARM.Collect$$libinit$$0000000C)
    __rt_lib_shutdown                        0x08000185   Thumb Code     0  libshutdown.o(.ARM.Collect$$libshutdown$$00000000)
    __rt_lib_shutdown_cpp_1                  0x08000187   Thumb Code     0  libshutdown2.o(.ARM.Collect$$libshutdown$$00000002)
    __rt_lib_shutdown_fp_trap_1              0x08000187   Thumb Code     0  libshutdown2.o(.ARM.Collect$$libshutdown$$00000007)
    __rt_lib_shutdown_heap_1                 0x08000187   Thumb Code     0  libshutdown2.o(.ARM.Collect$$libshutdown$$0000000F)
    __rt_lib_shutdown_return                 0x08000187   Thumb Code     0  libshutdown2.o(.ARM.Collect$$libshutdown$$00000010)
    __rt_lib_shutdown_signal_1               0x08000187   Thumb Code     0  libshutdown2.o(.ARM.Collect$$libshutdown$$0000000A)
    __rt_lib_shutdown_stdio_1                0x08000187   Thumb Code     0  libshutdown2.o(.ARM.Collect$$libshutdown$$00000004)
    __rt_lib_shutdown_user_alloc_1           0x08000187   Thumb Code     0  libshutdown2.o(.ARM.Collect$$libshutdown$$0000000C)
    __rt_entry                               0x08000189   Thumb Code     0  __rtentry.o(.ARM.Collect$$rtentry$$00000000)
    __rt_entry_presh_1                       0x08000189   Thumb Code     0  __rtentry2.o(.ARM.Collect$$rtentry$$00000002)
    __rt_entry_sh                            0x08000189   Thumb Code     0  __rtentry4.o(.ARM.Collect$$rtentry$$00000004)
    __rt_entry_postsh_1                      0x0800018f   Thumb Code     0  __rtentry2.o(.ARM.Collect$$rtentry$$00000008)
    __rt_entry_li                            0x08000197   Thumb Code     0  __rtentry2.o(.ARM.Collect$$rtentry$$0000000A)
    __rt_entry_main                          0x0800019b   Thumb Code     0  __rtentry2.o(.ARM.Collect$$rtentry$$0000000D)
    __rt_entry_postli_1                      0x0800019b   Thumb Code     0  __rtentry2.o(.ARM.Collect$$rtentry$$0000000C)
    __rt_exit                                0x080001a3   Thumb Code     0  rtexit.o(.ARM.Collect$$rtexit$$00000000)
    __rt_exit_ls                             0x080001a5   Thumb Code     0  rtexit2.o(.ARM.Collect$$rtexit$$00000003)
    __rt_exit_prels_1                        0x080001a5   Thumb Code     0  rtexit2.o(.ARM.Collect$$rtexit$$00000002)
    __rt_exit_exit                           0x080001a9   Thumb Code     0  rtexit2.o(.ARM.Collect$$rtexit$$00000004)
    __asm___13_rtx_mempool_c_7914b4c7__atomic_wr8 0x080001b1   Thumb Code    16  rtx_mempool.o(.emb_text)
    __asm___13_rtx_mempool_c_7914b4c7__atomic_set32 0x080001c1   Thumb Code    20  rtx_mempool.o(.emb_text)
    __asm___13_rtx_mempool_c_7914b4c7__atomic_clr32 0x080001d5   Thumb Code    22  rtx_mempool.o(.emb_text)
    __asm___13_rtx_mempool_c_7914b4c7__atomic_chk32_all 0x080001eb   Thumb Code    38  rtx_mempool.o(.emb_text)
    __asm___13_rtx_mempool_c_7914b4c7__atomic_chk32_any 0x08000211   Thumb Code    34  rtx_mempool.o(.emb_text)
    __asm___13_rtx_mempool_c_7914b4c7__atomic_inc32 0x08000233   Thumb Code    18  rtx_mempool.o(.emb_text)
    __asm___13_rtx_mempool_c_7914b4c7__atomic_inc16_lt 0x08000245   Thumb Code    30  rtx_mempool.o(.emb_text)
    __asm___13_rtx_mempool_c_7914b4c7__atomic_inc16_lim 0x08000263   Thumb Code    26  rtx_mempool.o(.emb_text)
    __asm___13_rtx_mempool_c_7914b4c7__atomic_dec32 0x0800027d   Thumb Code    18  rtx_mempool.o(.emb_text)
    __asm___13_rtx_mempool_c_7914b4c7__atomic_dec32_nz 0x0800028f   Thumb Code    26  rtx_mempool.o(.emb_text)
    __asm___13_rtx_mempool_c_7914b4c7__atomic_dec16_nz 0x080002a9   Thumb Code    26  rtx_mempool.o(.emb_text)
    __asm___13_rtx_mempool_c_7914b4c7__atomic_link_get 0x080002c3   Thumb Code    26  rtx_mempool.o(.emb_text)
    __asm___13_rtx_mempool_c_7914b4c7__atomic_link_put 0x080002dd   Thumb Code    28  rtx_mempool.o(.emb_text)
    __asm___14_rtx_msgqueue_c_ba128ae8__atomic_wr8 0x080002f9   Thumb Code    16  rtx_msgqueue.o(.emb_text)
    __asm___14_rtx_msgqueue_c_ba128ae8__atomic_set32 0x08000309   Thumb Code    20  rtx_msgqueue.o(.emb_text)
    __asm___14_rtx_msgqueue_c_ba128ae8__atomic_clr32 0x0800031d   Thumb Code    22  rtx_msgqueue.o(.emb_text)
    __asm___14_rtx_msgqueue_c_ba128ae8__atomic_chk32_all 0x08000333   Thumb Code    38  rtx_msgqueue.o(.emb_text)
    __asm___14_rtx_msgqueue_c_ba128ae8__atomic_chk32_any 0x08000359   Thumb Code    34  rtx_msgqueue.o(.emb_text)
    __asm___14_rtx_msgqueue_c_ba128ae8__atomic_inc32 0x0800037b   Thumb Code    18  rtx_msgqueue.o(.emb_text)
    __asm___14_rtx_msgqueue_c_ba128ae8__atomic_inc16_lt 0x0800038d   Thumb Code    30  rtx_msgqueue.o(.emb_text)
    __asm___14_rtx_msgqueue_c_ba128ae8__atomic_inc16_lim 0x080003ab   Thumb Code    26  rtx_msgqueue.o(.emb_text)
    __asm___14_rtx_msgqueue_c_ba128ae8__atomic_dec32 0x080003c5   Thumb Code    18  rtx_msgqueue.o(.emb_text)
    __asm___14_rtx_msgqueue_c_ba128ae8__atomic_dec32_nz 0x080003d7   Thumb Code    26  rtx_msgqueue.o(.emb_text)
    __asm___14_rtx_msgqueue_c_ba128ae8__atomic_dec16_nz 0x080003f1   Thumb Code    26  rtx_msgqueue.o(.emb_text)
    __asm___14_rtx_msgqueue_c_ba128ae8__atomic_link_get 0x0800040b   Thumb Code    26  rtx_msgqueue.o(.emb_text)
    __asm___14_rtx_msgqueue_c_ba128ae8__atomic_link_put 0x08000425   Thumb Code    28  rtx_msgqueue.o(.emb_text)
    __asm___12_rtx_system_c_024f2f18__atomic_wr8 0x08000441   Thumb Code    16  rtx_system.o(.emb_text)
    __asm___12_rtx_system_c_024f2f18__atomic_set32 0x08000451   Thumb Code    20  rtx_system.o(.emb_text)
    __asm___12_rtx_system_c_024f2f18__atomic_clr32 0x08000465   Thumb Code    22  rtx_system.o(.emb_text)
    __asm___12_rtx_system_c_024f2f18__atomic_chk32_all 0x0800047b   Thumb Code    38  rtx_system.o(.emb_text)
    __asm___12_rtx_system_c_024f2f18__atomic_chk32_any 0x080004a1   Thumb Code    34  rtx_system.o(.emb_text)
    __asm___12_rtx_system_c_024f2f18__atomic_inc32 0x080004c3   Thumb Code    18  rtx_system.o(.emb_text)
    __asm___12_rtx_system_c_024f2f18__atomic_inc16_lt 0x080004d5   Thumb Code    30  rtx_system.o(.emb_text)
    __asm___12_rtx_system_c_024f2f18__atomic_inc16_lim 0x080004f3   Thumb Code    26  rtx_system.o(.emb_text)
    __asm___12_rtx_system_c_024f2f18__atomic_dec32 0x0800050d   Thumb Code    18  rtx_system.o(.emb_text)
    __asm___12_rtx_system_c_024f2f18__atomic_dec32_nz 0x0800051f   Thumb Code    26  rtx_system.o(.emb_text)
    __asm___12_rtx_system_c_024f2f18__atomic_dec16_nz 0x08000539   Thumb Code    26  rtx_system.o(.emb_text)
    __asm___12_rtx_system_c_024f2f18__atomic_link_get 0x08000553   Thumb Code    26  rtx_system.o(.emb_text)
    __asm___12_rtx_system_c_024f2f18__atomic_link_put 0x0800056d   Thumb Code    28  rtx_system.o(.emb_text)
    __asm___12_rtx_thread_c_add96be5__atomic_wr8 0x08000589   Thumb Code    16  rtx_thread.o(.emb_text)
    __asm___12_rtx_thread_c_add96be5__atomic_set32 0x08000599   Thumb Code    20  rtx_thread.o(.emb_text)
    __asm___12_rtx_thread_c_add96be5__atomic_clr32 0x080005ad   Thumb Code    22  rtx_thread.o(.emb_text)
    __asm___12_rtx_thread_c_add96be5__atomic_chk32_all 0x080005c3   Thumb Code    38  rtx_thread.o(.emb_text)
    __asm___12_rtx_thread_c_add96be5__atomic_chk32_any 0x080005e9   Thumb Code    34  rtx_thread.o(.emb_text)
    __asm___12_rtx_thread_c_add96be5__atomic_inc32 0x0800060b   Thumb Code    18  rtx_thread.o(.emb_text)
    __asm___12_rtx_thread_c_add96be5__atomic_inc16_lt 0x0800061d   Thumb Code    30  rtx_thread.o(.emb_text)
    __asm___12_rtx_thread_c_add96be5__atomic_inc16_lim 0x0800063b   Thumb Code    26  rtx_thread.o(.emb_text)
    __asm___12_rtx_thread_c_add96be5__atomic_dec32 0x08000655   Thumb Code    18  rtx_thread.o(.emb_text)
    __asm___12_rtx_thread_c_add96be5__atomic_dec32_nz 0x08000667   Thumb Code    26  rtx_thread.o(.emb_text)
    __asm___12_rtx_thread_c_add96be5__atomic_dec16_nz 0x08000681   Thumb Code    26  rtx_thread.o(.emb_text)
    __asm___12_rtx_thread_c_add96be5__atomic_link_get 0x0800069b   Thumb Code    26  rtx_thread.o(.emb_text)
    __asm___12_rtx_thread_c_add96be5__atomic_link_put 0x080006b5   Thumb Code    28  rtx_thread.o(.emb_text)
    SVC_Handler                              0x080006d1   Thumb Code   108  irq_cm3.o(.text)
    PendSV_Handler                           0x0800073d   Thumb Code    16  irq_cm3.o(.text)
    SysTick_Handler                          0x0800074d   Thumb Code    16  irq_cm3.o(.text)
    Reset_Handler                            0x08000765   Thumb Code     8  startup_stm32f10x_md.o(.text)
    NMI_Handler                              0x0800076d   Thumb Code     2  startup_stm32f10x_md.o(.text)
    HardFault_Handler                        0x0800076f   Thumb Code     2  startup_stm32f10x_md.o(.text)
    MemManage_Handler                        0x08000771   Thumb Code     2  startup_stm32f10x_md.o(.text)
    BusFault_Handler                         0x08000773   Thumb Code     2  startup_stm32f10x_md.o(.text)
    UsageFault_Handler                       0x08000775   Thumb Code     2  startup_stm32f10x_md.o(.text)
    DebugMon_Handler                         0x08000779   Thumb Code     2  startup_stm32f10x_md.o(.text)
    ADC1_2_IRQHandler                        0x0800077f   Thumb Code     0  startup_stm32f10x_md.o(.text)
    CAN1_RX1_IRQHandler                      0x0800077f   Thumb Code     0  startup_stm32f10x_md.o(.text)
    CAN1_SCE_IRQHandler                      0x0800077f   Thumb Code     0  startup_stm32f10x_md.o(.text)
    DMA1_Channel1_IRQHandler                 0x0800077f   Thumb Code     0  startup_stm32f10x_md.o(.text)
    DMA1_Channel2_IRQHandler                 0x0800077f   Thumb Code     0  startup_stm32f10x_md.o(.text)
    DMA1_Channel3_IRQHandler                 0x0800077f   Thumb Code     0  startup_stm32f10x_md.o(.text)
    DMA1_Channel4_IRQHandler                 0x0800077f   Thumb Code     0  startup_stm32f10x_md.o(.text)
    DMA1_Channel5_IRQHandler                 0x0800077f   Thumb Code     0  startup_stm32f10x_md.o(.text)
    DMA1_Channel6_IRQHandler                 0x0800077f   Thumb Code     0  startup_stm32f10x_md.o(.text)
    DMA1_Channel7_IRQHandler                 0x0800077f   Thumb Code     0  startup_stm32f10x_md.o(.text)
    EXTI0_IRQHandler                         0x0800077f   Thumb Code     0  startup_stm32f10x_md.o(.text)
    EXTI15_10_IRQHandler                     0x0800077f   Thumb Code     0  startup_stm32f10x_md.o(.text)
    EXTI1_IRQHandler                         0x0800077f   Thumb Code     0  startup_stm32f10x_md.o(.text)
    EXTI2_IRQHandler                         0x0800077f   Thumb Code     0  startup_stm32f10x_md.o(.text)
    EXTI3_IRQHandler                         0x0800077f   Thumb Code     0  startup_stm32f10x_md.o(.text)
    EXTI4_IRQHandler                         0x0800077f   Thumb Code     0  startup_stm32f10x_md.o(.text)
    EXTI9_5_IRQHandler                       0x0800077f   Thumb Code     0  startup_stm32f10x_md.o(.text)
    FLASH_IRQHandler                         0x0800077f   Thumb Code     0  startup_stm32f10x_md.o(.text)
    I2C1_ER_IRQHandler                       0x0800077f   Thumb Code     0  startup_stm32f10x_md.o(.text)
    I2C1_EV_IRQHandler                       0x0800077f   Thumb Code     0  startup_stm32f10x_md.o(.text)
    I2C2_ER_IRQHandler                       0x0800077f   Thumb Code     0  startup_stm32f10x_md.o(.text)
    I2C2_EV_IRQHandler                       0x0800077f   Thumb Code     0  startup_stm32f10x_md.o(.text)
    PVD_IRQHandler                           0x0800077f   Thumb Code     0  startup_stm32f10x_md.o(.text)
    RCC_IRQHandler                           0x0800077f   Thumb Code     0  startup_stm32f10x_md.o(.text)
    RTCAlarm_IRQHandler                      0x0800077f   Thumb Code     0  startup_stm32f10x_md.o(.text)
    RTC_IRQHandler                           0x0800077f   Thumb Code     0  startup_stm32f10x_md.o(.text)
    SPI1_IRQHandler                          0x0800077f   Thumb Code     0  startup_stm32f10x_md.o(.text)
    SPI2_IRQHandler                          0x0800077f   Thumb Code     0  startup_stm32f10x_md.o(.text)
    TAMPER_IRQHandler                        0x0800077f   Thumb Code     0  startup_stm32f10x_md.o(.text)
    TIM1_BRK_IRQHandler                      0x0800077f   Thumb Code     0  startup_stm32f10x_md.o(.text)
    TIM1_CC_IRQHandler                       0x0800077f   Thumb Code     0  startup_stm32f10x_md.o(.text)
    TIM1_TRG_COM_IRQHandler                  0x0800077f   Thumb Code     0  startup_stm32f10x_md.o(.text)
    TIM1_UP_IRQHandler                       0x0800077f   Thumb Code     0  startup_stm32f10x_md.o(.text)
    TIM2_IRQHandler                          0x0800077f   Thumb Code     0  startup_stm32f10x_md.o(.text)
    TIM3_IRQHandler                          0x0800077f   Thumb Code     0  startup_stm32f10x_md.o(.text)
    TIM4_IRQHandler                          0x0800077f   Thumb Code     0  startup_stm32f10x_md.o(.text)
    USART1_IRQHandler                        0x0800077f   Thumb Code     0  startup_stm32f10x_md.o(.text)
    USART2_IRQHandler                        0x0800077f   Thumb Code     0  startup_stm32f10x_md.o(.text)
    USART3_IRQHandler                        0x0800077f   Thumb Code     0  startup_stm32f10x_md.o(.text)
    USBWakeUp_IRQHandler                     0x0800077f   Thumb Code     0  startup_stm32f10x_md.o(.text)
    USB_HP_CAN1_TX_IRQHandler                0x0800077f   Thumb Code     0  startup_stm32f10x_md.o(.text)
    USB_LP_CAN1_RX0_IRQHandler               0x0800077f   Thumb Code     0  startup_stm32f10x_md.o(.text)
    WWDG_IRQHandler                          0x0800077f   Thumb Code     0  startup_stm32f10x_md.o(.text)
    __user_initial_stackheap                 0x08000781   Thumb Code     0  startup_stm32f10x_md.o(.text)
    __aeabi_memcpy                           0x080007a5   Thumb Code     0  rt_memcpy_v6.o(.text)
    __rt_memcpy                              0x080007a5   Thumb Code   138  rt_memcpy_v6.o(.text)
    _memcpy_lastbytes                        0x0800080b   Thumb Code     0  rt_memcpy_v6.o(.text)
    __aeabi_memclr                           0x0800082f   Thumb Code     0  rt_memclr.o(.text)
    __rt_memclr                              0x0800082f   Thumb Code    68  rt_memclr.o(.text)
    _memset                                  0x08000833   Thumb Code     0  rt_memclr.o(.text)
    __aeabi_memclr4                          0x08000873   Thumb Code     0  rt_memclr_w.o(.text)
    __aeabi_memclr8                          0x08000873   Thumb Code     0  rt_memclr_w.o(.text)
    __rt_memclr_w                            0x08000873   Thumb Code    78  rt_memclr_w.o(.text)
    _memset_w                                0x08000877   Thumb Code     0  rt_memclr_w.o(.text)
    __use_two_region_memory                  0x080008c1   Thumb Code     2  heapauxi.o(.text)
    __rt_heap_escrow$2region                 0x080008c3   Thumb Code     2  heapauxi.o(.text)
    __rt_heap_expand$2region                 0x080008c5   Thumb Code     2  heapauxi.o(.text)
    __aeabi_memcpy4                          0x080008c7   Thumb Code     0  rt_memcpy_w.o(.text)
    __aeabi_memcpy8                          0x080008c7   Thumb Code     0  rt_memcpy_w.o(.text)
    __rt_memcpy_w                            0x080008c7   Thumb Code   100  rt_memcpy_w.o(.text)
    _memcpy_lastbytes_aligned                0x0800090f   Thumb Code     0  rt_memcpy_w.o(.text)
    __user_setup_stackheap                   0x0800092b   Thumb Code    74  sys_stackheap_outer.o(.text)
    exit                                     0x08000975   Thumb Code    18  exit.o(.text)
    __user_libspace                          0x08000989   Thumb Code     8  libspace.o(.text)
    __user_perproc_libspace                  0x08000989   Thumb Code     0  libspace.o(.text)
    _sys_exit                                0x08000991   Thumb Code     8  sys_exit.o(.text)
    __I$use$semihosting                      0x0800099d   Thumb Code     0  use_no_semi.o(.text)
    __use_no_semihosting_swi                 0x0800099d   Thumb Code     2  use_no_semi.o(.text)
    EvrRtxEventFlagsWaitTimeout              0x0800099f   Thumb Code     2  rtx_evr.o(i.EvrRtxEventFlagsWaitTimeout)
    __semihosting_library_function           0x0800099f   Thumb Code     0  indicate_semi.o(.text)
    EvrRtxKernelError                        0x080009a1   Thumb Code     2  rtx_evr.o(i.EvrRtxKernelError)
    EvrRtxKernelGetState                     0x080009a3   Thumb Code     2  rtx_evr.o(i.EvrRtxKernelGetState)
    EvrRtxKernelInitialize                   0x080009a5   Thumb Code     2  rtx_evr.o(i.EvrRtxKernelInitialize)
    EvrRtxKernelInitialized                  0x080009a7   Thumb Code     2  rtx_evr.o(i.EvrRtxKernelInitialized)
    EvrRtxKernelStart                        0x080009a9   Thumb Code     2  rtx_evr.o(i.EvrRtxKernelStart)
    EvrRtxKernelStarted                      0x080009ab   Thumb Code     2  rtx_evr.o(i.EvrRtxKernelStarted)
    EvrRtxMemoryAlloc                        0x080009ad   Thumb Code     2  rtx_evr.o(i.EvrRtxMemoryAlloc)
    EvrRtxMemoryBlockAlloc                   0x080009af   Thumb Code     2  rtx_evr.o(i.EvrRtxMemoryBlockAlloc)
    EvrRtxMemoryBlockFree                    0x080009b1   Thumb Code     2  rtx_evr.o(i.EvrRtxMemoryBlockFree)
    EvrRtxMemoryBlockInit                    0x080009b3   Thumb Code     2  rtx_evr.o(i.EvrRtxMemoryBlockInit)
    EvrRtxMemoryFree                         0x080009b5   Thumb Code     2  rtx_evr.o(i.EvrRtxMemoryFree)
    EvrRtxMemoryInit                         0x080009b7   Thumb Code     2  rtx_evr.o(i.EvrRtxMemoryInit)
    EvrRtxMemoryPoolAllocTimeout             0x080009b9   Thumb Code     2  rtx_evr.o(i.EvrRtxMemoryPoolAllocTimeout)
    EvrRtxMessageQueueCreated                0x080009bb   Thumb Code     2  rtx_evr.o(i.EvrRtxMessageQueueCreated)
    EvrRtxMessageQueueError                  0x080009bd   Thumb Code     2  rtx_evr.o(i.EvrRtxMessageQueueError)
    EvrRtxMessageQueueGet                    0x080009bf   Thumb Code     2  rtx_evr.o(i.EvrRtxMessageQueueGet)
    EvrRtxMessageQueueGetPending             0x080009c1   Thumb Code     2  rtx_evr.o(i.EvrRtxMessageQueueGetPending)
    EvrRtxMessageQueueGetTimeout             0x080009c3   Thumb Code     2  rtx_evr.o(i.EvrRtxMessageQueueGetTimeout)
    EvrRtxMessageQueueInsertPending          0x080009c5   Thumb Code     2  rtx_evr.o(i.EvrRtxMessageQueueInsertPending)
    EvrRtxMessageQueueInserted               0x080009c7   Thumb Code     2  rtx_evr.o(i.EvrRtxMessageQueueInserted)
    EvrRtxMessageQueueNew                    0x080009c9   Thumb Code     2  rtx_evr.o(i.EvrRtxMessageQueueNew)
    EvrRtxMessageQueueNotInserted            0x080009cb   Thumb Code     2  rtx_evr.o(i.EvrRtxMessageQueueNotInserted)
    EvrRtxMessageQueueNotRetrieved           0x080009cd   Thumb Code     2  rtx_evr.o(i.EvrRtxMessageQueueNotRetrieved)
    EvrRtxMessageQueuePut                    0x080009cf   Thumb Code     2  rtx_evr.o(i.EvrRtxMessageQueuePut)
    EvrRtxMessageQueuePutPending             0x080009d1   Thumb Code     2  rtx_evr.o(i.EvrRtxMessageQueuePutPending)
    EvrRtxMessageQueuePutTimeout             0x080009d3   Thumb Code     2  rtx_evr.o(i.EvrRtxMessageQueuePutTimeout)
    EvrRtxMessageQueueRetrieved              0x080009d5   Thumb Code     2  rtx_evr.o(i.EvrRtxMessageQueueRetrieved)
    EvrRtxMutexAcquire                       0x080009d7   Thumb Code     2  rtx_evr.o(i.EvrRtxMutexAcquire)
    EvrRtxMutexAcquirePending                0x080009d9   Thumb Code     2  rtx_evr.o(i.EvrRtxMutexAcquirePending)
    EvrRtxMutexAcquireTimeout                0x080009db   Thumb Code     2  rtx_evr.o(i.EvrRtxMutexAcquireTimeout)
    EvrRtxMutexAcquired                      0x080009dd   Thumb Code     2  rtx_evr.o(i.EvrRtxMutexAcquired)
    EvrRtxMutexCreated                       0x080009df   Thumb Code     2  rtx_evr.o(i.EvrRtxMutexCreated)
    EvrRtxMutexDelete                        0x080009e1   Thumb Code     2  rtx_evr.o(i.EvrRtxMutexDelete)
    EvrRtxMutexDestroyed                     0x080009e3   Thumb Code     2  rtx_evr.o(i.EvrRtxMutexDestroyed)
    EvrRtxMutexError                         0x080009e5   Thumb Code     2  rtx_evr.o(i.EvrRtxMutexError)
    EvrRtxMutexNew                           0x080009e7   Thumb Code     2  rtx_evr.o(i.EvrRtxMutexNew)
    EvrRtxMutexNotAcquired                   0x080009e9   Thumb Code     2  rtx_evr.o(i.EvrRtxMutexNotAcquired)
    EvrRtxMutexRelease                       0x080009eb   Thumb Code     2  rtx_evr.o(i.EvrRtxMutexRelease)
    EvrRtxMutexReleased                      0x080009ed   Thumb Code     2  rtx_evr.o(i.EvrRtxMutexReleased)
    EvrRtxSemaphoreAcquireTimeout            0x080009ef   Thumb Code     2  rtx_evr.o(i.EvrRtxSemaphoreAcquireTimeout)
    EvrRtxThreadBlocked                      0x080009f1   Thumb Code     2  rtx_evr.o(i.EvrRtxThreadBlocked)
    EvrRtxThreadCreated                      0x080009f3   Thumb Code     2  rtx_evr.o(i.EvrRtxThreadCreated)
    EvrRtxThreadDelayCompleted               0x080009f5   Thumb Code     2  rtx_evr.o(i.EvrRtxThreadDelayCompleted)
    EvrRtxThreadDestroyed                    0x080009f7   Thumb Code     2  rtx_evr.o(i.EvrRtxThreadDestroyed)
    EvrRtxThreadError                        0x080009f9   Thumb Code     2  rtx_evr.o(i.EvrRtxThreadError)
    EvrRtxThreadExit                         0x080009fb   Thumb Code     2  rtx_evr.o(i.EvrRtxThreadExit)
    EvrRtxThreadFlagsWaitCompleted           0x080009fd   Thumb Code     2  rtx_evr.o(i.EvrRtxThreadFlagsWaitCompleted)
    EvrRtxThreadFlagsWaitTimeout             0x080009ff   Thumb Code     2  rtx_evr.o(i.EvrRtxThreadFlagsWaitTimeout)
    EvrRtxThreadJoined                       0x08000a01   Thumb Code     2  rtx_evr.o(i.EvrRtxThreadJoined)
    EvrRtxThreadNew                          0x08000a03   Thumb Code     2  rtx_evr.o(i.EvrRtxThreadNew)
    EvrRtxThreadPreempted                    0x08000a05   Thumb Code     2  rtx_evr.o(i.EvrRtxThreadPreempted)
    EvrRtxThreadSwitched                     0x08000a07   Thumb Code     2  rtx_evr.o(i.EvrRtxThreadSwitched)
    EvrRtxThreadUnblocked                    0x08000a09   Thumb Code     2  rtx_evr.o(i.EvrRtxThreadUnblocked)
    EvrRtxTimerCallback                      0x08000a0b   Thumb Code     2  rtx_evr.o(i.EvrRtxTimerCallback)
    GPIO_Init                                0x08000a0d   Thumb Code   278  stm32f10x_gpio.o(i.GPIO_Init)
    GPIO_ResetBits                           0x08000b23   Thumb Code     4  stm32f10x_gpio.o(i.GPIO_ResetBits)
    GPIO_SetBits                             0x08000b27   Thumb Code     4  stm32f10x_gpio.o(i.GPIO_SetBits)
    OS_Tick_AcknowledgeIRQ                   0x08000c87   Thumb Code     8  os_systick.o(i.OS_Tick_AcknowledgeIRQ)
    OS_Tick_Enable                           0x08000c91   Thumb Code    38  os_systick.o(i.OS_Tick_Enable)
    OS_Tick_GetIRQn                          0x08000cc1   Thumb Code     6  os_systick.o(i.OS_Tick_GetIRQn)
    OS_Tick_Setup                            0x08000cc9   Thumb Code    66  os_systick.o(i.OS_Tick_Setup)
    RCC_APB2PeriphClockCmd                   0x08000d19   Thumb Code    26  stm32f10x_rcc.o(i.RCC_APB2PeriphClockCmd)
    SystemCoreClockUpdate                    0x08000e21   Thumb Code   142  system_stm32f10x.o(i.SystemCoreClockUpdate)
    SystemInit                               0x08000ec5   Thumb Code    78  system_stm32f10x.o(i.SystemInit)
    _mutex_acquire                           0x08000fd5   Thumb Code    22  rtx_lib.o(i._mutex_acquire)
    _mutex_free                              0x08000feb   Thumb Code    12  rtx_lib.o(i._mutex_free)
    _mutex_initialize                        0x08000ff7   Thumb Code    34  rtx_lib.o(i._mutex_initialize)
    _mutex_release                           0x08001019   Thumb Code    18  rtx_lib.o(i._mutex_release)
    _platform_post_stackheap_init            0x0800102b   Thumb Code     8  rtx_lib.o(i._platform_post_stackheap_init)
    app_main                                 0x08001035   Thumb Code    36  main.o(i.app_main)
    delay                                    0x08001061   Thumb Code    14  main.o(i.delay)
    main                                     0x080011e9   Thumb Code    58  main.o(i.main)
    osKernelGetState                         0x08001231   Thumb Code    44  rtx_kernel.o(i.osKernelGetState)
    osKernelInitialize                       0x08001261   Thumb Code    52  rtx_kernel.o(i.osKernelInitialize)
    osKernelStart                            0x08001299   Thumb Code    48  rtx_kernel.o(i.osKernelStart)
    osMessageQueueGet                        0x080012cd   Thumb Code    78  rtx_msgqueue.o(i.osMessageQueueGet)
    osMessageQueueNew                        0x08001321   Thumb Code    70  rtx_msgqueue.o(i.osMessageQueueNew)
    osMessageQueuePut                        0x0800136d   Thumb Code    78  rtx_msgqueue.o(i.osMessageQueuePut)
    osMutexAcquire                           0x080013c1   Thumb Code    62  rtx_mutex.o(i.osMutexAcquire)
    osMutexDelete                            0x08001405   Thumb Code    56  rtx_mutex.o(i.osMutexDelete)
    osMutexNew                               0x08001441   Thumb Code    54  rtx_mutex.o(i.osMutexNew)
    osMutexRelease                           0x0800147d   Thumb Code    56  rtx_mutex.o(i.osMutexRelease)
    osRtxErrorNotify                         0x080014b9   Thumb Code    32  rtx_config.o(i.osRtxErrorNotify)
    osRtxIdleThread                          0x080014d9   Thumb Code     4  rtx_config.o(i.osRtxIdleThread)
    osRtxKernelPreInit                       0x080014e9   Thumb Code     2  rtx_lib.o(i.osRtxKernelPreInit)
    osRtxMemoryAlloc                         0x080014eb   Thumb Code   238  rtx_memory.o(i.osRtxMemoryAlloc)
    osRtxMemoryFree                          0x080015d9   Thumb Code   124  rtx_memory.o(i.osRtxMemoryFree)
    osRtxMemoryInit                          0x08001655   Thumb Code   106  rtx_memory.o(i.osRtxMemoryInit)
    osRtxMemoryPoolAlloc                     0x080016bf   Thumb Code    48  rtx_mempool.o(i.osRtxMemoryPoolAlloc)
    osRtxMemoryPoolFree                      0x080016ef   Thumb Code    68  rtx_mempool.o(i.osRtxMemoryPoolFree)
    osRtxMemoryPoolInit                      0x08001733   Thumb Code    88  rtx_mempool.o(i.osRtxMemoryPoolInit)
    osRtxMutexOwnerRelease                   0x0800189b   Thumb Code    94  rtx_mutex.o(i.osRtxMutexOwnerRelease)
    osRtxPendSV_Handler                      0x080018f9   Thumb Code   126  rtx_system.o(i.osRtxPendSV_Handler)
    osRtxPostProcess                         0x0800197d   Thumb Code    50  rtx_system.o(i.osRtxPostProcess)
    osRtxThreadDelayTick                     0x08001ad5   Thumb Code   216  rtx_thread.o(i.osRtxThreadDelayTick)
    osRtxThreadDispatch                      0x08001bb1   Thumb Code   106  rtx_thread.o(i.osRtxThreadDispatch)
    osRtxThreadListGet                       0x08001c91   Thumb Code    28  rtx_thread.o(i.osRtxThreadListGet)
    osRtxThreadListPut                       0x08001cad   Thumb Code    50  rtx_thread.o(i.osRtxThreadListPut)
    osRtxThreadListRemove                    0x08001cdf   Thumb Code    26  rtx_thread.o(i.osRtxThreadListRemove)
    osRtxThreadListSort                      0x08001d0b   Thumb Code    42  rtx_thread.o(i.osRtxThreadListSort)
    osRtxThreadReadyPut                      0x08001d69   Thumb Code    18  rtx_thread.o(i.osRtxThreadReadyPut)
    osRtxThreadRegPtr                        0x08001d81   Thumb Code    14  rtx_thread.o(i.osRtxThreadRegPtr)
    osRtxThreadStackCheck                    0x08001d9d   Thumb Code    38  rtx_thread.o(i.osRtxThreadStackCheck)
    osRtxThreadStartup                       0x08001dc9   Thumb Code    78  rtx_thread.o(i.osRtxThreadStartup)
    osRtxThreadSwitch                        0x08001e29   Thumb Code    24  rtx_thread.o(i.osRtxThreadSwitch)
    osRtxThreadWaitEnter                     0x08001e45   Thumb Code    78  rtx_thread.o(i.osRtxThreadWaitEnter)
    osRtxThreadWaitExit                      0x08001e99   Thumb Code    54  rtx_thread.o(i.osRtxThreadWaitExit)
    osRtxTick_Handler                        0x08001ed1   Thumb Code   154  rtx_system.o(i.osRtxTick_Handler)
    osRtxTimerThread                         0x08001f71   Thumb Code    76  rtx_timer.o(i.osRtxTimerThread)
    osThreadExit                             0x08002025   Thumb Code    28  rtx_thread.o(i.osThreadExit)
    osThreadNew                              0x08002045   Thumb Code    70  rtx_thread.o(i.osThreadNew)
    irqRtxLib                                0x08002ecc   Data           1  irq_cm3.o(.constdata)
    osRtxUserSVC                             0x08002f30   Data           4  rtx_lib.o(.constdata)
    osRtxConfig                              0x08002f40   Data         104  rtx_lib.o(.rodata)
    Region$$Table$$Base                      0x08002fa8   Number         0  anon$$obj.o(Region$$Table)
    Region$$Table$$Limit                     0x08002fc8   Number         0  anon$$obj.o(Region$$Table)
    .bss.os.msgqueue.cb$$Base                0x20001040   Number         0  rtx_lib.o(.bss.os.msgqueue.cb)
    .bss.os.msgqueue.cb$$Limit               0x20001074   Number         0  rtx_lib.o(.bss.os.msgqueue.cb)
    .bss.os.thread.cb$$Base                  0x200010c4   Number         0  rtx_lib.o(.bss.os.thread.cb)
    .bss.os.thread.cb$$Limit                 0x2000114c   Number         0  rtx_lib.o(.bss.os.thread.cb)
    irqRtxLibRef                             0x20001350   Data           4  rtx_lib.o(.data)
    SystemCoreClock                          0x20001358   Data           4  system_stm32f10x.o(.data)
    AHBPrescTable                            0x2000135c   Data          16  system_stm32f10x.o(.data)
    osRtxInfo                                0x2000136c   Data         164  rtx_kernel.o(.data.os)
    __libspace_start                         0x20001410   Data          96  libspace.o(.bss)
    __temporary_stack_top$libspace           0x20001470   Data           0  libspace.o(.bss)



==============================================================================

Memory Map of the image

  Image Entry point : 0x080000ed

  Load Region LR_IROM1 (Base: 0x08000000, Size: 0x000043d8, Max: 0x00020000, ABSOLUTE, COMPRESSED[0x0000300c])

    Execution Region ER_IROM1 (Exec base: 0x08000000, Load base: 0x08000000, Size: 0x00002fc8, Max: 0x00020000, ABSOLUTE)

    Exec Addr    Load Addr    Size         Type   Attr      Idx    E Section Name        Object

    0x08000000   0x08000000   0x000000ec   Data   RO         3951    RESET               startup_stm32f10x_md.o
    0x080000ec   0x080000ec   0x00000008   Code   RO         4012  * !!!main             c_w.l(__main.o)
    0x080000f4   0x080000f4   0x00000034   Code   RO         4171    !!!scatter          c_w.l(__scatter.o)
    0x08000128   0x08000128   0x0000003a   Code   RO         4169    !!dczerorl          c_w.l(__dczerorl.o)
    0x08000162   0x08000162   0x00000002   PAD
    0x08000164   0x08000164   0x0000001c   Code   RO         4173    !!handler_zi        c_w.l(__scatter_zi.o)
    0x08000180   0x08000180   0x00000002   Code   RO         4039    .ARM.Collect$$libinit$$00000000  c_w.l(libinit.o)
    0x08000182   0x08000182   0x00000000   Code   RO         4046    .ARM.Collect$$libinit$$00000002  c_w.l(libinit2.o)
    0x08000182   0x08000182   0x00000000   Code   RO         4048    .ARM.Collect$$libinit$$00000004  c_w.l(libinit2.o)
    0x08000182   0x08000182   0x00000000   Code   RO         4051    .ARM.Collect$$libinit$$0000000A  c_w.l(libinit2.o)
    0x08000182   0x08000182   0x00000000   Code   RO         4053    .ARM.Collect$$libinit$$0000000C  c_w.l(libinit2.o)
    0x08000182   0x08000182   0x00000000   Code   RO         4055    .ARM.Collect$$libinit$$0000000E  c_w.l(libinit2.o)
    0x08000182   0x08000182   0x00000000   Code   RO         4058    .ARM.Collect$$libinit$$00000011  c_w.l(libinit2.o)
    0x08000182   0x08000182   0x00000000   Code   RO         4060    .ARM.Collect$$libinit$$00000013  c_w.l(libinit2.o)
    0x08000182   0x08000182   0x00000000   Code   RO         4062    .ARM.Collect$$libinit$$00000015  c_w.l(libinit2.o)
    0x08000182   0x08000182   0x00000000   Code   RO         4064    .ARM.Collect$$libinit$$00000017  c_w.l(libinit2.o)
    0x08000182   0x08000182   0x00000000   Code   RO         4066    .ARM.Collect$$libinit$$00000019  c_w.l(libinit2.o)
    0x08000182   0x08000182   0x00000000   Code   RO         4068    .ARM.Collect$$libinit$$0000001B  c_w.l(libinit2.o)
    0x08000182   0x08000182   0x00000000   Code   RO         4070    .ARM.Collect$$libinit$$0000001D  c_w.l(libinit2.o)
    0x08000182   0x08000182   0x00000000   Code   RO         4072    .ARM.Collect$$libinit$$0000001F  c_w.l(libinit2.o)
    0x08000182   0x08000182   0x00000000   Code   RO         4074    .ARM.Collect$$libinit$$00000021  c_w.l(libinit2.o)
    0x08000182   0x08000182   0x00000000   Code   RO         4076    .ARM.Collect$$libinit$$00000023  c_w.l(libinit2.o)
    0x08000182   0x08000182   0x00000000   Code   RO         4078    .ARM.Collect$$libinit$$00000025  c_w.l(libinit2.o)
    0x08000182   0x08000182   0x00000000   Code   RO         4082    .ARM.Collect$$libinit$$0000002C  c_w.l(libinit2.o)
    0x08000182   0x08000182   0x00000000   Code   RO         4084    .ARM.Collect$$libinit$$0000002E  c_w.l(libinit2.o)
    0x08000182   0x08000182   0x00000000   Code   RO         4086    .ARM.Collect$$libinit$$00000030  c_w.l(libinit2.o)
    0x08000182   0x08000182   0x00000000   Code   RO         4088    .ARM.Collect$$libinit$$00000032  c_w.l(libinit2.o)
    0x08000182   0x08000182   0x00000002   Code   RO         4089    .ARM.Collect$$libinit$$00000033  c_w.l(libinit2.o)
    0x08000184   0x08000184   0x00000002   Code   RO         4109    .ARM.Collect$$libshutdown$$00000000  c_w.l(libshutdown.o)
    0x08000186   0x08000186   0x00000000   Code   RO         4122    .ARM.Collect$$libshutdown$$00000002  c_w.l(libshutdown2.o)
    0x08000186   0x08000186   0x00000000   Code   RO         4124    .ARM.Collect$$libshutdown$$00000004  c_w.l(libshutdown2.o)
    0x08000186   0x08000186   0x00000000   Code   RO         4127    .ARM.Collect$$libshutdown$$00000007  c_w.l(libshutdown2.o)
    0x08000186   0x08000186   0x00000000   Code   RO         4130    .ARM.Collect$$libshutdown$$0000000A  c_w.l(libshutdown2.o)
    0x08000186   0x08000186   0x00000000   Code   RO         4132    .ARM.Collect$$libshutdown$$0000000C  c_w.l(libshutdown2.o)
    0x08000186   0x08000186   0x00000000   Code   RO         4135    .ARM.Collect$$libshutdown$$0000000F  c_w.l(libshutdown2.o)
    0x08000186   0x08000186   0x00000002   Code   RO         4136    .ARM.Collect$$libshutdown$$00000010  c_w.l(libshutdown2.o)
    0x08000188   0x08000188   0x00000000   Code   RO         4014    .ARM.Collect$$rtentry$$00000000  c_w.l(__rtentry.o)
    0x08000188   0x08000188   0x00000000   Code   RO         4018    .ARM.Collect$$rtentry$$00000002  c_w.l(__rtentry2.o)
    0x08000188   0x08000188   0x00000006   Code   RO         4030    .ARM.Collect$$rtentry$$00000004  c_w.l(__rtentry4.o)
    0x0800018e   0x0800018e   0x00000008   Code   RO         4019    .ARM.Collect$$rtentry$$00000008  c_w.l(__rtentry2.o)
    0x08000196   0x08000196   0x00000004   Code   RO         4021    .ARM.Collect$$rtentry$$0000000A  c_w.l(__rtentry2.o)
    0x0800019a   0x0800019a   0x00000000   Code   RO         4023    .ARM.Collect$$rtentry$$0000000C  c_w.l(__rtentry2.o)
    0x0800019a   0x0800019a   0x00000008   Code   RO         4024    .ARM.Collect$$rtentry$$0000000D  c_w.l(__rtentry2.o)
    0x080001a2   0x080001a2   0x00000002   Code   RO         4043    .ARM.Collect$$rtexit$$00000000  c_w.l(rtexit.o)
    0x080001a4   0x080001a4   0x00000000   Code   RO         4091    .ARM.Collect$$rtexit$$00000002  c_w.l(rtexit2.o)
    0x080001a4   0x080001a4   0x00000004   Code   RO         4092    .ARM.Collect$$rtexit$$00000003  c_w.l(rtexit2.o)
    0x080001a8   0x080001a8   0x00000006   Code   RO         4093    .ARM.Collect$$rtexit$$00000004  c_w.l(rtexit2.o)
    0x080001ae   0x080001ae   0x00000002   PAD
    0x080001b0   0x080001b0   0x00000148   Code   RO         1689    .emb_text           rtx_mempool.o
    0x080002f8   0x080002f8   0x00000148   Code   RO         1851    .emb_text           rtx_msgqueue.o
    0x08000440   0x08000440   0x00000148   Code   RO         2257    .emb_text           rtx_system.o
    0x08000588   0x08000588   0x00000148   Code   RO         2313    .emb_text           rtx_thread.o
    0x080006d0   0x080006d0   0x00000094   Code   RO           89    .text               irq_cm3.o
    0x08000764   0x08000764   0x00000040   Code   RO         3952    .text               startup_stm32f10x_md.o
    0x080007a4   0x080007a4   0x0000008a   Code   RO         4004    .text               c_w.l(rt_memcpy_v6.o)
    0x0800082e   0x0800082e   0x00000044   Code   RO         4006    .text               c_w.l(rt_memclr.o)
    0x08000872   0x08000872   0x0000004e   Code   RO         4008    .text               c_w.l(rt_memclr_w.o)
    0x080008c0   0x080008c0   0x00000006   Code   RO         4010    .text               c_w.l(heapauxi.o)
    0x080008c6   0x080008c6   0x00000064   Code   RO         4015    .text               c_w.l(rt_memcpy_w.o)
    0x0800092a   0x0800092a   0x0000004a   Code   RO         4032    .text               c_w.l(sys_stackheap_outer.o)
    0x08000974   0x08000974   0x00000012   Code   RO         4034    .text               c_w.l(exit.o)
    0x08000986   0x08000986   0x00000002   PAD
    0x08000988   0x08000988   0x00000008   Code   RO         4040    .text               c_w.l(libspace.o)
    0x08000990   0x08000990   0x0000000c   Code   RO         4101    .text               c_w.l(sys_exit.o)
    0x0800099c   0x0800099c   0x00000002   Code   RO         4112    .text               c_w.l(use_no_semi.o)
    0x0800099e   0x0800099e   0x00000000   Code   RO         4114    .text               c_w.l(indicate_semi.o)
    0x0800099e   0x0800099e   0x00000002   Code   RO          336    i.EvrRtxEventFlagsWaitTimeout  rtx_evr.o
    0x080009a0   0x080009a0   0x00000002   Code   RO          337    i.EvrRtxKernelError  rtx_evr.o
    0x080009a2   0x080009a2   0x00000002   Code   RO          339    i.EvrRtxKernelGetState  rtx_evr.o
    0x080009a4   0x080009a4   0x00000002   Code   RO          345    i.EvrRtxKernelInitialize  rtx_evr.o
    0x080009a6   0x080009a6   0x00000002   Code   RO          346    i.EvrRtxKernelInitialized  rtx_evr.o
    0x080009a8   0x080009a8   0x00000002   Code   RO          353    i.EvrRtxKernelStart  rtx_evr.o
    0x080009aa   0x080009aa   0x00000002   Code   RO          354    i.EvrRtxKernelStarted  rtx_evr.o
    0x080009ac   0x080009ac   0x00000002   Code   RO          359    i.EvrRtxMemoryAlloc  rtx_evr.o
    0x080009ae   0x080009ae   0x00000002   Code   RO          360    i.EvrRtxMemoryBlockAlloc  rtx_evr.o
    0x080009b0   0x080009b0   0x00000002   Code   RO          361    i.EvrRtxMemoryBlockFree  rtx_evr.o
    0x080009b2   0x080009b2   0x00000002   Code   RO          362    i.EvrRtxMemoryBlockInit  rtx_evr.o
    0x080009b4   0x080009b4   0x00000002   Code   RO          363    i.EvrRtxMemoryFree  rtx_evr.o
    0x080009b6   0x080009b6   0x00000002   Code   RO          364    i.EvrRtxMemoryInit  rtx_evr.o
    0x080009b8   0x080009b8   0x00000002   Code   RO          368    i.EvrRtxMemoryPoolAllocTimeout  rtx_evr.o
    0x080009ba   0x080009ba   0x00000002   Code   RO          383    i.EvrRtxMessageQueueCreated  rtx_evr.o
    0x080009bc   0x080009bc   0x00000002   Code   RO          386    i.EvrRtxMessageQueueError  rtx_evr.o
    0x080009be   0x080009be   0x00000002   Code   RO          387    i.EvrRtxMessageQueueGet  rtx_evr.o
    0x080009c0   0x080009c0   0x00000002   Code   RO          392    i.EvrRtxMessageQueueGetPending  rtx_evr.o
    0x080009c2   0x080009c2   0x00000002   Code   RO          394    i.EvrRtxMessageQueueGetTimeout  rtx_evr.o
    0x080009c4   0x080009c4   0x00000002   Code   RO          395    i.EvrRtxMessageQueueInsertPending  rtx_evr.o
    0x080009c6   0x080009c6   0x00000002   Code   RO          396    i.EvrRtxMessageQueueInserted  rtx_evr.o
    0x080009c8   0x080009c8   0x00000002   Code   RO          397    i.EvrRtxMessageQueueNew  rtx_evr.o
    0x080009ca   0x080009ca   0x00000002   Code   RO          398    i.EvrRtxMessageQueueNotInserted  rtx_evr.o
    0x080009cc   0x080009cc   0x00000002   Code   RO          399    i.EvrRtxMessageQueueNotRetrieved  rtx_evr.o
    0x080009ce   0x080009ce   0x00000002   Code   RO          400    i.EvrRtxMessageQueuePut  rtx_evr.o
    0x080009d0   0x080009d0   0x00000002   Code   RO          401    i.EvrRtxMessageQueuePutPending  rtx_evr.o
    0x080009d2   0x080009d2   0x00000002   Code   RO          402    i.EvrRtxMessageQueuePutTimeout  rtx_evr.o
    0x080009d4   0x080009d4   0x00000002   Code   RO          405    i.EvrRtxMessageQueueRetrieved  rtx_evr.o
    0x080009d6   0x080009d6   0x00000002   Code   RO          406    i.EvrRtxMutexAcquire  rtx_evr.o
    0x080009d8   0x080009d8   0x00000002   Code   RO          407    i.EvrRtxMutexAcquirePending  rtx_evr.o
    0x080009da   0x080009da   0x00000002   Code   RO          408    i.EvrRtxMutexAcquireTimeout  rtx_evr.o
    0x080009dc   0x080009dc   0x00000002   Code   RO          409    i.EvrRtxMutexAcquired  rtx_evr.o
    0x080009de   0x080009de   0x00000002   Code   RO          410    i.EvrRtxMutexCreated  rtx_evr.o
    0x080009e0   0x080009e0   0x00000002   Code   RO          411    i.EvrRtxMutexDelete  rtx_evr.o
    0x080009e2   0x080009e2   0x00000002   Code   RO          412    i.EvrRtxMutexDestroyed  rtx_evr.o
    0x080009e4   0x080009e4   0x00000002   Code   RO          413    i.EvrRtxMutexError  rtx_evr.o
    0x080009e6   0x080009e6   0x00000002   Code   RO          416    i.EvrRtxMutexNew    rtx_evr.o
    0x080009e8   0x080009e8   0x00000002   Code   RO          417    i.EvrRtxMutexNotAcquired  rtx_evr.o
    0x080009ea   0x080009ea   0x00000002   Code   RO          418    i.EvrRtxMutexRelease  rtx_evr.o
    0x080009ec   0x080009ec   0x00000002   Code   RO          419    i.EvrRtxMutexReleased  rtx_evr.o
    0x080009ee   0x080009ee   0x00000002   Code   RO          422    i.EvrRtxSemaphoreAcquireTimeout  rtx_evr.o
    0x080009f0   0x080009f0   0x00000002   Code   RO          434    i.EvrRtxThreadBlocked  rtx_evr.o
    0x080009f2   0x080009f2   0x00000002   Code   RO          435    i.EvrRtxThreadCreated  rtx_evr.o
    0x080009f4   0x080009f4   0x00000002   Code   RO          437    i.EvrRtxThreadDelayCompleted  rtx_evr.o
    0x080009f6   0x080009f6   0x00000002   Code   RO          439    i.EvrRtxThreadDestroyed  rtx_evr.o
    0x080009f8   0x080009f8   0x00000002   Code   RO          443    i.EvrRtxThreadError  rtx_evr.o
    0x080009fa   0x080009fa   0x00000002   Code   RO          444    i.EvrRtxThreadExit  rtx_evr.o
    0x080009fc   0x080009fc   0x00000002   Code   RO          451    i.EvrRtxThreadFlagsWaitCompleted  rtx_evr.o
    0x080009fe   0x080009fe   0x00000002   Code   RO          454    i.EvrRtxThreadFlagsWaitTimeout  rtx_evr.o
    0x08000a00   0x08000a00   0x00000002   Code   RO          464    i.EvrRtxThreadJoined  rtx_evr.o
    0x08000a02   0x08000a02   0x00000002   Code   RO          465    i.EvrRtxThreadNew   rtx_evr.o
    0x08000a04   0x08000a04   0x00000002   Code   RO          466    i.EvrRtxThreadPreempted  rtx_evr.o
    0x08000a06   0x08000a06   0x00000002   Code   RO          472    i.EvrRtxThreadSwitched  rtx_evr.o
    0x08000a08   0x08000a08   0x00000002   Code   RO          474    i.EvrRtxThreadUnblocked  rtx_evr.o
    0x08000a0a   0x08000a0a   0x00000002   Code   RO          476    i.EvrRtxTimerCallback  rtx_evr.o
    0x08000a0c   0x08000a0c   0x00000116   Code   RO         3015    i.GPIO_Init         stm32f10x_gpio.o
    0x08000b22   0x08000b22   0x00000004   Code   RO         3022    i.GPIO_ResetBits    stm32f10x_gpio.o
    0x08000b26   0x08000b26   0x00000004   Code   RO         3023    i.GPIO_SetBits      stm32f10x_gpio.o
    0x08000b2a   0x08000b2a   0x00000018   Code   RO         1342    i.IsIrqMasked       rtx_kernel.o
    0x08000b42   0x08000b42   0x00000018   Code   RO         1852    i.IsIrqMasked       rtx_msgqueue.o
    0x08000b5a   0x08000b5a   0x00000018   Code   RO         2030    i.IsIrqMasked       rtx_mutex.o
    0x08000b72   0x08000b72   0x00000018   Code   RO         2314    i.IsIrqMasked       rtx_thread.o
    0x08000b8a   0x08000b8a   0x00000010   Code   RO         1343    i.IsIrqMode         rtx_kernel.o
    0x08000b9a   0x08000b9a   0x00000010   Code   RO         1853    i.IsIrqMode         rtx_msgqueue.o
    0x08000baa   0x08000baa   0x00000010   Code   RO         2031    i.IsIrqMode         rtx_mutex.o
    0x08000bba   0x08000bba   0x00000010   Code   RO         2315    i.IsIrqMode         rtx_thread.o
    0x08000bca   0x08000bca   0x00000010   Code   RO         1344    i.IsPrivileged      rtx_kernel.o
    0x08000bda   0x08000bda   0x0000000a   Code   RO         1642    i.MemBlockPtr       rtx_memory.o
    0x08000be4   0x08000be4   0x00000034   Code   RO         1854    i.MessageQueueGet   rtx_msgqueue.o
    0x08000c18   0x08000c18   0x0000004c   Code   RO         1855    i.MessageQueuePut   rtx_msgqueue.o
    0x08000c64   0x08000c64   0x00000022   Code   RO         1856    i.MessageQueueRemove  rtx_msgqueue.o
    0x08000c86   0x08000c86   0x00000008   Code   RO         2857    i.OS_Tick_AcknowledgeIRQ  os_systick.o
    0x08000c8e   0x08000c8e   0x00000002   PAD
    0x08000c90   0x08000c90   0x00000030   Code   RO         2859    i.OS_Tick_Enable    os_systick.o
    0x08000cc0   0x08000cc0   0x00000006   Code   RO         2862    i.OS_Tick_GetIRQn   os_systick.o
    0x08000cc6   0x08000cc6   0x00000002   PAD
    0x08000cc8   0x08000cc8   0x00000050   Code   RO         2865    i.OS_Tick_Setup     os_systick.o
    0x08000d18   0x08000d18   0x00000020   Code   RO         3139    i.RCC_APB2PeriphClockCmd  stm32f10x_rcc.o
    0x08000d38   0x08000d38   0x00000008   Code   RO         3959    i.SetSysClock       system_stm32f10x.o
    0x08000d40   0x08000d40   0x000000e0   Code   RO         3960    i.SetSysClockTo72   system_stm32f10x.o
    0x08000e20   0x08000e20   0x000000a4   Code   RO         3961    i.SystemCoreClockUpdate  system_stm32f10x.o
    0x08000ec4   0x08000ec4   0x00000060   Code   RO         3962    i.SystemInit        system_stm32f10x.o
    0x08000f24   0x08000f24   0x00000056   Code   RO         2316    i.ThreadFlagsCheck  rtx_thread.o
    0x08000f7a   0x08000f7a   0x00000002   PAD
    0x08000f7c   0x08000f7c   0x00000040   Code   RO         2733    i.TimerInsert       rtx_timer.o
    0x08000fbc   0x08000fbc   0x00000018   Code   RO         2735    i.TimerUnlink       rtx_timer.o
    0x08000fd4   0x08000fd4   0x00000016   Code   RO         1561    i._mutex_acquire    rtx_lib.o
    0x08000fea   0x08000fea   0x0000000c   Code   RO         1562    i._mutex_free       rtx_lib.o
    0x08000ff6   0x08000ff6   0x00000022   Code   RO         1563    i._mutex_initialize  rtx_lib.o
    0x08001018   0x08001018   0x00000012   Code   RO         1564    i._mutex_release    rtx_lib.o
    0x0800102a   0x0800102a   0x00000008   Code   RO         1565    i._platform_post_stackheap_init  rtx_lib.o
    0x08001032   0x08001032   0x00000002   PAD
    0x08001034   0x08001034   0x0000002c   Code   RO            4    i.app_main          main.o
    0x08001060   0x08001060   0x0000000e   Code   RO            5    i.delay             main.o
    0x0800106e   0x0800106e   0x00000082   Code   RO         1857    i.isrRtxMessageQueueGet  rtx_msgqueue.o
    0x080010f0   0x080010f0   0x00000086   Code   RO         1858    i.isrRtxMessageQueuePut  rtx_msgqueue.o
    0x08001176   0x08001176   0x00000002   PAD
    0x08001178   0x08001178   0x00000034   Code   RO         2258    i.isr_queue_get     rtx_system.o
    0x080011ac   0x080011ac   0x0000003c   Code   RO         2259    i.isr_queue_put     rtx_system.o
    0x080011e8   0x080011e8   0x00000048   Code   RO            6    i.main              main.o
    0x08001230   0x08001230   0x00000030   Code   RO         1348    i.osKernelGetState  rtx_kernel.o
    0x08001260   0x08001260   0x00000038   Code   RO         1353    i.osKernelInitialize  rtx_kernel.o
    0x08001298   0x08001298   0x00000034   Code   RO         1357    i.osKernelStart     rtx_kernel.o
    0x080012cc   0x080012cc   0x00000054   Code   RO         1860    i.osMessageQueueGet  rtx_msgqueue.o
    0x08001320   0x08001320   0x0000004c   Code   RO         1866    i.osMessageQueueNew  rtx_msgqueue.o
    0x0800136c   0x0800136c   0x00000054   Code   RO         1867    i.osMessageQueuePut  rtx_msgqueue.o
    0x080013c0   0x080013c0   0x00000044   Code   RO         2032    i.osMutexAcquire    rtx_mutex.o
    0x08001404   0x08001404   0x0000003c   Code   RO         2033    i.osMutexDelete     rtx_mutex.o
    0x08001440   0x08001440   0x0000003c   Code   RO         2036    i.osMutexNew        rtx_mutex.o
    0x0800147c   0x0800147c   0x0000003c   Code   RO         2037    i.osMutexRelease    rtx_mutex.o
    0x080014b8   0x080014b8   0x00000020   Code   RO         2931    i.osRtxErrorNotify  rtx_config.o
    0x080014d8   0x080014d8   0x00000004   Code   RO         2932    i.osRtxIdleThread   rtx_config.o
    0x080014dc   0x080014dc   0x0000000c   Code   RO         2320    i.osRtxKernelGetState  rtx_thread.o
    0x080014e8   0x080014e8   0x00000002   Code   RO         1566    i.osRtxKernelPreInit  rtx_lib.o
    0x080014ea   0x080014ea   0x000000ee   Code   RO         1643    i.osRtxMemoryAlloc  rtx_memory.o
    0x080015d8   0x080015d8   0x0000007c   Code   RO         1644    i.osRtxMemoryFree   rtx_memory.o
    0x08001654   0x08001654   0x0000006a   Code   RO         1645    i.osRtxMemoryInit   rtx_memory.o
    0x080016be   0x080016be   0x00000030   Code   RO         1702    i.osRtxMemoryPoolAlloc  rtx_mempool.o
    0x080016ee   0x080016ee   0x00000044   Code   RO         1703    i.osRtxMemoryPoolFree  rtx_mempool.o
    0x08001732   0x08001732   0x00000058   Code   RO         1704    i.osRtxMemoryPoolInit  rtx_mempool.o
    0x0800178a   0x0800178a   0x00000110   Code   RO         1869    i.osRtxMessageQueuePostProcess  rtx_msgqueue.o
    0x0800189a   0x0800189a   0x0000005e   Code   RO         2038    i.osRtxMutexOwnerRelease  rtx_mutex.o
    0x080018f8   0x080018f8   0x00000084   Code   RO         2260    i.osRtxPendSV_Handler  rtx_system.o
    0x0800197c   0x0800197c   0x0000003c   Code   RO         2261    i.osRtxPostProcess  rtx_system.o
    0x080019b8   0x080019b8   0x00000040   Code   RO         2321    i.osRtxThreadBlock  rtx_thread.o
    0x080019f8   0x080019f8   0x00000068   Code   RO         2322    i.osRtxThreadDelayInsert  rtx_thread.o
    0x08001a60   0x08001a60   0x00000074   Code   RO         2323    i.osRtxThreadDelayRemove  rtx_thread.o
    0x08001ad4   0x08001ad4   0x000000dc   Code   RO         2324    i.osRtxThreadDelayTick  rtx_thread.o
    0x08001bb0   0x08001bb0   0x00000070   Code   RO         2325    i.osRtxThreadDispatch  rtx_thread.o
    0x08001c20   0x08001c20   0x00000064   Code   RO         2326    i.osRtxThreadFree   rtx_thread.o
    0x08001c84   0x08001c84   0x0000000c   Code   RO         2327    i.osRtxThreadGetRunning  rtx_thread.o
    0x08001c90   0x08001c90   0x0000001c   Code   RO         2328    i.osRtxThreadListGet  rtx_thread.o
    0x08001cac   0x08001cac   0x00000032   Code   RO         2329    i.osRtxThreadListPut  rtx_thread.o
    0x08001cde   0x08001cde   0x0000001a   Code   RO         2330    i.osRtxThreadListRemove  rtx_thread.o
    0x08001cf8   0x08001cf8   0x00000012   Code   RO         2331    i.osRtxThreadListRoot  rtx_thread.o
    0x08001d0a   0x08001d0a   0x0000002a   Code   RO         2332    i.osRtxThreadListSort  rtx_thread.o
    0x08001d34   0x08001d34   0x00000032   Code   RO         2334    i.osRtxThreadPostProcess  rtx_thread.o
    0x08001d66   0x08001d66   0x00000002   PAD
    0x08001d68   0x08001d68   0x00000018   Code   RO         2335    i.osRtxThreadReadyPut  rtx_thread.o
    0x08001d80   0x08001d80   0x0000000e   Code   RO         2336    i.osRtxThreadRegPtr  rtx_thread.o
    0x08001d8e   0x08001d8e   0x00000002   PAD
    0x08001d90   0x08001d90   0x0000000c   Code   RO         2337    i.osRtxThreadSetRunning  rtx_thread.o
    0x08001d9c   0x08001d9c   0x0000002c   Code   RO         2338    i.osRtxThreadStackCheck  rtx_thread.o
    0x08001dc8   0x08001dc8   0x00000060   Code   RO         2339    i.osRtxThreadStartup  rtx_thread.o
    0x08001e28   0x08001e28   0x0000001c   Code   RO         2340    i.osRtxThreadSwitch  rtx_thread.o
    0x08001e44   0x08001e44   0x00000054   Code   RO         2341    i.osRtxThreadWaitEnter  rtx_thread.o
    0x08001e98   0x08001e98   0x00000036   Code   RO         2342    i.osRtxThreadWaitExit  rtx_thread.o
    0x08001ece   0x08001ece   0x00000002   PAD
    0x08001ed0   0x08001ed0   0x000000a0   Code   RO         2262    i.osRtxTick_Handler  rtx_system.o
    0x08001f70   0x08001f70   0x00000058   Code   RO         2736    i.osRtxTimerThread  rtx_timer.o
    0x08001fc8   0x08001fc8   0x0000005c   Code   RO         2737    i.osRtxTimerTick    rtx_timer.o
    0x08002024   0x08002024   0x00000020   Code   RO         2345    i.osThreadExit      rtx_thread.o
    0x08002044   0x08002044   0x0000004c   Code   RO         2358    i.osThreadNew       rtx_thread.o
    0x08002090   0x08002090   0x00000020   Code   RO         1567    i.os_kernel_is_active  rtx_lib.o
    0x080020b0   0x080020b0   0x00000018   Code   RO         1362    i.svcRtxKernelGetState  rtx_kernel.o
    0x080020c8   0x080020c8   0x00000264   Code   RO         1367    i.svcRtxKernelInitialize  rtx_kernel.o
    0x0800232c   0x0800232c   0x000000e8   Code   RO         1371    i.svcRtxKernelStart  rtx_kernel.o
    0x08002414   0x08002414   0x00000140   Code   RO         1871    i.svcRtxMessageQueueGet  rtx_msgqueue.o
    0x08002554   0x08002554   0x00000194   Code   RO         1877    i.svcRtxMessageQueueNew  rtx_msgqueue.o
    0x080026e8   0x080026e8   0x00000128   Code   RO         1878    i.svcRtxMessageQueuePut  rtx_msgqueue.o
    0x08002810   0x08002810   0x0000010c   Code   RO         2039    i.svcRtxMutexAcquire  rtx_mutex.o
    0x0800291c   0x0800291c   0x000000ec   Code   RO         2040    i.svcRtxMutexDelete  rtx_mutex.o
    0x08002a08   0x08002a08   0x000000ac   Code   RO         2043    i.svcRtxMutexNew    rtx_mutex.o
    0x08002ab4   0x08002ab4   0x00000108   Code   RO         2044    i.svcRtxMutexRelease  rtx_mutex.o
    0x08002bbc   0x08002bbc   0x00000094   Code   RO         2366    i.svcRtxThreadExit  rtx_thread.o
    0x08002c50   0x08002c50   0x00000278   Code   RO         2379    i.svcRtxThreadNew   rtx_thread.o
    0x08002ec8   0x08002ec8   0x00000004   Data   RO            7    .constdata          main.o
    0x08002ecc   0x08002ecc   0x00000001   Data   RO           88    .constdata          irq_cm3.o
    0x08002ecd   0x08002ecd   0x00000003   PAD
    0x08002ed0   0x08002ed0   0x00000064   Data   RO         1574    .constdata          rtx_lib.o
    0x08002f34   0x08002f34   0x0000000b   Data   RO         1374    .conststrlit        rtx_kernel.o
    0x08002f3f   0x08002f3f   0x00000001   PAD
    0x08002f40   0x08002f40   0x00000068   Data   RO         1576    .rodata             rtx_lib.o
    0x08002fa8   0x08002fa8   0x00000020   Data   RO         4167    Region$$Table       anon$$obj.o


    Execution Region RW_IRAM1 (Exec base: 0x20000000, Load base: 0x08002fc8, Size: 0x00001a70, Max: 0x00005000, ABSOLUTE, COMPRESSED[0x00000044])

    Exec Addr    Load Addr    Size         Type   Attr      Idx    E Section Name        Object

    0x20000000   COMPRESSED   0x00001040   Data   RW         1568    .bss.os             rtx_lib.o
    0x20001040   COMPRESSED   0x00000034   Data   RW         1570    .bss.os.msgqueue.cb  rtx_lib.o
    0x20001074   COMPRESSED   0x00000050   Data   RW         1571    .bss.os.msgqueue.mem  rtx_lib.o
    0x200010c4   COMPRESSED   0x00000088   Data   RW         1572    .bss.os.thread.cb   rtx_lib.o
    0x2000114c   COMPRESSED   0x00000004   PAD
    0x20001150   COMPRESSED   0x00000200   Data   RW         1573    .bss.os.thread.stack  rtx_lib.o
    0x20001350   COMPRESSED   0x00000005   Data   RW         1575    .data               rtx_lib.o
    0x20001355   COMPRESSED   0x00000001   Data   RW         2866    .data               os_systick.o
    0x20001356   COMPRESSED   0x00000002   PAD
    0x20001358   COMPRESSED   0x00000014   Data   RW         3963    .data               system_stm32f10x.o
    0x2000136c   COMPRESSED   0x000000a4   Data   RW         1375    .data.os            rtx_kernel.o
    0x20001410        -       0x00000060   Zero   RW         4041    .bss                c_w.l(libspace.o)
    0x20001470        -       0x00000200   Zero   RW         3950    HEAP                startup_stm32f10x_md.o
    0x20001670        -       0x00000400   Zero   RW         3949    STACK               startup_stm32f10x_md.o


==============================================================================

Image component sizes


      Code (inc. data)   RO Data    RW Data    ZI Data      Debug   Object Name

       148         10          1          0          0        568   irq_cm3.o
       130         22          4          0          0     219746   main.o
       142         24          0          1          0       2308   os_systick.o
        36          6          0          0          0        949   rtx_config.o
         0          0          0          0          0      13291   rtx_delay.o
       110          0          0          0          0      30155   rtx_evr.o
      1080         42         11        164          0      22473   rtx_kernel.o
       128          4        204       4945          0      12356   rtx_lib.o
       478          0          0          0          0       4111   rtx_memory.o
       532          0          0          0          0       3795   rtx_mempool.o
      2330         34          0          0          0      21436   rtx_msgqueue.o
      1322         38          0          0          0      11716   rtx_mutex.o
       792         40          0          0          0       9645   rtx_system.o
      2652        130          0          0          0      26798   rtx_thread.o
       268         28          0          0          0       3283   rtx_timer.o
        64         26        236          0       1536        804   startup_stm32f10x_md.o
       286          0          0          0          0       3336   stm32f10x_gpio.o
        32          6          0          0          0        605   stm32f10x_rcc.o
       492         50          0         20          0       2945   system_stm32f10x.o

    ----------------------------------------------------------------------
     11038        460        492       5136       1536     390320   Object Totals
         0          0         32          0          0          0   (incl. Generated)
        16          0          4          6          0          0   (incl. Padding)

    ----------------------------------------------------------------------

      Code (inc. data)   RO Data    RW Data    ZI Data      Debug   Library Member Name

        58          0          0          0          0          0   __dczerorl.o
         8          0          0          0          0         68   __main.o
         0          0          0          0          0          0   __rtentry.o
        20          0          0          0          0          0   __rtentry2.o
         6          0          0          0          0          0   __rtentry4.o
        52          8          0          0          0          0   __scatter.o
        28          0          0          0          0          0   __scatter_zi.o
        18          0          0          0          0         80   exit.o
         6          0          0          0          0        152   heapauxi.o
         0          0          0          0          0          0   indicate_semi.o
         2          0          0          0          0          0   libinit.o
         2          0          0          0          0          0   libinit2.o
         2          0          0          0          0          0   libshutdown.o
         2          0          0          0          0          0   libshutdown2.o
         8          4          0          0         96         68   libspace.o
        68          0          0          0          0         68   rt_memclr.o
        78          0          0          0          0         80   rt_memclr_w.o
       138          0          0          0          0         68   rt_memcpy_v6.o
       100          0          0          0          0         80   rt_memcpy_w.o
         2          0          0          0          0          0   rtexit.o
        10          0          0          0          0          0   rtexit2.o
        12          4          0          0          0         68   sys_exit.o
        74          0          0          0          0         80   sys_stackheap_outer.o
         2          0          0          0          0         68   use_no_semi.o

    ----------------------------------------------------------------------
       702         16          0          0         96        880   Library Totals
         6          0          0          0          0          0   (incl. Padding)

    ----------------------------------------------------------------------

      Code (inc. data)   RO Data    RW Data    ZI Data      Debug   Library Name

       696         16          0          0         96        880   c_w.l

    ----------------------------------------------------------------------
       702         16          0          0         96        880   Library Totals

    ----------------------------------------------------------------------

==============================================================================


      Code (inc. data)   RO Data    RW Data    ZI Data      Debug   

     11740        476        492       5136       1632     382564   Grand Totals
     11740        476        492         68       1632     382564   ELF Image Totals (compressed)
     11740        476        492         68          0          0   ROM Totals

==============================================================================

    Total RO  Size (Code + RO Data)                12232 (  11.95kB)
    Total RW  Size (RW Data + ZI Data)              6768 (   6.61kB)
    Total ROM Size (Code + RO Data + RW Data)      12300 (  12.01kB)

==============================================================================

