Component: ARM Compiler 5.06 update 6 (build 750) Tool: armlink [4d35ed]

==============================================================================

Section Cross References

    main.o(.text) refers to rt_cmsis.o(i.osSignalWait) for osSignalWait
    main.o(.text) refers to led_mcbstm32e.o(.text) for LED_On
    main.o(.text) refers to rt_cmsis.o(i.osSignalSet) for osSignalSet
    main.o(.text) refers to rt_cmsis.o(i.osDelay) for osDelay
    main.o(.text) refers to rt_cmsis.o(i.osTimerCreate) for osTimerCreate
    main.o(.text) refers to rt_cmsis.o(i.osKernelInitialize) for osKernelInitialize
    main.o(.text) refers to rt_cmsis.o(i.osTimerStart) for osTimerStart
    main.o(.text) refers to rt_cmsis.o(i.osThreadCreate) for osThreadCreate
    main.o(.text) refers to rt_cmsis.o(i.osKernelStart) for osKernelStart
    main.o(.text) refers to main.o(.data) for T_ledThread1
    main.o(.text) refers to main.o(.constdata) for os_timer_def_timer0_handle
    main.o(.constdata) refers to main.o(.text) for ledThread1
    main.o(.constdata) refers to main.o(.bss) for os_timer_cb_timer0_handle
    led_mcbstm32e.o(.text) refers to gpio_stm32f10x.o(.text) for GPIO_PortClock
    led_mcbstm32e.o(.text) refers to led_mcbstm32e.o(.constdata) for Pin_LED
    rtx_conf_cm.o(.emb_text) refers to rt_cmsis.o(i.osKernelInitialize) for osKernelInitialize
    rtx_conf_cm.o(.emb_text) refers to rt_cmsis.o(i.osThreadCreate) for osThreadCreate
    rtx_conf_cm.o(.emb_text) refers to rt_cmsis.o(i.osKernelStart) for osKernelStart
    rtx_conf_cm.o(.emb_text) refers to exit.o(.text) for exit
    rtx_conf_cm.o(.emb_text) refers to rtx_conf_cm.o(.constdata) for os_thread_def_main
    rtx_conf_cm.o(.text) refers to rt_task.o(i.rt_tsk_self) for rt_tsk_self
    rtx_conf_cm.o(.text) refers to rt_mutex.o(i.rt_mut_init) for rt_mut_init
    rtx_conf_cm.o(.text) refers to rt_cmsis.o(.data) for os_running
    rtx_conf_cm.o(.text) refers to rtx_conf_cm.o(.bss) for .bss
    rtx_conf_cm.o(.text) refers to libspace.o(.bss) for __libspace_start
    rtx_conf_cm.o(.text) refers to rtx_conf_cm.o(.data) for .data
    rtx_conf_cm.o(.text) refers to rt_mutex.o(i.rt_mut_wait) for rt_mut_wait
    rtx_conf_cm.o(.text) refers to rt_mutex.o(i.rt_mut_release) for rt_mut_release
    rtx_conf_cm.o(.constdata) refers to rt_cmsis.o(i.osTimerThread) for osTimerThread
    rtx_conf_cm.o(.constdata) refers to rtx_conf_cm.o(.bss) for os_messageQ_q_osTimerMessageQ
    rtx_conf_cm.o(.constdata) refers to main.o(.text) for main
    startup_stm32f10x_md.o(STACK) refers (Special) to heapauxi.o(.text) for __use_two_region_memory
    startup_stm32f10x_md.o(HEAP) refers (Special) to heapauxi.o(.text) for __use_two_region_memory
    startup_stm32f10x_md.o(RESET) refers (Special) to heapauxi.o(.text) for __use_two_region_memory
    startup_stm32f10x_md.o(RESET) refers to startup_stm32f10x_md.o(STACK) for __initial_sp
    startup_stm32f10x_md.o(RESET) refers to startup_stm32f10x_md.o(.text) for Reset_Handler
    startup_stm32f10x_md.o(RESET) refers to hal_cm3.o(.emb_text) for SVC_Handler
    startup_stm32f10x_md.o(.text) refers (Special) to heapauxi.o(.text) for __use_two_region_memory
    startup_stm32f10x_md.o(.text) refers to system_stm32f10x.o(.text) for SystemInit
    startup_stm32f10x_md.o(.text) refers to __main.o(!!!main) for __main
    startup_stm32f10x_md.o(.text) refers to startup_stm32f10x_md.o(HEAP) for Heap_Mem
    startup_stm32f10x_md.o(.text) refers to startup_stm32f10x_md.o(STACK) for Stack_Mem
    system_stm32f10x.o(.text) refers to system_stm32f10x.o(.data) for SystemCoreClock
    rt_cmsis.o(i.isrMessageGet) refers to rt_mailbox.o(i.isr_mbx_receive) for isr_mbx_receive
    rt_cmsis.o(i.isrMessagePut) refers to rt_mailbox.o(i.rt_mbx_check) for rt_mbx_check
    rt_cmsis.o(i.isrMessagePut) refers to rt_mailbox.o(i.isr_mbx_send) for isr_mbx_send
    rt_cmsis.o(i.isrSemaphoreRelease) refers to rt_cmsis.o(i.rt_id2obj) for rt_id2obj
    rt_cmsis.o(i.isrSemaphoreRelease) refers to rt_semaphore.o(i.isr_sem_send) for isr_sem_send
    rt_cmsis.o(i.isrSignalSet) refers to rt_cmsis.o(i.rt_tid2ptcb) for rt_tid2ptcb
    rt_cmsis.o(i.isrSignalSet) refers to rt_event.o(i.isr_evt_set) for isr_evt_set
    rt_cmsis.o(i.osDelay) refers to rt_cmsis.o(i.svcDelay) for svcDelay
    rt_cmsis.o(i.osKernelInitialize) refers to rt_cmsis.o(i.svcKernelInitialize) for svcKernelInitialize
    rt_cmsis.o(i.osKernelRunning) refers to rt_cmsis.o(i.svcKernelRunning) for svcKernelRunning
    rt_cmsis.o(i.osKernelRunning) refers to rt_cmsis.o(.data) for .data
    rt_cmsis.o(i.osKernelStart) refers to rtx_conf_cm.o(.constdata) for os_flags
    rt_cmsis.o(i.osKernelStart) refers to rt_cmsis.o(i.svcKernelStart) for svcKernelStart
    rt_cmsis.o(i.osKernelSysTick) refers to rt_cmsis.o(i.svcKernelSysTick) for svcKernelSysTick
    rt_cmsis.o(i.osMailAlloc) refers to rt_cmsis.o(i.sysMailAlloc) for sysMailAlloc
    rt_cmsis.o(i.osMailCAlloc) refers to rt_cmsis.o(i.sysMailAlloc) for sysMailAlloc
[...]
    _get_argv_nomalloc.o(.text) refers to sys_command.o(.text) for _sys_command_string
    sys_command.o(.text) refers (Special) to use_no_semi.o(.text) for __I$use$semihosting
    sys_command.o(.text) refers (Special) to indicate_semi.o(.text) for __semihosting_library_function
    defsig_abrt_inner.o(.text) refers to defsig_general.o(.text) for __default_signal_display
    defsig_rtred_inner.o(.text) refers to defsig_general.o(.text) for __default_signal_display
    defsig_rtmem_inner.o(.text) refers to defsig_general.o(.text) for __default_signal_display
    defsig_rtmem_outer.o(.text) refers to defsig_rtmem_inner.o(.text) for __rt_SIGRTMEM_inner
    defsig_rtmem_outer.o(.text) refers to defsig_exit.o(.text) for __sig_exit
    defsig_rtmem_formal.o(.text) refers to rt_raise.o(.text) for __rt_raise
    defsig_stak_inner.o(.text) refers to defsig_general.o(.text) for __default_signal_display
    defsig_pvfn_inner.o(.text) refers to defsig_general.o(.text) for __default_signal_display
    defsig_cppl_inner.o(.text) refers to defsig_general.o(.text) for __default_signal_display
    defsig_segv_inner.o(.text) refers to defsig_general.o(.text) for __default_signal_display
    defsig_other.o(.text) refers to defsig_general.o(.text) for __default_signal_display


==============================================================================

Removing Unused input sections from the image.

    Removing main.o(.rev16_text), (4 bytes).
    Removing main.o(.revsh_text), (4 bytes).
    Removing main.o(.rrx_text), (6 bytes).
    Removing led_mcbstm32e.o(.rev16_text), (4 bytes).
    Removing led_mcbstm32e.o(.revsh_text), (4 bytes).
    Removing led_mcbstm32e.o(.rrx_text), (6 bytes).
    Removing gpio_stm32f10x.o(.rev16_text), (4 bytes).
    Removing gpio_stm32f10x.o(.revsh_text), (4 bytes).
    Removing gpio_stm32f10x.o(.rrx_text), (6 bytes).
    Removing system_stm32f10x.o(.rev16_text), (4 bytes).
    Removing system_stm32f10x.o(.revsh_text), (4 bytes).
    Removing system_stm32f10x.o(.rrx_text), (6 bytes).
    Removing rt_cmsis.o(.rev16_text), (4 bytes).
    Removing rt_cmsis.o(.revsh_text), (4 bytes).
    Removing rt_cmsis.o(.rrx_text), (6 bytes).
    Removing rt_cmsis.o(i.isrSemaphoreRelease), (40 bytes).
    Removing rt_cmsis.o(i.osKernelRunning), (36 bytes).
    Removing rt_cmsis.o(i.osKernelSysTick), (24 bytes).
    Removing rt_cmsis.o(i.osMailAlloc), (28 bytes).
    Removing rt_cmsis.o(i.osMailCAlloc), (48 bytes).
    Removing rt_cmsis.o(i.osMailCreate), (44 bytes).
    Removing rt_cmsis.o(i.osMailFree), (28 bytes).
    Removing rt_cmsis.o(i.osMailGet), (22 bytes).
    Removing rt_cmsis.o(i.osMailPut), (20 bytes).
    Removing rt_cmsis.o(i.osMessageCreate), (44 bytes).
    Removing rt_cmsis.o(i.osMessagePut), (24 bytes).
    Removing rt_cmsis.o(i.osMutexCreate), (44 bytes).
    Removing rt_cmsis.o(i.osMutexDelete), (24 bytes).
    Removing rt_cmsis.o(i.osMutexRelease), (24 bytes).
    Removing rt_cmsis.o(i.osMutexWait), (24 bytes).
    Removing rt_cmsis.o(i.osPoolAlloc), (32 bytes).
    Removing rt_cmsis.o(i.osPoolCAlloc), (52 bytes).
    Removing rt_cmsis.o(i.osPoolCreate), (44 bytes).
    Removing rt_cmsis.o(i.osPoolFree), (32 bytes).
    Removing rt_cmsis.o(i.osSemaphoreCreate), (44 bytes).
    Removing rt_cmsis.o(i.osSemaphoreDelete), (24 bytes).
    Removing rt_cmsis.o(i.osSemaphoreRelease), (24 bytes).
    Removing rt_cmsis.o(i.osSemaphoreWait), (24 bytes).
    Removing rt_cmsis.o(i.osSignalClear), (24 bytes).
    Removing rt_cmsis.o(i.osThreadGetId), (24 bytes).
    Removing rt_cmsis.o(i.osThreadGetPriority), (24 bytes).
    Removing rt_cmsis.o(i.osThreadSetPriority), (24 bytes).
    Removing rt_cmsis.o(i.osThreadTerminate), (24 bytes).
    Removing rt_cmsis.o(i.osThreadYield), (24 bytes).
    Removing rt_cmsis.o(i.osTimerDelete), (24 bytes).
    Removing rt_cmsis.o(i.osTimerStop), (24 bytes).
    Removing rt_cmsis.o(i.osWait), (4 bytes).
    Removing rt_cmsis.o(i.os_resume), (12 bytes).
    Removing rt_cmsis.o(i.os_suspend), (12 bytes).
    Removing rt_cmsis.o(i.rt_clr_box), (24 bytes).
    Removing rt_cmsis.o(i.svcKernelRunning), (12 bytes).
    Removing rt_cmsis.o(i.svcKernelSysTick), (56 bytes).
    Removing rt_cmsis.o(i.svcMailCreate), (66 bytes).
    Removing rt_cmsis.o(i.svcMessagePut), (54 bytes).
    Removing rt_cmsis.o(i.svcMutexCreate), (28 bytes).
    Removing rt_cmsis.o(i.svcMutexDelete), (26 bytes).
    Removing rt_cmsis.o(i.svcMutexRelease), (34 bytes).
    Removing rt_cmsis.o(i.svcMutexWait), (58 bytes).
    Removing rt_cmsis.o(i.svcPoolCreate), (40 bytes).
    Removing rt_cmsis.o(i.svcSemaphoreCreate), (36 bytes).
    Removing rt_cmsis.o(i.svcSemaphoreDelete), (26 bytes).
    Removing rt_cmsis.o(i.svcSemaphoreRelease), (40 bytes).
    Removing rt_cmsis.o(i.svcSemaphoreWait), (50 bytes).
    Removing rt_cmsis.o(i.svcSignalClear), (36 bytes).
    Removing rt_cmsis.o(i.svcThreadGetPriority), (18 bytes).
    Removing rt_cmsis.o(i.svcThreadSetPriority), (46 bytes).
    Removing rt_cmsis.o(i.svcThreadYield), (10 bytes).
    Removing rt_cmsis.o(i.svcTimerDelete), (40 bytes).
    Removing rt_cmsis.o(i.svcTimerStop), (36 bytes).
    Removing rt_cmsis.o(i.sysMailAlloc), (88 bytes).
    Removing rt_cmsis.o(i.sysMailFree), (96 bytes).
    Removing rt_cmsis.o(i.sysPoolAlloc), (10 bytes).
    Removing rt_cmsis.o(i.sysPoolFree), (20 bytes).
    Removing rt_cmsis.o(i.sysUserTimerUpdate), (48 bytes).
    Removing rt_cmsis.o(i.sysUserTimerWakeupTime), (20 bytes).
    Removing rt_task.o(i.rt_tsk_pass), (48 bytes).
    Removing rt_mutex.o(i.rt_mut_delete), (176 bytes).
    Removing rt_system.o(.emb_text), (0 bytes).
    Removing rt_system.o(i.os_tick_ovf), (16 bytes).
    Removing rt_system.o(i.os_tick_val), (20 bytes).
    Removing rt_system.o(i.rt_resume), (136 bytes).
    Removing rt_system.o(i.rt_suspend), (36 bytes).
    Removing rt_system.o(i.rt_tsk_lock), (80 bytes).
    Removing rt_system.o(i.rt_tsk_unlock), (80 bytes).
    Removing rt_event.o(i.rt_evt_clr), (28 bytes).
    Removing rt_event.o(i.rt_evt_get), (12 bytes).
    Removing rt_list.o(i.rt_get_same_rdy_prio), (36 bytes).
    Removing rt_mailbox.o(i.rt_mbx_send), (152 bytes).
    Removing rt_semaphore.o(i.isr_sem_send), (16 bytes).
    Removing rt_semaphore.o(i.rt_sem_delete), (92 bytes).
    Removing rt_semaphore.o(i.rt_sem_init), (12 bytes).
    Removing rt_semaphore.o(i.rt_sem_send), (42 bytes).
    Removing rt_semaphore.o(i.rt_sem_wait), (64 bytes).
    Removing rt_time.o(i.rt_itv_set), (24 bytes).
    Removing rt_time.o(i.rt_itv_wait), (40 bytes).
    Removing rt_time.o(i.rt_time_get), (12 bytes).
    Removing rt_membox.o(i._calloc_box), (30 bytes).

97 unused section(s) (total 3210 bytes) removed from the image.

==============================================================================

Image Symbol Table

    Local Symbols

    Symbol Name                              Value     Ov Type        Size  Object(Section)

    ../clib/angel/boardlib.s                 0x00000000   Number         0  boardinit1.o ABSOLUTE
    ../clib/angel/boardlib.s                 0x00000000   Number         0  boardinit2.o ABSOLUTE
    ../clib/angel/boardlib.s                 0x00000000   Number         0  boardshut.o ABSOLUTE
    ../clib/angel/handlers.s                 0x00000000   Number         0  __scatter_zi.o ABSOLUTE
    ../clib/angel/handlers.s                 0x00000000   Number         0  __scatter_copy.o ABSOLUTE
    ../clib/angel/kernel.s                   0x00000000   Number         0  rtexit.o ABSOLUTE
    ../clib/angel/kernel.s                   0x00000000   Number         0  __rtentry.o ABSOLUTE
    ../clib/angel/kernel.s                   0x00000000   Number         0  __rtentry4.o ABSOLUTE
    ../clib/angel/kernel.s                   0x00000000   Number         0  rtexit2.o ABSOLUTE
    ../clib/angel/kernel.s                   0x00000000   Number         0  __rtentry2.o ABSOLUTE
    ../clib/angel/rt.s                       0x00000000   Number         0  aeabi_ldiv0_sigfpe.o ABSOLUTE
    ../clib/angel/rt.s                       0x00000000   Number         0  aeabi_ldiv0.o ABSOLUTE
    ../clib/angel/rt.s                       0x00000000   Number         0  rt_div0.o ABSOLUTE
    ../clib/angel/rt.s                       0x00000000   Number         0  rt_raise.o ABSOLUTE
    ../clib/angel/scatter.s                  0x00000000   Number         0  __scatter.o ABSOLUTE
    ../clib/angel/startup.s                  0x00000000   Number         0  __main.o ABSOLUTE
    ../clib/angel/sys.s                      0x00000000   Number         0  indicate_semi.o ABSOLUTE
    ../clib/angel/sys.s                      0x00000000   Number         0  use_no_semi.o ABSOLUTE
    ../clib/angel/sys.s                      0x00000000   Number         0  sys_stackheap_outer.o ABSOLUTE
    ../clib/angel/sys.s                      0x00000000   Number         0  libspace.o ABSOLUTE
    ../clib/angel/sysapp.c                   0x00000000   Number         0  sys_command.o ABSOLUTE
    ../clib/angel/sysapp.c                   0x00000000   Number         0  sys_exit.o ABSOLUTE
    ../clib/angel/sysapp.c                   0x00000000   Number         0  sys_wrch.o ABSOLUTE
    ../clib/armsys.c                         0x00000000   Number         0  no_argv.o ABSOLUTE
    ../clib/armsys.c                         0x00000000   Number         0  _get_argv_nomalloc.o ABSOLUTE
    ../clib/armsys.c                         0x00000000   Number         0  argv_veneer.o ABSOLUTE
    ../clib/armsys.c                         0x00000000   Number         0  argv_veneer.o ABSOLUTE
    ../clib/heapalloc.c                      0x00000000   Number         0  hrguard.o ABSOLUTE
    ../clib/heapaux.c                        0x00000000   Number         0  heapauxi.o ABSOLUTE
    ../clib/libinit.s                        0x00000000   Number         0  libshutdown2.o ABSOLUTE
    ../clib/libinit.s                        0x00000000   Number         0  libinit.o ABSOLUTE
    ../clib/libinit.s                        0x00000000   Number         0  libinit2.o ABSOLUTE
    ../clib/libinit.s                        0x00000000   Number         0  libshutdown.o ABSOLUTE
    ../clib/longlong.s                       0x00000000   Number         0  lludivv7m.o ABSOLUTE
    ../clib/signal.c                         0x00000000   Number         0  defsig_segv_inner.o ABSOLUTE
    ../clib/signal.c                         0x00000000   Number         0  defsig_cppl_inner.o ABSOLUTE
    ../clib/signal.c                         0x00000000   Number         0  defsig_stak_inner.o ABSOLUTE
    ../clib/signal.c                         0x00000000   Number         0  defsig_rtmem_formal.o ABSOLUTE
    ../clib/signal.c                         0x00000000   Number         0  defsig_rtmem_outer.o ABSOLUTE
    ../clib/signal.c                         0x00000000   Number         0  defsig_rtmem_inner.o ABSOLUTE
    ../clib/signal.c                         0x00000000   Number         0  defsig_general.o ABSOLUTE
    ../clib/signal.c                         0x00000000   Number         0  __raise.o ABSOLUTE
    ../clib/signal.c                         0x00000000   Number         0  defsig_pvfn_inner.o ABSOLUTE
    ../clib/signal.c                         0x00000000   Number         0  defsig_exit.o ABSOLUTE
    ../clib/signal.c                         0x00000000   Number         0  defsig_fpe_outer.o ABSOLUTE
    ../clib/signal.c                         0x00000000   Number         0  defsig_fpe_inner.o ABSOLUTE
    ../clib/signal.c                         0x00000000   Number         0  defsig_other.o ABSOLUTE
    ../clib/signal.c                         0x00000000   Number         0  defsig_abrt_inner.o ABSOLUTE
    ../clib/signal.c                         0x00000000   Number         0  defsig_rtred_inner.o ABSOLUTE
    ../clib/signal.c                         0x00000000   Number         0  defsig_fpe_formal.o ABSOLUTE
    ../clib/signal.s                         0x00000000   Number         0  defsig.o ABSOLUTE
    ../clib/stdlib.c                         0x00000000   Number         0  exit.o ABSOLUTE
    ../fplib/fpinit.s                        0x00000000   Number         0  fpinit.o ABSOLUTE
    ..\HAL_CM.c                              0x00000000   Number         0  hal_cm.o ABSOLUTE
    ..\\rt_CMSIS.c                           0x00000000   Number         0  rt_cmsis.o ABSOLUTE
    ..\\rt_System.c                          0x00000000   Number         0  rt_system.o ABSOLUTE
    ..\rt_CMSIS.c                            0x00000000   Number         0  rt_cmsis.o ABSOLUTE
    ..\rt_Event.c                            0x00000000   Number         0  rt_event.o ABSOLUTE
    ..\rt_List.c                             0x00000000   Number         0  rt_list.o ABSOLUTE
    ..\rt_Mailbox.c                          0x00000000   Number         0  rt_mailbox.o ABSOLUTE
    ..\rt_MemBox.c                           0x00000000   Number         0  rt_membox.o ABSOLUTE
    ..\rt_Memory.c                           0x00000000   Number         0  rt_memory.o ABSOLUTE
    ..\rt_Mutex.c                            0x00000000   Number         0  rt_mutex.o ABSOLUTE
    ..\rt_Robin.c                            0x00000000   Number         0  rt_robin.o ABSOLUTE
    ..\rt_Semaphore.c                        0x00000000   Number         0  rt_semaphore.o ABSOLUTE
    ..\rt_System.c                           0x00000000   Number         0  rt_system.o ABSOLUTE
    ..\rt_Task.c                             0x00000000   Number         0  rt_task.o ABSOLUTE
    ..\rt_Time.c                             0x00000000   Number         0  rt_time.o ABSOLUTE
    C:\Keil_v5\ARM\PACK\Keil\STM32F1xx_DFP\2.3.0\Boards\Keil\MCBSTM32E\Common\LED_MCBSTM32E.c 0x00000000   Number         0  led_mcbstm32e.o ABSOLUTE
    C:\Keil_v5\ARM\PACK\Keil\STM32F1xx_DFP\2.3.0\RTE_Driver\GPIO_STM32F10x.c 0x00000000   Number         0  gpio_stm32f10x.o ABSOLUTE
    C:\\Keil_v5\\ARM\\PACK\\Keil\\STM32F1xx_DFP\\2.3.0\\Boards\\Keil\\MCBSTM32E\\Common\\LED_MCBSTM32E.c 0x00000000   Number         0  led_mcbstm32e.o ABSOLUTE
    C:\\Keil_v5\\ARM\\PACK\\Keil\\STM32F1xx_DFP\\2.3.0\\RTE_Driver\\GPIO_STM32F10x.c 0x00000000   Number         0  gpio_stm32f10x.o ABSOLUTE
    HAL_CM3.c                                0x00000000   Number         0  hal_cm3.o ABSOLUTE
    HAL_CM3.c                                0x00000000   Number         0  hal_cm3.o ABSOLUTE
    RTE\CMSIS\RTX_Conf_CM.c                  0x00000000   Number         0  rtx_conf_cm.o ABSOLUTE
    RTE\Device\STM32F103RB\startup_stm32f10x_md.s 0x00000000   Number         0  startup_stm32f10x_md.o ABSOLUTE
    RTE\Device\STM32F103RB\system_stm32f10x.c 0x00000000   Number         0  system_stm32f10x.o ABSOLUTE
    RTE\\CMSIS\\RTX_Conf_CM.c                0x00000000   Number         0  rtx_conf_cm.o ABSOLUTE
    RTE\\Device\\STM32F103RB\\system_stm32f10x.c 0x00000000   Number         0  system_stm32f10x.o ABSOLUTE
    SVC_Table.s                              0x00000000   Number         0  svc_table.o ABSOLUTE
    dc.s                                     0x00000000   Number         0  dc.o ABSOLUTE
    main.c                                   0x00000000   Number         0  main.o ABSOLUTE
    main.c                                   0x00000000   Number         0  main.o ABSOLUTE
    RESET                                    0x08000000   Section      236  startup_stm32f10x_md.o(RESET)
    !!!main                                  0x080000ec   Section        8  __main.o(!!!main)
    !!!scatter                               0x080000f4   Section       52  __scatter.o(!!!scatter)
    !!handler_copy                           0x08000128   Section       26  __scatter_copy.o(!!handler_copy)
    !!handler_zi                             0x08000144   Section       28  __scatter_zi.o(!!handler_zi)
    .ARM.Collect$$libinit$$00000000          0x08000160   Section        2  libinit.o(.ARM.Collect$$libinit$$00000000)
    .ARM.Collect$$libinit$$00000002          0x08000162   Section        0  libinit2.o(.ARM.Collect$$libinit$$00000002)
    .ARM.Collect$$libinit$$00000004          0x08000162   Section        0  libinit2.o(.ARM.Collect$$libinit$$00000004)
    .ARM.Collect$$libinit$$0000000A          0x08000162   Section        0  libinit2.o(.ARM.Collect$$libinit$$0000000A)
    .ARM.Collect$$libinit$$0000000C          0x08000162   Section        0  libinit2.o(.ARM.Collect$$libinit$$0000000C)
    .ARM.Collect$$libinit$$0000000E          0x08000162   Section        0  libinit2.o(.ARM.Collect$$libinit$$0000000E)
    .ARM.Collect$$libinit$$00000011          0x08000162   Section        0  libinit2.o(.ARM.Collect$$libinit$$00000011)
    .ARM.Collect$$libinit$$00000013          0x08000162   Section        0  libinit2.o(.ARM.Collect$$libinit$$00000013)
    .ARM.Collect$$libinit$$00000015          0x08000162   Section        0  libinit2.o(.ARM.Collect$$libinit$$00000015)
    .ARM.Collect$$libinit$$00000017          0x08000162   Section        0  libinit2.o(.ARM.Collect$$libinit$$00000017)
    .ARM.Collect$$libinit$$00000019          0x08000162   Section        0  libinit2.o(.ARM.Collect$$libinit$$00000019)
    .ARM.Collect$$libinit$$0000001B          0x08000162   Section        0  libinit2.o(.ARM.Collect$$libinit$$0000001B)
    .ARM.Collect$$libinit$$0000001D          0x08000162   Section        0  libinit2.o(.ARM.Collect$$libinit$$0000001D)
    .ARM.Collect$$libinit$$0000001F          0x08000162   Section        0  libinit2.o(.ARM.Collect$$libinit$$0000001F)
    .ARM.Collect$$libinit$$00000021          0x08000162   Section        0  libinit2.o(.ARM.Collect$$libinit$$00000021)
    .ARM.Collect$$libinit$$00000023          0x08000162   Section        0  libinit2.o(.ARM.Collect$$libinit$$00000023)
    .ARM.Collect$$libinit$$00000025          0x08000162   Section        0  libinit2.o(.ARM.Collect$$libinit$$00000025)
    .ARM.Collect$$libinit$$0000002C          0x08000162   Section        0  libinit2.o(.ARM.Collect$$libinit$$0000002C)
    .ARM.Collect$$libinit$$0000002E          0x08000162   Section        0  libinit2.o(.ARM.Collect$$libinit$$0000002E)
    .ARM.Collect$$libinit$$00000030          0x08000162   Section        0  libinit2.o(.ARM.Collect$$libinit$$00000030)
    .ARM.Collect$$libinit$$00000032          0x08000162   Section        0  libinit2.o(.ARM.Collect$$libinit$$00000032)
    .ARM.Collect$$libinit$$00000033          0x08000162   Section        2  libinit2.o(.ARM.Collect$$libinit$$00000033)
    .ARM.Collect$$libshutdown$$00000000      0x08000164   Section        2  libshutdown.o(.ARM.Collect$$libshutdown$$00000000)
    .ARM.Collect$$libshutdown$$00000002      0x08000166   Section        0  libshutdown2.o(.ARM.Collect$$libshutdown$$00000002)
    .ARM.Collect$$libshutdown$$00000004      0x08000166   Section        0  libshutdown2.o(.ARM.Collect$$libshutdown$$00000004)
    .ARM.Collect$$libshutdown$$00000007      0x08000166   Section        0  libshutdown2.o(.ARM.Collect$$libshutdown$$00000007)
    .ARM.Collect$$libshutdown$$0000000A      0x08000166   Section        0  libshutdown2.o(.ARM.Collect$$libshutdown$$0000000A)
    .ARM.Collect$$libshutdown$$0000000C      0x08000166   Section        0  libshutdown2.o(.ARM.Collect$$libshutdown$$0000000C)
    .ARM.Collect$$libshutdown$$0000000F      0x08000166   Section        0  libshutdown2.o(.ARM.Collect$$libshutdown$$0000000F)
    .ARM.Collect$$libshutdown$$00000010      0x08000166   Section        2  libshutdown2.o(.ARM.Collect$$libshutdown$$00000010)
    .ARM.Collect$$rtentry$$00000000          0x08000168   Section        0  __rtentry.o(.ARM.Collect$$rtentry$$00000000)
    .ARM.Collect$$rtentry$$00000002          0x08000168   Section        0  __rtentry2.o(.ARM.Collect$$rtentry$$00000002)
    .ARM.Collect$$rtentry$$00000004          0x08000168   Section        6  __rtentry4.o(.ARM.Collect$$rtentry$$00000004)
    .ARM.Collect$$rtentry$$00000009          0x0800016e   Section        0  __rtentry2.o(.ARM.Collect$$rtentry$$00000009)
    .ARM.Collect$$rtentry$$0000000A          0x0800016e   Section        4  __rtentry2.o(.ARM.Collect$$rtentry$$0000000A)
    .ARM.Collect$$rtentry$$0000000B          0x08000172   Section        8  __rtentry2.o(.ARM.Collect$$rtentry$$0000000B)
    .ARM.Collect$$rtentry$$0000000D          0x0800017a   Section        8  __rtentry2.o(.ARM.Collect$$rtentry$$0000000D)
    .ARM.Collect$$rtexit$$00000000           0x08000182   Section        2  rtexit.o(.ARM.Collect$$rtexit$$00000000)
    .ARM.Collect$$rtexit$$00000002           0x08000184   Section        0  rtexit2.o(.ARM.Collect$$rtexit$$00000002)
    .ARM.Collect$$rtexit$$00000003           0x08000184   Section        4  rtexit2.o(.ARM.Collect$$rtexit$$00000003)
    .ARM.Collect$$rtexit$$00000004           0x08000188   Section        6  rtexit2.o(.ARM.Collect$$rtexit$$00000004)
    .emb_text                                0x08000190   Section       28  rtx_conf_cm.o(.emb_text)
    .emb_text                                0x080001ac   Section      304  hal_cm3.o(.emb_text)
    .text                                    0x080002dc   Section        0  main.o(.text)
    .text                                    0x08000430   Section        0  led_mcbstm32e.o(.text)
    .text                                    0x0800054c   Section        0  rtx_conf_cm.o(.text)
    __tagsym$$used                           0x080005ad   Number         0  rtx_conf_cm.o(.text)
    __tagsym$$used                           0x080005c3   Number         0  rtx_conf_cm.o(.text)
    .text                                    0x080005f0   Section        0  gpio_stm32f10x.o(.text)
    .text                                    0x080008b0   Section       64  startup_stm32f10x_md.o(.text)
    .text                                    0x080008f0   Section        0  system_stm32f10x.o(.text)
    SetSysClockTo72                          0x080008f1   Thumb Code   214  system_stm32f10x.o(.text)
    SetSysClock                              0x080009c7   Thumb Code     8  system_stm32f10x.o(.text)
    .text                                    0x08000ad0   Section        8  libspace.o(.text)
    .text                                    0x08000ad8   Section      238  lludivv7m.o(.text)
    .text                                    0x08000bc6   Section        0  exit.o(.text)
    .text                                    0x08000bd8   Section        0  heapauxi.o(.text)
    .text                                    0x08000be0   Section        0  sys_exit.o(.text)
    .text                                    0x08000bec   Section       74  sys_stackheap_outer.o(.text)
    .text                                    0x08000c36   Section        2  use_no_semi.o(.text)
    .text                                    0x08000c38   Section        0  indicate_semi.o(.text)
    SVC_TABLE                                0x08000c38   Section        4  svc_table.o(SVC_TABLE)
    i._init_box                              0x08000c3c   Section        0  rt_membox.o(i._init_box)
    i.dbg_init                               0x08000c84   Section        0  hal_cm.o(i.dbg_init)
    i.dbg_task_notify                        0x08000cb4   Section        0  hal_cm.o(i.dbg_task_notify)
    i.dbg_task_switch                        0x08000cd4   Section        0  hal_cm.o(i.dbg_task_switch)
    i.isrMessageGet                          0x08000ce4   Section        0  rt_cmsis.o(i.isrMessageGet)
    i.isrMessagePut                          0x08000d0e   Section        0  rt_cmsis.o(i.isrMessagePut)
    i.isrSignalSet                           0x08000d3a   Section        0  rt_cmsis.o(i.isrSignalSet)
    i.isr_evt_set                            0x08000d60   Section        0  rt_event.o(i.isr_evt_set)
    i.isr_mbx_receive                        0x08000d88   Section        0  rt_mailbox.o(i.isr_mbx_receive)
    i.isr_mbx_send                           0x08000dde   Section        0  rt_mailbox.o(i.isr_mbx_send)
    i.osDelay                                0x08000dec   Section        0  rt_cmsis.o(i.osDelay)
    i.osKernelInitialize                     0x08000e04   Section        0  rt_cmsis.o(i.osKernelInitialize)
    i.osKernelStart                          0x08000e28   Section        0  rt_cmsis.o(i.osKernelStart)
    i.osMessageGet                           0x08000e94   Section        0  rt_cmsis.o(i.osMessageGet)
    i.osSignalSet                            0x08000eac   Section        0  rt_cmsis.o(i.osSignalSet)
    i.osSignalWait                           0x08000ec4   Section        0  rt_cmsis.o(i.osSignalWait)
    i.osThreadCreate                         0x08000edc   Section        0  rt_cmsis.o(i.osThreadCreate)
    i.osThreadExit                           0x08000f08   Section        0  rt_cmsis.o(i.osThreadExit)
    i.osTimerCall                            0x08000f20   Section        0  rt_cmsis.o(i.osTimerCall)
    i.osTimerCreate                          0x08000f2c   Section        0  rt_cmsis.o(i.osTimerCreate)
    i.osTimerStart                           0x08000f58   Section        0  rt_cmsis.o(i.osTimerStart)
    i.osTimerThread                          0x08000f70   Section        0  rt_cmsis.o(i.osTimerThread)
    i.os_tick_init                           0x08000f9c   Section        0  rt_system.o(i.os_tick_init)
    i.os_tick_irqack                         0x08000fc4   Section        0  rt_system.o(i.os_tick_irqack)
    i.rt_alloc_box                           0x08000fc6   Section        0  rt_membox.o(i.rt_alloc_box)
    i.rt_alloc_mem                           0x08000fe0   Section        0  rt_memory.o(i.rt_alloc_mem)
    i.rt_block                               0x08001020   Section        0  rt_task.o(i.rt_block)
    i.rt_chk_robin                           0x08001058   Section        0  rt_robin.o(i.rt_chk_robin)
    i.rt_dec_dly                             0x080010a0   Section        0  rt_list.o(i.rt_dec_dly)
    i.rt_dispatch                            0x08001110   Section        0  rt_task.o(i.rt_dispatch)
    i.rt_dly_wait                            0x08001154   Section        0  rt_time.o(i.rt_dly_wait)
    i.rt_evt_psh                             0x0800115c   Section        0  rt_event.o(i.rt_evt_psh)
    i.rt_evt_set                             0x080011ac   Section        0  rt_event.o(i.rt_evt_set)
    i.rt_evt_wait                            0x08001208   Section        0  rt_event.o(i.rt_evt_wait)
    i.rt_free_box                            0x08001244   Section        0  rt_membox.o(i.rt_free_box)
    i.rt_free_mem                            0x08001270   Section        0  rt_memory.o(i.rt_free_mem)
    i.rt_get_first                           0x08001298   Section        0  rt_list.o(i.rt_get_first)
    i.rt_id2obj                              0x080012c0   Section        0  rt_cmsis.o(i.rt_id2obj)
    rt_id2obj                                0x080012c1   Thumb Code     8  rt_cmsis.o(i.rt_id2obj)
    i.rt_init_context                        0x080012c8   Section        0  rt_task.o(i.rt_init_context)
    rt_init_context                          0x080012c9   Thumb Code    66  rt_task.o(i.rt_init_context)
    i.rt_init_mem                            0x08001310   Section        0  rt_memory.o(i.rt_init_mem)
    i.rt_init_robin                          0x0800132c   Section        0  rt_robin.o(i.rt_init_robin)
    i.rt_init_stack                          0x08001344   Section        0  hal_cm.o(i.rt_init_stack)
    i.rt_mbx_check                           0x080013c4   Section        0  rt_mailbox.o(i.rt_mbx_check)
    i.rt_mbx_init                            0x080013cc   Section        0  rt_mailbox.o(i.rt_mbx_init)
    i.rt_mbx_psh                             0x080013e8   Section        0  rt_mailbox.o(i.rt_mbx_psh)
    i.rt_mbx_wait                            0x080014d8   Section        0  rt_mailbox.o(i.rt_mbx_wait)
    i.rt_ms2tick                             0x0800158c   Section        0  rt_cmsis.o(i.rt_ms2tick)
    rt_ms2tick                               0x0800158d   Thumb Code    58  rt_cmsis.o(i.rt_ms2tick)
    i.rt_mut_init                            0x080015d0   Section        0  rt_mutex.o(i.rt_mut_init)
    i.rt_mut_release                         0x080015e0   Section        0  rt_mutex.o(i.rt_mut_release)
    i.rt_mut_wait                            0x080016b8   Section        0  rt_mutex.o(i.rt_mut_wait)
    i.rt_pop_req                             0x08001730   Section        0  rt_system.o(i.rt_pop_req)
    i.rt_psh_req                             0x080017ac   Section        0  rt_system.o(i.rt_psh_req)
    i.rt_psq_enq                             0x080017cc   Section        0  rt_list.o(i.rt_psq_enq)
    i.rt_put_dly                             0x08001828   Section        0  rt_list.o(i.rt_put_dly)
    i.rt_put_prio                            0x08001870   Section        0  rt_list.o(i.rt_put_prio)
    i.rt_put_rdy_first                       0x080018a8   Section        0  rt_list.o(i.rt_put_rdy_first)
    i.rt_resort_prio                         0x080018bc   Section        0  rt_list.o(i.rt_resort_prio)
    i.rt_ret_val                             0x080018f0   Section        0  hal_cm.o(i.rt_ret_val)
    i.rt_ret_val2                            0x080018f6   Section        0  hal_cm.o(i.rt_ret_val2)
    i.rt_rmv_dly                             0x080018fe   Section        0  rt_list.o(i.rt_rmv_dly)
    i.rt_rmv_list                            0x08001928   Section        0  rt_list.o(i.rt_rmv_list)
    i.rt_sem_psh                             0x08001958   Section        0  rt_semaphore.o(i.rt_sem_psh)
    i.rt_stk_check                           0x0800198c   Section        0  rt_system.o(i.rt_stk_check)
    i.rt_switch_req                          0x080019b0   Section        0  rt_task.o(i.rt_switch_req)
    i.rt_sys_init                            0x080019d8   Section        0  rt_task.o(i.rt_sys_init)
    i.rt_sys_start                           0x08001aa4   Section        0  rt_task.o(i.rt_sys_start)
    i.rt_systick                             0x08001b1c   Section        0  rt_system.o(i.rt_systick)
    i.rt_tid2ptcb                            0x08001b5c   Section        0  rt_cmsis.o(i.rt_tid2ptcb)
    rt_tid2ptcb                              0x08001b5d   Thumb Code    18  rt_cmsis.o(i.rt_tid2ptcb)
    i.rt_timer_insert                        0x08001b70   Section        0  rt_cmsis.o(i.rt_timer_insert)
    rt_timer_insert                          0x08001b71   Thumb Code    48  rt_cmsis.o(i.rt_timer_insert)
    i.rt_timer_remove                        0x08001ba4   Section        0  rt_cmsis.o(i.rt_timer_remove)
    rt_timer_remove                          0x08001ba5   Thumb Code    56  rt_cmsis.o(i.rt_timer_remove)
    i.rt_tsk_create                          0x08001be0   Section        0  rt_task.o(i.rt_tsk_create)
    i.rt_tsk_delete                          0x08001c68   Section        0  rt_task.o(i.rt_tsk_delete)
    i.rt_tsk_prio                            0x08001de4   Section        0  rt_task.o(i.rt_tsk_prio)
    i.rt_tsk_self                            0x08001e60   Section        0  rt_task.o(i.rt_tsk_self)
    i.svcDelay                               0x08001e70   Section        0  rt_cmsis.o(i.svcDelay)
    i.svcKernelInitialize                    0x08001e84   Section        0  rt_cmsis.o(i.svcKernelInitialize)
    i.svcKernelStart                         0x08001ef4   Section        0  rt_cmsis.o(i.svcKernelStart)
    i.svcMessageCreate                       0x08001f3c   Section        0  rt_cmsis.o(i.svcMessageCreate)
    i.svcMessageGet                          0x08001f60   Section        0  rt_cmsis.o(i.svcMessageGet)
    i.svcSignalSet                           0x08001f9a   Section        0  rt_cmsis.o(i.svcSignalSet)
    i.svcSignalWait                          0x08001fc0   Section        0  rt_cmsis.o(i.svcSignalWait)
    i.svcThreadCreate                        0x08002014   Section        0  rt_cmsis.o(i.svcThreadCreate)
    i.svcThreadGetId                         0x08002080   Section        0  rt_cmsis.o(i.svcThreadGetId)
    i.svcThreadTerminate                     0x0800209c   Section        0  rt_cmsis.o(i.svcThreadTerminate)
    i.svcTimerCall                           0x080020d4   Section        0  rt_cmsis.o(i.svcTimerCall)
    i.svcTimerCreate                         0x080020ec   Section        0  rt_cmsis.o(i.svcTimerCreate)
    i.svcTimerStart                          0x08002124   Section        0  rt_cmsis.o(i.svcTimerStart)
    i.sysTimerTick                           0x08002188   Section        0  rt_cmsis.o(i.sysTimerTick)
    .constdata                               0x080021e4   Section       64  main.o(.constdata)
    .constdata                               0x08002224   Section       64  led_mcbstm32e.o(.constdata)
    .constdata                               0x08002264   Section      104  rtx_conf_cm.o(.constdata)
    __tagsym$$used                           0x08002280   Number         0  rtx_conf_cm.o(.constdata)
    __tagsym$$used                           0x08002284   Number         0  rtx_conf_cm.o(.constdata)
    __tagsym$$used                           0x08002288   Number         0  rtx_conf_cm.o(.constdata)
    __tagsym$$used                           0x0800228c   Number         0  rtx_conf_cm.o(.constdata)
    .data                                    0x20000000   Section        8  main.o(.data)
    .data                                    0x20000008   Section       20  rtx_conf_cm.o(.data)
    nr_mutex                                 0x20000018   Data           4  rtx_conf_cm.o(.data)
    .data                                    0x2000001c   Section       20  system_stm32f10x.o(.data)
    .data                                    0x20000030   Section        8  rt_cmsis.o(.data)
    .data                                    0x20000038   Section        8  rt_task.o(.data)
    .data                                    0x20000040   Section        8  rt_system.o(.data)
    os_lock                                  0x20000040   Data           1  rt_system.o(.data)
    os_psh_flag                              0x20000041   Data           1  rt_system.o(.data)
    pend_flags                               0x20000042   Data           1  rt_system.o(.data)
    .data                                    0x20000048   Section        4  rt_time.o(.data)
    .data                                    0x2000004c   Section        8  rt_robin.o(.data)
    .data                                    0x20000054   Section        1  hal_cm.o(.data)
    .bss                                     0x20000058   Section       96  main.o(.bss)
    .bss                                     0x200000b8   Section     3016  rtx_conf_cm.o(.bss)
    std_libspace                             0x20000960   Data         672  rtx_conf_cm.o(.bss)
    std_libmutex                             0x20000c00   Data         128  rtx_conf_cm.o(.bss)
    .bss                                     0x20000c80   Section       52  rt_task.o(.bss)
    .bss                                     0x20000cb4   Section       48  rt_list.o(.bss)
    .bss                                     0x20000ce4   Section       96  libspace.o(.bss)
    HEAP                                     0x20000d48   Section      512  startup_stm32f10x_md.o(HEAP)
    Heap_Mem                                 0x20000d48   Data         512  startup_stm32f10x_md.o(HEAP)
    STACK                                    0x20000f48   Section     1024  startup_stm32f10x_md.o(STACK)
    Stack_Mem                                0x20000f48   Data        1024  startup_stm32f10x_md.o(STACK)
    __initial_sp                             0x20001348   Data           0  startup_stm32f10x_md.o(STACK)

    Global Symbols

    Symbol Name                              Value     Ov Type        Size  Object(Section)

    BuildAttributes$$THM_ISAv4$P$D$K$B$S$PE$A:L22UL41UL21$X:L11$S22US41US21$IEEE1$IW$USESV6$~STKCKD$USESV7$~SHL$OSPACE$ROPI$EBA8$UX$STANDARDLIB$REQ8$PRES8$EABIv2 0x00000000   Number         0  anon$$obj.o ABSOLUTE
    __ARM_use_no_argv                        0x00000000   Number         0  main.o ABSOLUTE
    __ARM_exceptions_init                     - Undefined Weak Reference
    __alloca_initialize                       - Undefined Weak Reference
    __arm_preinit_                            - Undefined Weak Reference
    __cpp_initialize__aeabi_                  - Undefined Weak Reference
    __cxa_finalize                            - Undefined Weak Reference
    __rt_locale                               - Undefined Weak Reference
    __sigvec_lookup                           - Undefined Weak Reference
    _atexit_init                              - Undefined Weak Reference
    _call_atexit_fns                          - Undefined Weak Reference
    _clock_init                               - Undefined Weak Reference
    _fp_trap_init                             - Undefined Weak Reference
    _fp_trap_shutdown                         - Undefined Weak Reference
    _get_lc_collate                           - Undefined Weak Reference
    _get_lc_ctype                             - Undefined Weak Reference
    _get_lc_monetary                          - Undefined Weak Reference
    _get_lc_numeric                           - Undefined Weak Reference
    _get_lc_time                              - Undefined Weak Reference
    _getenv_init                              - Undefined Weak Reference
    _handle_redirection                       - Undefined Weak Reference
    _init_alloc                               - Undefined Weak Reference
    _init_user_alloc                          - Undefined Weak Reference
    _initio                                   - Undefined Weak Reference
    _rand_init                                - Undefined Weak Reference
    _signal_finish                            - Undefined Weak Reference
    _signal_init                              - Undefined Weak Reference
    _terminate_alloc                          - Undefined Weak Reference
    _terminate_user_alloc                     - Undefined Weak Reference
    _terminateio                              - Undefined Weak Reference
    __Vectors_Size                           0x000000ec   Number         0  startup_stm32f10x_md.o ABSOLUTE
    __RL_RTX_VER                             0x00000482   Number         0  rt_system.o ABSOLUTE
    __Vectors                                0x08000000   Data           4  startup_stm32f10x_md.o(RESET)
    __Vectors_End                            0x080000ec   Data           0  startup_stm32f10x_md.o(RESET)
    __main                                   0x080000ed   Thumb Code     8  __main.o(!!!main)
    __scatterload                            0x080000f5   Thumb Code     0  __scatter.o(!!!scatter)
    __scatterload_rt2                        0x080000f5   Thumb Code    44  __scatter.o(!!!scatter)
    __scatterload_rt2_thumb_only             0x080000f5   Thumb Code     0  __scatter.o(!!!scatter)
    __scatterload_null                       0x08000103   Thumb Code     0  __scatter.o(!!!scatter)
    __scatterload_copy                       0x08000129   Thumb Code    26  __scatter_copy.o(!!handler_copy)
    __scatterload_zeroinit                   0x08000145   Thumb Code    28  __scatter_zi.o(!!handler_zi)
    __rt_lib_init                            0x08000161   Thumb Code     0  libinit.o(.ARM.Collect$$libinit$$00000000)
    __rt_lib_init_alloca_1                   0x08000163   Thumb Code     0  libinit2.o(.ARM.Collect$$libinit$$0000002E)
    __rt_lib_init_argv_1                     0x08000163   Thumb Code     0  libinit2.o(.ARM.Collect$$libinit$$0000002C)
    __rt_lib_init_atexit_1                   0x08000163   Thumb Code     0  libinit2.o(.ARM.Collect$$libinit$$0000001B)
    __rt_lib_init_clock_1                    0x08000163   Thumb Code     0  libinit2.o(.ARM.Collect$$libinit$$00000021)
    __rt_lib_init_cpp_1                      0x08000163   Thumb Code     0  libinit2.o(.ARM.Collect$$libinit$$00000032)
    __rt_lib_init_exceptions_1               0x08000163   Thumb Code     0  libinit2.o(.ARM.Collect$$libinit$$00000030)
    __rt_lib_init_fp_1                       0x08000163   Thumb Code     0  libinit2.o(.ARM.Collect$$libinit$$00000002)
    __rt_lib_init_fp_trap_1                  0x08000163   Thumb Code     0  libinit2.o(.ARM.Collect$$libinit$$0000001F)
    __rt_lib_init_getenv_1                   0x08000163   Thumb Code     0  libinit2.o(.ARM.Collect$$libinit$$00000023)
    __rt_lib_init_heap_1                     0x08000163   Thumb Code     0  libinit2.o(.ARM.Collect$$libinit$$0000000A)
    __rt_lib_init_lc_collate_1               0x08000163   Thumb Code     0  libinit2.o(.ARM.Collect$$libinit$$00000011)
    __rt_lib_init_lc_ctype_1                 0x08000163   Thumb Code     0  libinit2.o(.ARM.Collect$$libinit$$00000013)
    __rt_lib_init_lc_monetary_1              0x08000163   Thumb Code     0  libinit2.o(.ARM.Collect$$libinit$$00000015)
    __rt_lib_init_lc_numeric_1               0x08000163   Thumb Code     0  libinit2.o(.ARM.Collect$$libinit$$00000017)
    __rt_lib_init_lc_time_1                  0x08000163   Thumb Code     0  libinit2.o(.ARM.Collect$$libinit$$00000019)
    __rt_lib_init_preinit_1                  0x08000163   Thumb Code     0  libinit2.o(.ARM.Collect$$libinit$$00000004)
    __rt_lib_init_rand_1                     0x08000163   Thumb Code     0  libinit2.o(.ARM.Collect$$libinit$$0000000E)
    __rt_lib_init_return                     0x08000163   Thumb Code     0  libinit2.o(.ARM.Collect$$libinit$$00000033)
    __rt_lib_init_signal_1                   0x08000163   Thumb Code     0  libinit2.o(.ARM.Collect$$libinit$$0000001D)
    __rt_lib_init_stdio_1                    0x08000163   Thumb Code     0  libinit2.o(.ARM.Collect$$libinit$$00000025)
    __rt_lib_init_user_alloc_1               0x08000163   Thumb Code     0  libinit2.o(.ARM.Collect$$libinit$$0000000C)
    __rt_lib_shutdown                        0x08000165   Thumb Code     0  libshutdown.o(.ARM.Collect$$libshutdown$$00000000)
    __rt_lib_shutdown_cpp_1                  0x08000167   Thumb Code     0  libshutdown2.o(.ARM.Collect$$libshutdown$$00000002)
    __rt_lib_shutdown_fp_trap_1              0x08000167   Thumb Code     0  libshutdown2.o(.ARM.Collect$$libshutdown$$00000007)
    __rt_lib_shutdown_heap_1                 0x08000167   Thumb Code     0  libshutdown2.o(.ARM.Collect$$libshutdown$$0000000F)
    __rt_lib_shutdown_return                 0x08000167   Thumb Code     0  libshutdown2.o(.ARM.Collect$$libshutdown$$00000010)
    __rt_lib_shutdown_signal_1               0x08000167   Thumb Code     0  libshutdown2.o(.ARM.Collect$$libshutdown$$0000000A)
    __rt_lib_shutdown_stdio_1                0x08000167   Thumb Code     0  libshutdown2.o(.ARM.Collect$$libshutdown$$00000004)
    __rt_lib_shutdown_user_alloc_1           0x08000167   Thumb Code     0  libshutdown2.o(.ARM.Collect$$libshutdown$$0000000C)
    __rt_entry                               0x08000169   Thumb Code     0  __rtentry.o(.ARM.Collect$$rtentry$$00000000)
    __rt_entry_presh_1                       0x08000169   Thumb Code     0  __rtentry2.o(.ARM.Collect$$rtentry$$00000002)
    __rt_entry_sh                            0x08000169   Thumb Code     0  __rtentry4.o(.ARM.Collect$$rtentry$$00000004)
    __rt_entry_li                            0x0800016f   Thumb Code     0  __rtentry2.o(.ARM.Collect$$rtentry$$0000000A)
    __rt_entry_postsh_1                      0x0800016f   Thumb Code     0  __rtentry2.o(.ARM.Collect$$rtentry$$00000009)
    __rt_entry_postli_1                      0x08000173   Thumb Code     0  __rtentry2.o(.ARM.Collect$$rtentry$$0000000B)
    __rt_entry_main                          0x0800017b   Thumb Code     0  __rtentry2.o(.ARM.Collect$$rtentry$$0000000D)
    __rt_exit                                0x08000183   Thumb Code     0  rtexit.o(.ARM.Collect$$rtexit$$00000000)
    __rt_exit_ls                             0x08000185   Thumb Code     0  rtexit2.o(.ARM.Collect$$rtexit$$00000003)
    __rt_exit_prels_1                        0x08000185   Thumb Code     0  rtexit2.o(.ARM.Collect$$rtexit$$00000002)
    __rt_exit_exit                           0x08000189   Thumb Code     0  rtexit2.o(.ARM.Collect$$rtexit$$00000004)
    _platform_post_lib_init                  0x08000191   Thumb Code    24  rtx_conf_cm.o(.emb_text)
    rt_set_PSP                               0x080001ad   Thumb Code     6  hal_cm3.o(.emb_text)
    rt_get_PSP                               0x080001b3   Thumb Code     6  hal_cm3.o(.emb_text)
    os_set_env                               0x080001b9   Thumb Code    24  hal_cm3.o(.emb_text)
    _alloc_box                               0x080001d5   Thumb Code    28  hal_cm3.o(.emb_text)
    _free_box                                0x080001f5   Thumb Code    28  hal_cm3.o(.emb_text)
    SVC_Handler                              0x08000215   Thumb Code   108  hal_cm3.o(.emb_text)
    PendSV_Handler                           0x0800028d   Thumb Code    56  hal_cm3.o(.emb_text)
    SysTick_Handler                          0x080002c9   Thumb Code     8  hal_cm3.o(.emb_text)
    OS_Tick_Handler                          0x080002d1   Thumb Code    12  hal_cm3.o(.emb_text)
    callback                                 0x080002dd   Thumb Code    76  main.o(.text)
    ledThread1                               0x08000329   Thumb Code    46  main.o(.text)
    ledThread2                               0x08000357   Thumb Code    52  main.o(.text)
    main                                     0x0800038b   Thumb Code   130  main.o(.text)
    LED_Initialize                           0x08000431   Thumb Code    86  led_mcbstm32e.o(.text)
    LED_Uninitialize                         0x08000487   Thumb Code    38  led_mcbstm32e.o(.text)
    LED_On                                   0x080004ad   Thumb Code    56  led_mcbstm32e.o(.text)
    LED_Off                                  0x080004e5   Thumb Code    56  led_mcbstm32e.o(.text)
    LED_SetOut                               0x0800051d   Thumb Code    40  led_mcbstm32e.o(.text)
    LED_GetCount                             0x08000545   Thumb Code     4  led_mcbstm32e.o(.text)
    os_idle_demon                            0x0800054d   Thumb Code     4  rtx_conf_cm.o(.text)
    os_error                                 0x08000551   Thumb Code    26  rtx_conf_cm.o(.text)
    __user_perthread_libspace                0x0800056b   Thumb Code    32  rtx_conf_cm.o(.text)
    _mutex_initialize                        0x0800058b   Thumb Code    34  rtx_conf_cm.o(.text)
    _mutex_acquire                           0x080005ad   Thumb Code    22  rtx_conf_cm.o(.text)
    _mutex_release                           0x080005c3   Thumb Code    18  rtx_conf_cm.o(.text)
    GPIO_PortClock                           0x080005f1   Thumb Code   284  gpio_stm32f10x.o(.text)
    GPIO_GetPortClockState                   0x0800070d   Thumb Code   118  gpio_stm32f10x.o(.text)
    GPIO_PinConfigure                        0x08000783   Thumb Code   120  gpio_stm32f10x.o(.text)
    GPIO_AFConfigure                         0x080007fb   Thumb Code   146  gpio_stm32f10x.o(.text)
    Reset_Handler                            0x080008b1   Thumb Code     8  startup_stm32f10x_md.o(.text)
    NMI_Handler                              0x080008b9   Thumb Code     2  startup_stm32f10x_md.o(.text)
    HardFault_Handler                        0x080008bb   Thumb Code     2  startup_stm32f10x_md.o(.text)
    MemManage_Handler                        0x080008bd   Thumb Code     2  startup_stm32f10x_md.o(.text)
    BusFault_Handler                         0x080008bf   Thumb Code     2  startup_stm32f10x_md.o(.text)
    UsageFault_Handler                       0x080008c1   Thumb Code     2  startup_stm32f10x_md.o(.text)
    DebugMon_Handler                         0x080008c5   Thumb Code     2  startup_stm32f10x_md.o(.text)
    ADC1_2_IRQHandler                        0x080008cb   Thumb Code     0  startup_stm32f10x_md.o(.text)
    CAN1_RX1_IRQHandler                      0x080008cb   Thumb Code     0  startup_stm32f10x_md.o(.text)
    CAN1_SCE_IRQHandler                      0x080008cb   Thumb Code     0  startup_stm32f10x_md.o(.text)
    DMA1_Channel1_IRQHandler                 0x080008cb   Thumb Code     0  startup_stm32f10x_md.o(.text)
    DMA1_Channel2_IRQHandler                 0x080008cb   Thumb Code     0  startup_stm32f10x_md.o(.text)
    DMA1_Channel3_IRQHandler                 0x080008cb   Thumb Code     0  startup_stm32f10x_md.o(.text)
    DMA1_Channel4_IRQHandler                 0x080008cb   Thumb Code     0  startup_stm32f10x_md.o(.text)
    DMA1_Channel5_IRQHandler                 0x080008cb   Thumb Code     0  startup_stm32f10x_md.o(.text)
    DMA1_Channel6_IRQHandler                 0x080008cb   Thumb Code     0  startup_stm32f10x_md.o(.text)
    DMA1_Channel7_IRQHandler                 0x080008cb   Thumb Code     0  startup_stm32f10x_md.o(.text)
    EXTI0_IRQHandler                         0x080008cb   Thumb Code     0  startup_stm32f10x_md.o(.text)
    EXTI15_10_IRQHandler                     0x080008cb   Thumb Code     0  startup_stm32f10x_md.o(.text)
    EXTI1_IRQHandler                         0x080008cb   Thumb Code     0  startup_stm32f10x_md.o(.text)
    EXTI2_IRQHandler                         0x080008cb   Thumb Code     0  startup_stm32f10x_md.o(.text)
    EXTI3_IRQHandler                         0x080008cb   Thumb Code     0  startup_stm32f10x_md.o(.text)
    EXTI4_IRQHandler                         0x080008cb   Thumb Code     0  startup_stm32f10x_md.o(.text)
    EXTI9_5_IRQHandler                       0x080008cb   Thumb Code     0  startup_stm32f10x_md.o(.text)
    FLASH_IRQHandler                         0x080008cb   Thumb Code     0  startup_stm32f10x_md.o(.text)
    I2C1_ER_IRQHandler                       0x080008cb   Thumb Code     0  startup_stm32f10x_md.o(.text)
    I2C1_EV_IRQHandler                       0x080008cb   Thumb Code     0  startup_stm32f10x_md.o(.text)
    I2C2_ER_IRQHandler                       0x080008cb   Thumb Code     0  startup_stm32f10x_md.o(.text)
    I2C2_EV_IRQHandler                       0x080008cb   Thumb Code     0  startup_stm32f10x_md.o(.text)
    PVD_IRQHandler                           0x080008cb   Thumb Code     0  startup_stm32f10x_md.o(.text)
    RCC_IRQHandler                           0x080008cb   Thumb Code     0  startup_stm32f10x_md.o(.text)
    RTCAlarm_IRQHandler                      0x080008cb   Thumb Code     0  startup_stm32f10x_md.o(.text)
    RTC_IRQHandler                           0x080008cb   Thumb Code     0  startup_stm32f10x_md.o(.text)
    SPI1_IRQHandler                          0x080008cb   Thumb Code     0  startup_stm32f10x_md.o(.text)
    SPI2_IRQHandler                          0x080008cb   Thumb Code     0  startup_stm32f10x_md.o(.text)
    TAMPER_IRQHandler                        0x080008cb   Thumb Code     0  startup_stm32f10x_md.o(.text)
    TIM1_BRK_IRQHandler                      0x080008cb   Thumb Code     0  startup_stm32f10x_md.o(.text)
    TIM1_CC_IRQHandler                       0x080008cb   Thumb Code     0  startup_stm32f10x_md.o(.text)
    TIM1_TRG_COM_IRQHandler                  0x080008cb   Thumb Code     0  startup_stm32f10x_md.o(.text)
    TIM1_UP_IRQHandler                       0x080008cb   Thumb Code     0  startup_stm32f10x_md.o(.text)
    TIM2_IRQHandler                          0x080008cb   Thumb Code     0  startup_stm32f10x_md.o(.text)
    TIM3_IRQHandler                          0x080008cb   Thumb Code     0  startup_stm32f10x_md.o(.text)
    TIM4_IRQHandler                          0x080008cb   Thumb Code     0  startup_stm32f10x_md.o(.text)
    USART1_IRQHandler                        0x080008cb   Thumb Code     0  startup_stm32f10x_md.o(.text)
    USART2_IRQHandler                        0x080008cb   Thumb Code     0  startup_stm32f10x_md.o(.text)
    USART3_IRQHandler                        0x080008cb   Thumb Code     0  startup_stm32f10x_md.o(.text)
    USBWakeUp_IRQHandler                     0x080008cb   Thumb Code     0  startup_stm32f10x_md.o(.text)
    USB_HP_CAN1_TX_IRQHandler                0x080008cb   Thumb Code     0  startup_stm32f10x_md.o(.text)
    USB_LP_CAN1_RX0_IRQHandler               0x080008cb   Thumb Code     0  startup_stm32f10x_md.o(.text)
    WWDG_IRQHandler                          0x080008cb   Thumb Code     0  startup_stm32f10x_md.o(.text)
    __user_initial_stackheap                 0x080008cd   Thumb Code     0  startup_stm32f10x_md.o(.text)
    SystemInit                               0x080009cf   Thumb Code    78  system_stm32f10x.o(.text)
    SystemCoreClockUpdate                    0x08000a1d   Thumb Code   142  system_stm32f10x.o(.text)
    __user_libspace                          0x08000ad1   Thumb Code     8  libspace.o(.text)
    __user_perproc_libspace                  0x08000ad1   Thumb Code     0  libspace.o(.text)
    __aeabi_uldivmod                         0x08000ad9   Thumb Code     0  lludivv7m.o(.text)
    _ll_udiv                                 0x08000ad9   Thumb Code   238  lludivv7m.o(.text)
    exit                                     0x08000bc7   Thumb Code    18  exit.o(.text)
    __use_two_region_memory                  0x08000bd9   Thumb Code     2  heapauxi.o(.text)
    __rt_heap_escrow$2region                 0x08000bdb   Thumb Code     2  heapauxi.o(.text)
    __rt_heap_expand$2region                 0x08000bdd   Thumb Code     2  heapauxi.o(.text)
    _sys_exit                                0x08000be1   Thumb Code     8  sys_exit.o(.text)
    __user_setup_stackheap                   0x08000bed   Thumb Code    74  sys_stackheap_outer.o(.text)
    __I$use$semihosting                      0x08000c37   Thumb Code     0  use_no_semi.o(.text)
    __use_no_semihosting_swi                 0x08000c37   Thumb Code     2  use_no_semi.o(.text)
    SVC_Count                                0x08000c38   Data           4  svc_table.o(SVC_TABLE)
    __semihosting_library_function           0x08000c39   Thumb Code     0  indicate_semi.o(.text)
    SVC_Table                                0x08000c3c   Data           0  svc_table.o(SVC_TABLE)
    _init_box                                0x08000c3d   Thumb Code    70  rt_membox.o(i._init_box)
    dbg_init                                 0x08000c85   Thumb Code    34  hal_cm.o(i.dbg_init)
    dbg_task_notify                          0x08000cb5   Thumb Code    32  hal_cm.o(i.dbg_task_notify)
    dbg_task_switch                          0x08000cd5   Thumb Code    16  hal_cm.o(i.dbg_task_switch)
    isrMessageGet                            0x08000ce5   Thumb Code    42  rt_cmsis.o(i.isrMessageGet)
    isrMessagePut                            0x08000d0f   Thumb Code    44  rt_cmsis.o(i.isrMessagePut)
    isrSignalSet                             0x08000d3b   Thumb Code    36  rt_cmsis.o(i.isrSignalSet)
    isr_evt_set                              0x08000d61   Thumb Code    34  rt_event.o(i.isr_evt_set)
    isr_mbx_receive                          0x08000d89   Thumb Code    86  rt_mailbox.o(i.isr_mbx_receive)
    isr_mbx_send                             0x08000ddf   Thumb Code    14  rt_mailbox.o(i.isr_mbx_send)
    osDelay                                  0x08000ded   Thumb Code    18  rt_cmsis.o(i.osDelay)
    osKernelInitialize                       0x08000e05   Thumb Code    30  rt_cmsis.o(i.osKernelInitialize)
    osKernelStart                            0x08000e29   Thumb Code    98  rt_cmsis.o(i.osKernelStart)
    osMessageGet                             0x08000e95   Thumb Code    18  rt_cmsis.o(i.osMessageGet)
    osSignalSet                              0x08000ead   Thumb Code    18  rt_cmsis.o(i.osSignalSet)
    osSignalWait                             0x08000ec5   Thumb Code    18  rt_cmsis.o(i.osSignalWait)
    osThreadCreate                           0x08000edd   Thumb Code    36  rt_cmsis.o(i.osThreadCreate)
    osThreadExit                             0x08000f09   Thumb Code    14  rt_cmsis.o(i.osThreadExit)
    osTimerCall                              0x08000f21   Thumb Code     8  rt_cmsis.o(i.osTimerCall)
    osTimerCreate                            0x08000f2d   Thumb Code    36  rt_cmsis.o(i.osTimerCreate)
    osTimerStart                             0x08000f59   Thumb Code    18  rt_cmsis.o(i.osTimerStart)
    osTimerThread                            0x08000f71   Thumb Code    38  rt_cmsis.o(i.osTimerThread)
    os_tick_init                             0x08000f9d   Thumb Code    32  rt_system.o(i.os_tick_init)
    os_tick_irqack                           0x08000fc5   Thumb Code     2  rt_system.o(i.os_tick_irqack)
    rt_alloc_box                             0x08000fc7   Thumb Code    26  rt_membox.o(i.rt_alloc_box)
    rt_alloc_mem                             0x08000fe1   Thumb Code    62  rt_memory.o(i.rt_alloc_mem)
    rt_block                                 0x08001021   Thumb Code    48  rt_task.o(i.rt_block)
    rt_chk_robin                             0x08001059   Thumb Code    60  rt_robin.o(i.rt_chk_robin)
    rt_dec_dly                               0x080010a1   Thumb Code   102  rt_list.o(i.rt_dec_dly)
    rt_dispatch                              0x08001111   Thumb Code    60  rt_task.o(i.rt_dispatch)
    rt_dly_wait                              0x08001155   Thumb Code     6  rt_time.o(i.rt_dly_wait)
    rt_evt_psh                               0x0800115d   Thumb Code    76  rt_event.o(i.rt_evt_psh)
    rt_evt_set                               0x080011ad   Thumb Code    88  rt_event.o(i.rt_evt_set)
    rt_evt_wait                              0x08001209   Thumb Code    56  rt_event.o(i.rt_evt_wait)
    rt_free_box                              0x08001245   Thumb Code    44  rt_membox.o(i.rt_free_box)
    rt_free_mem                              0x08001271   Thumb Code    40  rt_memory.o(i.rt_free_mem)
    rt_get_first                             0x08001299   Thumb Code    40  rt_list.o(i.rt_get_first)
    rt_init_mem                              0x08001311   Thumb Code    26  rt_memory.o(i.rt_init_mem)
    rt_init_robin                            0x0800132d   Thumb Code    14  rt_robin.o(i.rt_init_robin)
    rt_init_stack                            0x08001345   Thumb Code   118  hal_cm.o(i.rt_init_stack)
    rt_mbx_check                             0x080013c5   Thumb Code     8  rt_mailbox.o(i.rt_mbx_check)
    rt_mbx_init                              0x080013cd   Thumb Code    26  rt_mailbox.o(i.rt_mbx_init)
    rt_mbx_psh                               0x080013e9   Thumb Code   236  rt_mailbox.o(i.rt_mbx_psh)
    rt_mbx_wait                              0x080014d9   Thumb Code   174  rt_mailbox.o(i.rt_mbx_wait)
    rt_mut_init                              0x080015d1   Thumb Code    16  rt_mutex.o(i.rt_mut_init)
    rt_mut_release                           0x080015e1   Thumb Code   208  rt_mutex.o(i.rt_mut_release)
    rt_mut_wait                              0x080016b9   Thumb Code   114  rt_mutex.o(i.rt_mut_wait)
    rt_pop_req                               0x08001731   Thumb Code   112  rt_system.o(i.rt_pop_req)
    rt_psh_req                               0x080017ad   Thumb Code    22  rt_system.o(i.rt_psh_req)
    rt_psq_enq                               0x080017cd   Thumb Code    88  rt_list.o(i.rt_psq_enq)
    rt_put_dly                               0x08001829   Thumb Code    68  rt_list.o(i.rt_put_dly)
    rt_put_prio                              0x08001871   Thumb Code    54  rt_list.o(i.rt_put_prio)
    rt_put_rdy_first                         0x080018a9   Thumb Code    14  rt_list.o(i.rt_put_rdy_first)
    rt_resort_prio                           0x080018bd   Thumb Code    46  rt_list.o(i.rt_resort_prio)
    rt_ret_val                               0x080018f1   Thumb Code     6  hal_cm.o(i.rt_ret_val)
    rt_ret_val2                              0x080018f7   Thumb Code     8  hal_cm.o(i.rt_ret_val2)
    rt_rmv_dly                               0x080018ff   Thumb Code    40  rt_list.o(i.rt_rmv_dly)
    rt_rmv_list                              0x08001929   Thumb Code    44  rt_list.o(i.rt_rmv_list)
    rt_sem_psh                               0x08001959   Thumb Code    48  rt_semaphore.o(i.rt_sem_psh)
    rt_stk_check                             0x0800198d   Thumb Code    28  rt_system.o(i.rt_stk_check)
    rt_switch_req                            0x080019b1   Thumb Code    30  rt_task.o(i.rt_switch_req)
    rt_sys_init                              0x080019d9   Thumb Code   138  rt_task.o(i.rt_sys_init)
    rt_sys_start                             0x08001aa5   Thumb Code   110  rt_task.o(i.rt_sys_start)
    rt_systick                               0x08001b1d   Thumb Code    50  rt_system.o(i.rt_systick)
    rt_tsk_create                            0x08001be1   Thumb Code   118  rt_task.o(i.rt_tsk_create)
    rt_tsk_delete                            0x08001c69   Thumb Code   352  rt_task.o(i.rt_tsk_delete)
    rt_tsk_prio                              0x08001de5   Thumb Code   108  rt_task.o(i.rt_tsk_prio)
    rt_tsk_self                              0x08001e61   Thumb Code    12  rt_task.o(i.rt_tsk_self)
    svcDelay                                 0x08001e71   Thumb Code    18  rt_cmsis.o(i.svcDelay)
    svcKernelInitialize                      0x08001e85   Thumb Code    80  rt_cmsis.o(i.svcKernelInitialize)
    svcKernelStart                           0x08001ef5   Thumb Code    62  rt_cmsis.o(i.svcKernelStart)
    svcMessageCreate                         0x08001f3d   Thumb Code    36  rt_cmsis.o(i.svcMessageCreate)
    svcMessageGet                            0x08001f61   Thumb Code    58  rt_cmsis.o(i.svcMessageGet)
    svcSignalSet                             0x08001f9b   Thumb Code    36  rt_cmsis.o(i.svcSignalSet)
    svcSignalWait                            0x08001fc1   Thumb Code    80  rt_cmsis.o(i.svcSignalWait)
    svcThreadCreate                          0x08002015   Thumb Code    96  rt_cmsis.o(i.svcThreadCreate)
    svcThreadGetId                           0x08002081   Thumb Code    22  rt_cmsis.o(i.svcThreadGetId)
    svcThreadTerminate                       0x0800209d   Thumb Code    50  rt_cmsis.o(i.svcThreadTerminate)
    svcTimerCall                             0x080020d5   Thumb Code    24  rt_cmsis.o(i.svcTimerCall)
    svcTimerCreate                           0x080020ed   Thumb Code    52  rt_cmsis.o(i.svcTimerCreate)
    svcTimerStart                            0x08002125   Thumb Code    96  rt_cmsis.o(i.svcTimerStart)
    sysTimerTick                             0x08002189   Thumb Code    84  rt_cmsis.o(i.sysTimerTick)
    os_thread_def_ledThread1                 0x080021e4   Data          16  main.o(.constdata)
    os_thread_def_ledThread2                 0x080021f4   Data          16  main.o(.constdata)
    os_timer_def_timer0_handle               0x08002204   Data           8  main.o(.constdata)
    os_timer_def_timer1_handle               0x0800220c   Data           8  main.o(.constdata)
    os_timer_def_timer2_handle               0x08002214   Data           8  main.o(.constdata)
    os_timer_def_timer3_handle               0x0800221c   Data           8  main.o(.constdata)
    Pin_LED                                  0x08002224   Data          64  led_mcbstm32e.o(.constdata)
    os_maxtaskrun                            0x08002264   Data           2  rtx_conf_cm.o(.constdata)
    os_stackinfo                             0x08002268   Data           4  rtx_conf_cm.o(.constdata)
    os_rrobin                                0x0800226c   Data           4  rtx_conf_cm.o(.constdata)
    os_tickfreq                              0x08002270   Data           4  rtx_conf_cm.o(.constdata)
    os_tickus_i                              0x08002274   Data           2  rtx_conf_cm.o(.constdata)
    os_tickus_f                              0x08002276   Data           2  rtx_conf_cm.o(.constdata)
    os_trv                                   0x08002278   Data           4  rtx_conf_cm.o(.constdata)
    os_flags                                 0x0800227c   Data           1  rtx_conf_cm.o(.constdata)
    CMSIS_RTOS_API_Version                   0x08002280   Data           4  rtx_conf_cm.o(.constdata)
    CMSIS_RTOS_RTX_Version                   0x08002284   Data           4  rtx_conf_cm.o(.constdata)
    os_clockrate                             0x08002288   Data           4  rtx_conf_cm.o(.constdata)
    os_timernum                              0x0800228c   Data           4  rtx_conf_cm.o(.constdata)
    mp_tcb_size                              0x08002290   Data           2  rtx_conf_cm.o(.constdata)
    mp_stk_size                              0x08002294   Data           4  rtx_conf_cm.o(.constdata)
    os_stack_sz                              0x08002298   Data           4  rtx_conf_cm.o(.constdata)
    os_fifo_size                             0x0800229c   Data           1  rtx_conf_cm.o(.constdata)
    os_thread_def_osTimerThread              0x080022a0   Data          16  rtx_conf_cm.o(.constdata)
    os_messageQ_def_osTimerMessageQ          0x080022b0   Data           8  rtx_conf_cm.o(.constdata)
    mp_tmr_size                              0x080022b8   Data           2  rtx_conf_cm.o(.constdata)
    os_thread_def_main                       0x080022bc   Data          16  rtx_conf_cm.o(.constdata)
    Region$$Table$$Base                      0x080022cc   Number         0  anon$$obj.o(Region$$Table)
    Region$$Table$$Limit                     0x080022ec   Number         0  anon$$obj.o(Region$$Table)
    T_ledThread1                             0x20000000   Data           4  main.o(.data)
    T_ledThread2                             0x20000004   Data           4  main.o(.data)
    osThreadId_osTimerThread                 0x20000008   Data           4  rtx_conf_cm.o(.data)
    osMessageQId_osTimerMessageQ             0x2000000c   Data           4  rtx_conf_cm.o(.data)
    os_tmr                                   0x20000010   Data           4  rtx_conf_cm.o(.data)
    m_tmr                                    0x20000014   Data           4  rtx_conf_cm.o(.data)
    SystemCoreClock                          0x2000001c   Data           4  system_stm32f10x.o(.data)
    AHBPrescTable                            0x20000020   Data          16  system_stm32f10x.o(.data)
    os_initialized                           0x20000030   Data           1  rt_cmsis.o(.data)
    os_running                               0x20000031   Data           1  rt_cmsis.o(.data)
    os_timer_head                            0x20000034   Data           4  rt_cmsis.o(.data)
    os_tsk                                   0x20000038   Data           8  rt_task.o(.data)
    os_tick_irqn                             0x20000044   Data           4  rt_system.o(.data)
    os_time                                  0x20000048   Data           4  rt_time.o(.data)
    os_robin                                 0x2000004c   Data           8  rt_robin.o(.data)
    dbg_msg                                  0x20000054   Data           1  hal_cm.o(.data)
    os_timer_cb_timer0_handle                0x20000058   Data          24  main.o(.bss)
    os_timer_cb_timer1_handle                0x20000070   Data          24  main.o(.bss)
    os_timer_cb_timer2_handle                0x20000088   Data          24  main.o(.bss)
    os_timer_cb_timer3_handle                0x200000a0   Data          24  main.o(.bss)
    mp_tcb                                   0x200000b8   Data         376  rtx_conf_cm.o(.bss)
    mp_stk                                   0x20000230   Data        1216  rtx_conf_cm.o(.bss)
    os_stack_mem                             0x200006f0   Data         432  rtx_conf_cm.o(.bss)
    os_fifo                                  0x200008a0   Data         132  rtx_conf_cm.o(.bss)
    os_active_TCB                            0x20000924   Data          28  rtx_conf_cm.o(.bss)
    os_messageQ_q_osTimerMessageQ            0x20000940   Data          32  rtx_conf_cm.o(.bss)
    os_idle_TCB                              0x20000c80   Data          52  rt_task.o(.bss)
    os_rdy                                   0x20000cb4   Data          24  rt_list.o(.bss)
    os_dly                                   0x20000ccc   Data          24  rt_list.o(.bss)
    __libspace_start                         0x20000ce4   Data          96  libspace.o(.bss)
    __temporary_stack_top$libspace           0x20000d44   Data           0  libspace.o(.bss)



==============================================================================

Memory Map of the image

  Image Entry point : 0x080000ed

  Load Region LR_IROM1 (Base: 0x08000000, Size: 0x00002344, Max: 0x00020000, ABSOLUTE)

    Execution Region ER_IROM1 (Exec base: 0x08000000, Load base: 0x08000000, Size: 0x000022ec, Max: 0x00020000, ABSOLUTE)

    Exec Addr    Load Addr    Size         Type   Attr      Idx    E Section Name        Object

    0x08000000   0x08000000   0x000000ec   Data   RO          159    RESET               startup_stm32f10x_md.o
    0x080000ec   0x080000ec   0x00000008   Code   RO         1413  * !!!main             c_w.l(__main.o)
    0x080000f4   0x080000f4   0x00000034   Code   RO         1574    !!!scatter          c_w.l(__scatter.o)
    0x08000128   0x08000128   0x0000001a   Code   RO         1576    !!handler_copy      c_w.l(__scatter_copy.o)
    0x08000142   0x08000142   0x00000002   PAD
    0x08000144   0x08000144   0x0000001c   Code   RO         1578    !!handler_zi        c_w.l(__scatter_zi.o)
    0x08000160   0x08000160   0x00000002   Code   RO         1460    .ARM.Collect$$libinit$$00000000  c_w.l(libinit.o)
    0x08000162   0x08000162   0x00000000   Code   RO         1472    .ARM.Collect$$libinit$$00000002  c_w.l(libinit2.o)
    0x08000162   0x08000162   0x00000000   Code   RO         1474    .ARM.Collect$$libinit$$00000004  c_w.l(libinit2.o)
    0x08000162   0x08000162   0x00000000   Code   RO         1477    .ARM.Collect$$libinit$$0000000A  c_w.l(libinit2.o)
    0x08000162   0x08000162   0x00000000   Code   RO         1479    .ARM.Collect$$libinit$$0000000C  c_w.l(libinit2.o)
    0x08000162   0x08000162   0x00000000   Code   RO         1481    .ARM.Collect$$libinit$$0000000E  c_w.l(libinit2.o)
    0x08000162   0x08000162   0x00000000   Code   RO         1484    .ARM.Collect$$libinit$$00000011  c_w.l(libinit2.o)
    0x08000162   0x08000162   0x00000000   Code   RO         1486    .ARM.Collect$$libinit$$00000013  c_w.l(libinit2.o)
    0x08000162   0x08000162   0x00000000   Code   RO         1488    .ARM.Collect$$libinit$$00000015  c_w.l(libinit2.o)
    0x08000162   0x08000162   0x00000000   Code   RO         1490    .ARM.Collect$$libinit$$00000017  c_w.l(libinit2.o)
    0x08000162   0x08000162   0x00000000   Code   RO         1492    .ARM.Collect$$libinit$$00000019  c_w.l(libinit2.o)
    0x08000162   0x08000162   0x00000000   Code   RO         1494    .ARM.Collect$$libinit$$0000001B  c_w.l(libinit2.o)
    0x08000162   0x08000162   0x00000000   Code   RO         1496    .ARM.Collect$$libinit$$0000001D  c_w.l(libinit2.o)
    0x08000162   0x08000162   0x00000000   Code   RO         1498    .ARM.Collect$$libinit$$0000001F  c_w.l(libinit2.o)
    0x08000162   0x08000162   0x00000000   Code   RO         1500    .ARM.Collect$$libinit$$00000021  c_w.l(libinit2.o)
    0x08000162   0x08000162   0x00000000   Code   RO         1502    .ARM.Collect$$libinit$$00000023  c_w.l(libinit2.o)
    0x08000162   0x08000162   0x00000000   Code   RO         1504    .ARM.Collect$$libinit$$00000025  c_w.l(libinit2.o)
    0x08000162   0x08000162   0x00000000   Code   RO         1508    .ARM.Collect$$libinit$$0000002C  c_w.l(libinit2.o)
    0x08000162   0x08000162   0x00000000   Code   RO         1510    .ARM.Collect$$libinit$$0000002E  c_w.l(libinit2.o)
    0x08000162   0x08000162   0x00000000   Code   RO         1512    .ARM.Collect$$libinit$$00000030  c_w.l(libinit2.o)
    0x08000162   0x08000162   0x00000000   Code   RO         1514    .ARM.Collect$$libinit$$00000032  c_w.l(libinit2.o)
    0x08000162   0x08000162   0x00000002   Code   RO         1515    .ARM.Collect$$libinit$$00000033  c_w.l(libinit2.o)
    0x08000164   0x08000164   0x00000002   Code   RO         1461    .ARM.Collect$$libshutdown$$00000000  c_w.l(libshutdown.o)
    0x08000166   0x08000166   0x00000000   Code   RO         1517    .ARM.Collect$$libshutdown$$00000002  c_w.l(libshutdown2.o)
    0x08000166   0x08000166   0x00000000   Code   RO         1519    .ARM.Collect$$libshutdown$$00000004  c_w.l(libshutdown2.o)
    0x08000166   0x08000166   0x00000000   Code   RO         1522    .ARM.Collect$$libshutdown$$00000007  c_w.l(libshutdown2.o)
    0x08000166   0x08000166   0x00000000   Code   RO         1525    .ARM.Collect$$libshutdown$$0000000A  c_w.l(libshutdown2.o)
    0x08000166   0x08000166   0x00000000   Code   RO         1527    .ARM.Collect$$libshutdown$$0000000C  c_w.l(libshutdown2.o)
    0x08000166   0x08000166   0x00000000   Code   RO         1530    .ARM.Collect$$libshutdown$$0000000F  c_w.l(libshutdown2.o)
    0x08000166   0x08000166   0x00000002   Code   RO         1531    .ARM.Collect$$libshutdown$$00000010  c_w.l(libshutdown2.o)
    0x08000168   0x08000168   0x00000000   Code   RO         1415    .ARM.Collect$$rtentry$$00000000  c_w.l(__rtentry.o)
    0x08000168   0x08000168   0x00000000   Code   RO         1423    .ARM.Collect$$rtentry$$00000002  c_w.l(__rtentry2.o)
    0x08000168   0x08000168   0x00000006   Code   RO         1435    .ARM.Collect$$rtentry$$00000004  c_w.l(__rtentry4.o)
    0x0800016e   0x0800016e   0x00000000   Code   RO         1425    .ARM.Collect$$rtentry$$00000009  c_w.l(__rtentry2.o)
    0x0800016e   0x0800016e   0x00000004   Code   RO         1426    .ARM.Collect$$rtentry$$0000000A  c_w.l(__rtentry2.o)
    0x08000172   0x08000172   0x00000008   Code   RO         1427    .ARM.Collect$$rtentry$$0000000B  c_w.l(__rtentry2.o)
    0x0800017a   0x0800017a   0x00000008   Code   RO         1429    .ARM.Collect$$rtentry$$0000000D  c_w.l(__rtentry2.o)
    0x08000182   0x08000182   0x00000002   Code   RO         1416    .ARM.Collect$$rtexit$$00000000  c_w.l(rtexit.o)
    0x08000184   0x08000184   0x00000000   Code   RO         1438    .ARM.Collect$$rtexit$$00000002  c_w.l(rtexit2.o)
    0x08000184   0x08000184   0x00000004   Code   RO         1439    .ARM.Collect$$rtexit$$00000003  c_w.l(rtexit2.o)
    0x08000188   0x08000188   0x00000006   Code   RO         1440    .ARM.Collect$$rtexit$$00000004  c_w.l(rtexit2.o)
    0x0800018e   0x0800018e   0x00000002   PAD
    0x08000190   0x08000190   0x0000001c   Code   RO          102    .emb_text           rtx_conf_cm.o
    0x080001ac   0x080001ac   0x00000130   Code   RO         1389    .emb_text           RTX_CM3.lib(hal_cm3.o)
    0x080002dc   0x080002dc   0x00000154   Code   RO            4    .text               main.o
    0x08000430   0x08000430   0x0000011c   Code   RO           72    .text               led_mcbstm32e.o
    0x0800054c   0x0800054c   0x000000a4   Code   RO          103    .text               rtx_conf_cm.o
    0x080005f0   0x080005f0   0x000002c0   Code   RO          133    .text               gpio_stm32f10x.o
    0x080008b0   0x080008b0   0x00000040   Code   RO          160    .text               startup_stm32f10x_md.o
    0x080008f0   0x080008f0   0x000001e0   Code   RO          167    .text               system_stm32f10x.o
    0x08000ad0   0x08000ad0   0x00000008   Code   RO         1404    .text               c_w.l(libspace.o)
    0x08000ad8   0x08000ad8   0x000000ee   Code   RO         1407    .text               c_w.l(lludivv7m.o)
    0x08000bc6   0x08000bc6   0x00000012   Code   RO         1409    .text               c_w.l(exit.o)
    0x08000bd8   0x08000bd8   0x00000006   Code   RO         1411    .text               c_w.l(heapauxi.o)
    0x08000bde   0x08000bde   0x00000002   PAD
    0x08000be0   0x08000be0   0x0000000c   Code   RO         1446    .text               c_w.l(sys_exit.o)
    0x08000bec   0x08000bec   0x0000004a   Code   RO         1448    .text               c_w.l(sys_stackheap_outer.o)
    0x08000c36   0x08000c36   0x00000002   Code   RO         1462    .text               c_w.l(use_no_semi.o)
    0x08000c38   0x08000c38   0x00000000   Code   RO         1464    .text               c_w.l(indicate_semi.o)
    0x08000c38   0x08000c38   0x00000004   Code   RO         1399    SVC_TABLE           RTX_CM3.lib(svc_table.o)
    0x08000c3c   0x08000c3c   0x00000046   Code   RO         1288    i._init_box         RTX_CM3.lib(rt_membox.o)
    0x08000c82   0x08000c82   0x00000002   PAD
    0x08000c84   0x08000c84   0x00000030   Code   RO         1341    i.dbg_init          RTX_CM3.lib(hal_cm.o)
    0x08000cb4   0x08000cb4   0x00000020   Code   RO         1342    i.dbg_task_notify   RTX_CM3.lib(hal_cm.o)
    0x08000cd4   0x08000cd4   0x00000010   Code   RO         1343    i.dbg_task_switch   RTX_CM3.lib(hal_cm.o)
    0x08000ce4   0x08000ce4   0x0000002a   Code   RO          197    i.isrMessageGet     RTX_CM3.lib(rt_cmsis.o)
    0x08000d0e   0x08000d0e   0x0000002c   Code   RO          198    i.isrMessagePut     RTX_CM3.lib(rt_cmsis.o)
    0x08000d3a   0x08000d3a   0x00000024   Code   RO          200    i.isrSignalSet      RTX_CM3.lib(rt_cmsis.o)
    0x08000d5e   0x08000d5e   0x00000002   PAD
    0x08000d60   0x08000d60   0x00000028   Code   RO         1025    i.isr_evt_set       RTX_CM3.lib(rt_event.o)
    0x08000d88   0x08000d88   0x00000056   Code   RO         1143    i.isr_mbx_receive   RTX_CM3.lib(rt_mailbox.o)
    0x08000dde   0x08000dde   0x0000000e   Code   RO         1144    i.isr_mbx_send      RTX_CM3.lib(rt_mailbox.o)
    0x08000dec   0x08000dec   0x00000018   Code   RO          201    i.osDelay           RTX_CM3.lib(rt_cmsis.o)
    0x08000e04   0x08000e04   0x00000024   Code   RO          202    i.osKernelInitialize  RTX_CM3.lib(rt_cmsis.o)
    0x08000e28   0x08000e28   0x0000006c   Code   RO          204    i.osKernelStart     RTX_CM3.lib(rt_cmsis.o)
    0x08000e94   0x08000e94   0x00000018   Code   RO          213    i.osMessageGet      RTX_CM3.lib(rt_cmsis.o)
    0x08000eac   0x08000eac   0x00000018   Code   RO          228    i.osSignalSet       RTX_CM3.lib(rt_cmsis.o)
    0x08000ec4   0x08000ec4   0x00000018   Code   RO          229    i.osSignalWait      RTX_CM3.lib(rt_cmsis.o)
    0x08000edc   0x08000edc   0x0000002c   Code   RO          230    i.osThreadCreate    RTX_CM3.lib(rt_cmsis.o)
    0x08000f08   0x08000f08   0x00000018   Code   RO          231    i.osThreadExit      RTX_CM3.lib(rt_cmsis.o)
    0x08000f20   0x08000f20   0x0000000c   Code   RO          237    i.osTimerCall       RTX_CM3.lib(rt_cmsis.o)
    0x08000f2c   0x08000f2c   0x0000002c   Code   RO          238    i.osTimerCreate     RTX_CM3.lib(rt_cmsis.o)
    0x08000f58   0x08000f58   0x00000018   Code   RO          240    i.osTimerStart      RTX_CM3.lib(rt_cmsis.o)
    0x08000f70   0x08000f70   0x0000002c   Code   RO          242    i.osTimerThread     RTX_CM3.lib(rt_cmsis.o)
    0x08000f9c   0x08000f9c   0x00000028   Code   RO          935    i.os_tick_init      RTX_CM3.lib(rt_system.o)
    0x08000fc4   0x08000fc4   0x00000002   Code   RO          936    i.os_tick_irqack    RTX_CM3.lib(rt_system.o)
    0x08000fc6   0x08000fc6   0x0000001a   Code   RO         1289    i.rt_alloc_box      RTX_CM3.lib(rt_membox.o)
    0x08000fe0   0x08000fe0   0x0000003e   Code   RO         1317    i.rt_alloc_mem      RTX_CM3.lib(rt_memory.o)
    0x0800101e   0x0800101e   0x00000002   PAD
    0x08001020   0x08001020   0x00000038   Code   RO          816    i.rt_block          RTX_CM3.lib(rt_task.o)
    0x08001058   0x08001058   0x00000048   Code   RO         1266    i.rt_chk_robin      RTX_CM3.lib(rt_robin.o)
    0x080010a0   0x080010a0   0x00000070   Code   RO         1067    i.rt_dec_dly        RTX_CM3.lib(rt_list.o)
    0x08001110   0x08001110   0x00000044   Code   RO          817    i.rt_dispatch       RTX_CM3.lib(rt_task.o)
    0x08001154   0x08001154   0x00000006   Code   RO         1233    i.rt_dly_wait       RTX_CM3.lib(rt_time.o)
    0x0800115a   0x0800115a   0x00000002   PAD
    0x0800115c   0x0800115c   0x00000050   Code   RO         1028    i.rt_evt_psh        RTX_CM3.lib(rt_event.o)
    0x080011ac   0x080011ac   0x0000005c   Code   RO         1029    i.rt_evt_set        RTX_CM3.lib(rt_event.o)
    0x08001208   0x08001208   0x0000003c   Code   RO         1030    i.rt_evt_wait       RTX_CM3.lib(rt_event.o)
    0x08001244   0x08001244   0x0000002c   Code   RO         1290    i.rt_free_box       RTX_CM3.lib(rt_membox.o)
    0x08001270   0x08001270   0x00000028   Code   RO         1318    i.rt_free_mem       RTX_CM3.lib(rt_memory.o)
    0x08001298   0x08001298   0x00000028   Code   RO         1068    i.rt_get_first      RTX_CM3.lib(rt_list.o)
    0x080012c0   0x080012c0   0x00000008   Code   RO          247    i.rt_id2obj         RTX_CM3.lib(rt_cmsis.o)
    0x080012c8   0x080012c8   0x00000048   Code   RO          818    i.rt_init_context   RTX_CM3.lib(rt_task.o)
    0x08001310   0x08001310   0x0000001a   Code   RO         1319    i.rt_init_mem       RTX_CM3.lib(rt_memory.o)
    0x0800132a   0x0800132a   0x00000002   PAD
    0x0800132c   0x0800132c   0x00000018   Code   RO         1267    i.rt_init_robin     RTX_CM3.lib(rt_robin.o)
    0x08001344   0x08001344   0x00000080   Code   RO         1344    i.rt_init_stack     RTX_CM3.lib(hal_cm.o)
    0x080013c4   0x080013c4   0x00000008   Code   RO         1145    i.rt_mbx_check      RTX_CM3.lib(rt_mailbox.o)
    0x080013cc   0x080013cc   0x0000001a   Code   RO         1146    i.rt_mbx_init       RTX_CM3.lib(rt_mailbox.o)
    0x080013e6   0x080013e6   0x00000002   PAD
    0x080013e8   0x080013e8   0x000000f0   Code   RO         1147    i.rt_mbx_psh        RTX_CM3.lib(rt_mailbox.o)
    0x080014d8   0x080014d8   0x000000b4   Code   RO         1149    i.rt_mbx_wait       RTX_CM3.lib(rt_mailbox.o)
    0x0800158c   0x0800158c   0x00000044   Code   RO          248    i.rt_ms2tick        RTX_CM3.lib(rt_cmsis.o)
    0x080015d0   0x080015d0   0x00000010   Code   RO          901    i.rt_mut_init       RTX_CM3.lib(rt_mutex.o)
    0x080015e0   0x080015e0   0x000000d8   Code   RO          902    i.rt_mut_release    RTX_CM3.lib(rt_mutex.o)
    0x080016b8   0x080016b8   0x00000078   Code   RO          903    i.rt_mut_wait       RTX_CM3.lib(rt_mutex.o)
    0x08001730   0x08001730   0x0000007c   Code   RO          939    i.rt_pop_req        RTX_CM3.lib(rt_system.o)
    0x080017ac   0x080017ac   0x00000020   Code   RO          940    i.rt_psh_req        RTX_CM3.lib(rt_system.o)
    0x080017cc   0x080017cc   0x0000005c   Code   RO         1070    i.rt_psq_enq        RTX_CM3.lib(rt_list.o)
    0x08001828   0x08001828   0x00000048   Code   RO         1071    i.rt_put_dly        RTX_CM3.lib(rt_list.o)
    0x08001870   0x08001870   0x00000036   Code   RO         1072    i.rt_put_prio       RTX_CM3.lib(rt_list.o)
    0x080018a6   0x080018a6   0x00000002   PAD
    0x080018a8   0x080018a8   0x00000014   Code   RO         1073    i.rt_put_rdy_first  RTX_CM3.lib(rt_list.o)
    0x080018bc   0x080018bc   0x00000034   Code   RO         1074    i.rt_resort_prio    RTX_CM3.lib(rt_list.o)
    0x080018f0   0x080018f0   0x00000006   Code   RO         1345    i.rt_ret_val        RTX_CM3.lib(hal_cm.o)
    0x080018f6   0x080018f6   0x00000008   Code   RO         1346    i.rt_ret_val2       RTX_CM3.lib(hal_cm.o)
    0x080018fe   0x080018fe   0x00000028   Code   RO         1075    i.rt_rmv_dly        RTX_CM3.lib(rt_list.o)
    0x08001926   0x08001926   0x00000002   PAD
    0x08001928   0x08001928   0x00000030   Code   RO         1076    i.rt_rmv_list       RTX_CM3.lib(rt_list.o)
    0x08001958   0x08001958   0x00000034   Code   RO         1194    i.rt_sem_psh        RTX_CM3.lib(rt_semaphore.o)
    0x0800198c   0x0800198c   0x00000024   Code   RO          942    i.rt_stk_check      RTX_CM3.lib(rt_system.o)
    0x080019b0   0x080019b0   0x00000028   Code   RO          819    i.rt_switch_req     RTX_CM3.lib(rt_task.o)
    0x080019d8   0x080019d8   0x000000cc   Code   RO          820    i.rt_sys_init       RTX_CM3.lib(rt_task.o)
    0x08001aa4   0x08001aa4   0x00000078   Code   RO          821    i.rt_sys_start      RTX_CM3.lib(rt_task.o)
    0x08001b1c   0x08001b1c   0x00000040   Code   RO          944    i.rt_systick        RTX_CM3.lib(rt_system.o)
    0x08001b5c   0x08001b5c   0x00000012   Code   RO          249    i.rt_tid2ptcb       RTX_CM3.lib(rt_cmsis.o)
    0x08001b6e   0x08001b6e   0x00000002   PAD
    0x08001b70   0x08001b70   0x00000034   Code   RO          250    i.rt_timer_insert   RTX_CM3.lib(rt_cmsis.o)
    0x08001ba4   0x08001ba4   0x0000003c   Code   RO          251    i.rt_timer_remove   RTX_CM3.lib(rt_cmsis.o)
    0x08001be0   0x08001be0   0x00000088   Code   RO          822    i.rt_tsk_create     RTX_CM3.lib(rt_task.o)
    0x08001c68   0x08001c68   0x0000017c   Code   RO          823    i.rt_tsk_delete     RTX_CM3.lib(rt_task.o)
    0x08001de4   0x08001de4   0x0000007c   Code   RO          825    i.rt_tsk_prio       RTX_CM3.lib(rt_task.o)
    0x08001e60   0x08001e60   0x00000010   Code   RO          826    i.rt_tsk_self       RTX_CM3.lib(rt_task.o)
    0x08001e70   0x08001e70   0x00000012   Code   RO          252    i.svcDelay          RTX_CM3.lib(rt_cmsis.o)
    0x08001e82   0x08001e82   0x00000002   PAD
    0x08001e84   0x08001e84   0x00000070   Code   RO          253    i.svcKernelInitialize  RTX_CM3.lib(rt_cmsis.o)
    0x08001ef4   0x08001ef4   0x00000048   Code   RO          255    i.svcKernelStart    RTX_CM3.lib(rt_cmsis.o)
    0x08001f3c   0x08001f3c   0x00000024   Code   RO          258    i.svcMessageCreate  RTX_CM3.lib(rt_cmsis.o)
    0x08001f60   0x08001f60   0x0000003a   Code   RO          259    i.svcMessageGet     RTX_CM3.lib(rt_cmsis.o)
    0x08001f9a   0x08001f9a   0x00000024   Code   RO          271    i.svcSignalSet      RTX_CM3.lib(rt_cmsis.o)
    0x08001fbe   0x08001fbe   0x00000002   PAD
    0x08001fc0   0x08001fc0   0x00000054   Code   RO          272    i.svcSignalWait     RTX_CM3.lib(rt_cmsis.o)
    0x08002014   0x08002014   0x0000006c   Code   RO          273    i.svcThreadCreate   RTX_CM3.lib(rt_cmsis.o)
    0x08002080   0x08002080   0x0000001c   Code   RO          274    i.svcThreadGetId    RTX_CM3.lib(rt_cmsis.o)
    0x0800209c   0x0800209c   0x00000038   Code   RO          277    i.svcThreadTerminate  RTX_CM3.lib(rt_cmsis.o)
    0x080020d4   0x080020d4   0x00000018   Code   RO          279    i.svcTimerCall      RTX_CM3.lib(rt_cmsis.o)
    0x080020ec   0x080020ec   0x00000038   Code   RO          280    i.svcTimerCreate    RTX_CM3.lib(rt_cmsis.o)
    0x08002124   0x08002124   0x00000064   Code   RO          282    i.svcTimerStart     RTX_CM3.lib(rt_cmsis.o)
    0x08002188   0x08002188   0x0000005c   Code   RO          288    i.sysTimerTick      RTX_CM3.lib(rt_cmsis.o)
    0x080021e4   0x080021e4   0x00000040   Data   RO            6    .constdata          main.o
    0x08002224   0x08002224   0x00000040   Data   RO           73    .constdata          led_mcbstm32e.o
    0x08002264   0x08002264   0x00000068   Data   RO          105    .constdata          rtx_conf_cm.o
    0x080022cc   0x080022cc   0x00000020   Data   RO         1572    Region$$Table       anon$$obj.o


    Execution Region RW_IRAM1 (Exec base: 0x20000000, Load base: 0x080022ec, Size: 0x00001348, Max: 0x00005000, ABSOLUTE)

    Exec Addr    Load Addr    Size         Type   Attr      Idx    E Section Name        Object

    0x20000000   0x080022ec   0x00000008   Data   RW            7    .data               main.o
    0x20000008   0x080022f4   0x00000014   Data   RW          106    .data               rtx_conf_cm.o
    0x2000001c   0x08002308   0x00000014   Data   RW          168    .data               system_stm32f10x.o
    0x20000030   0x0800231c   0x00000008   Data   RW          291    .data               RTX_CM3.lib(rt_cmsis.o)
    0x20000038   0x08002324   0x00000008   Data   RW          828    .data               RTX_CM3.lib(rt_task.o)
    0x20000040   0x0800232c   0x00000008   Data   RW          947    .data               RTX_CM3.lib(rt_system.o)
    0x20000048   0x08002334   0x00000004   Data   RW         1237    .data               RTX_CM3.lib(rt_time.o)
    0x2000004c   0x08002338   0x00000008   Data   RW         1268    .data               RTX_CM3.lib(rt_robin.o)
    0x20000054   0x08002340   0x00000001   Data   RW         1347    .data               RTX_CM3.lib(hal_cm.o)
    0x20000055   0x08002341   0x00000003   PAD
    0x20000058        -       0x00000060   Zero   RW            5    .bss                main.o
    0x200000b8        -       0x00000bc8   Zero   RW          104    .bss                rtx_conf_cm.o
    0x20000c80        -       0x00000034   Zero   RW          827    .bss                RTX_CM3.lib(rt_task.o)
    0x20000cb4        -       0x00000030   Zero   RW         1077    .bss                RTX_CM3.lib(rt_list.o)
    0x20000ce4        -       0x00000060   Zero   RW         1405    .bss                c_w.l(libspace.o)
    0x20000d44   0x08002341   0x00000004   PAD
    0x20000d48        -       0x00000200   Zero   RW          158    HEAP                startup_stm32f10x_md.o
    0x20000f48        -       0x00000400   Zero   RW          157    STACK               startup_stm32f10x_md.o


==============================================================================

Image component sizes


      Code (inc. data)   RO Data    RW Data    ZI Data      Debug   Object Name

       704         36          0          0          0       5171   gpio_stm32f10x.o
       284          4         64          0          0       5747   led_mcbstm32e.o
       340         36         64          8         96     213042   main.o
       192         34        104         20       3016       8889   rtx_conf_cm.o
        64         26        236          0       1536        860   startup_stm32f10x_md.o
       480         38          0         20          0       2007   system_stm32f10x.o

    ----------------------------------------------------------------------
      2064        174        500         48       4648     235716   Object Totals
         0          0         32          0          0          0   (incl. Generated)
         0          0          0          0          0          0   (incl. Padding)

    ----------------------------------------------------------------------

      Code (inc. data)   RO Data    RW Data    ZI Data      Debug   Library Member Name

       238         24          0          1          0       3312   hal_cm.o
       304         36          0          0          0        768   hal_cm3.o
      1640        186          0          8          0      39678   rt_cmsis.o
       272         18          0          0          0       2650   rt_event.o
       530         34          0          0         48       8253   rt_list.o
       554         10          0          0          0       3949   rt_mailbox.o
       140          0          0          0          0       1925   rt_membox.o
       128          0          0          0          0       2307   rt_memory.o
       352         14          0          0          0       2105   rt_mutex.o
        96         22          0          8          0       1158   rt_robin.o
        52          4          0          0          0        573   rt_semaphore.o
       298         52          0          8          0       6223   rt_system.o
      1216        174          0          8         52       9649   rt_task.o
         6          0          0          4          0        652   rt_time.o
         4          4          0          0          0        208   svc_table.o
         8          0          0          0          0         68   __main.o
         0          0          0          0          0          0   __rtentry.o
        20          0          0          0          0          0   __rtentry2.o
         6          0          0          0          0          0   __rtentry4.o
        52          8          0          0          0          0   __scatter.o
        26          0          0          0          0          0   __scatter_copy.o
        28          0          0          0          0          0   __scatter_zi.o
        18          0          0          0          0         80   exit.o
         6          0          0          0          0        152   heapauxi.o
         0          0          0          0          0          0   indicate_semi.o
         2          0          0          0          0          0   libinit.o
         2          0          0          0          0          0   libinit2.o
         2          0          0          0          0          0   libshutdown.o
         2          0          0          0          0          0   libshutdown2.o
         8          4          0          0         96         68   libspace.o
       238          0          0          0          0        100   lludivv7m.o
         2          0          0          0          0          0   rtexit.o
        10          0          0          0          0          0   rtexit2.o
        12          4          0          0          0         68   sys_exit.o
        74          0          0          0          0         80   sys_stackheap_outer.o
         2          0          0          0          0         68   use_no_semi.o

    ----------------------------------------------------------------------
      6376        594          0         40        200      84094   Library Totals
        28          0          0          3          4          0   (incl. Padding)

    ----------------------------------------------------------------------

      Code (inc. data)   RO Data    RW Data    ZI Data      Debug   Library Name

      5830        578          0         37        100      83410   RTX_CM3.lib
       518         16          0          0         96        684   c_w.l

    ----------------------------------------------------------------------
      6376        594          0         40        200      84094   Library Totals

    ----------------------------------------------------------------------

==============================================================================


      Code (inc. data)   RO Data    RW Data    ZI Data      Debug   

      8440        768        500         88       4848     314866   Grand Totals
      8440        768        500         88       4848     314866   ELF Image Totals
      8440        768        500         88          0          0   ROM Totals

==============================================================================

    Total RO  Size (Code + RO Data)                 8940 (   8.73kB)
    Total RW  Size (RW Data + ZI Data)              4936 (   4.82kB)
    Total ROM Size (Code + RO Data + RW Data)       9028 (   8.82kB)

==============================================================================

